02-20 16:46:15.894  1051  3134 D ultrasound_extn: dump_usecase_list: end ======================================
02-20 16:46:15.894  1051  3134 D audio_hw_primary: select_devices: done
02-20 16:46:15.902  2568  2573 W droid.bluetooth: Reducing the number of considered missed Gc histogram windows from 1110 to 100
02-20 16:46:15.914  8316  8316 W Choreographer: Frame time is 0.009812 ms in the future!  Check that graphics HAL is generating vsync timestamps using the correct timebase.
02-20 16:46:15.920     0     0 I adm_open: port 0xb037 path:2 rate:48000 mode:2 perf_mode:0,topo_id 0x10000009 bit_width 16 app_type 69938 acdb_id 4
02-20 16:46:15.932  1051  3134 D audio_hw_primary: check_and_set_karaok_parameters: is karaok rx device 0, is karaok tx device 0
02-20 16:46:15.932  1051  3134 D audio_hw_primary: check_and_set_karaok_parameters: is karaok rx device 0, is karaok tx device 0
02-20 16:46:15.932  1051  3134 D audio_hw_primary: start_input_stream: exit
02-20 16:46:16.025  1074 30687 E WifiHAL : wifi_get_cached_scan_results: Wifi Cached Scan Result not supported by driver
02-20 16:46:16.025  1707  2215 E WifiStaIfaceAidlImpl: getCachedScanData failed with service-specific exception: android.os.ServiceSpecificException:  (code 4)
02-20 16:46:16.439     0     0 I QG-K    : qg_battery_soc_smooth_tracking: soc:100, last_soc:100, raw_soc:100, soc_changed:1, update_now:0, charge_status:4, batt_ma:107
02-20 16:46:16.439     0     0 E QG-K    : soc_monitor_work: soc:100, raw_soc:100, c:107, s:4
02-20 16:46:19.043  1074 30687 E WifiHAL : wifi_get_cached_scan_results: Wifi Cached Scan Result not supported by driver
02-20 16:46:19.043  1707  2215 E WifiStaIfaceAidlImpl: getCachedScanData failed with service-specific exception: android.os.ServiceSpecificException:  (code 4)
02-20 16:46:19.313  1051  1075 D audio_hw_primary: in_standby: enter: stream (0xf272da00) usecase(23: audio-record)
02-20 16:46:19.316     0     0 I event_handler: reclaimed all bufs
02-20 16:46:19.336  1051  1075 D audio_hw_primary: disable_audio_route: reset and update mixer path: audio-record
02-20 16:46:19.339  1051  1075 D soundtrigger: audio HAL using same device 210 as ST
02-20 16:46:19.339  1051  1075 D soundtrigger: audio_extn_sound_trigger_update_stream_status: uc_info->id 23 of type 1 for Event 2, with Raise=1
02-20 16:46:19.339  1051  1075 D soundtrigger: audio_extn_sound_trigger_update_stream_status: send event 12: usecase id 23, type 1
02-20 16:46:19.339  1051  1075 D hardware_info: hw_info_append_hw_type : device_name = voice-rec-mic
02-20 16:46:19.339  1051  1075 D audio_hw_primary: disable_snd_device: snd_device(210: voice-rec-mic)
02-20 16:46:19.339  1051  1075 E msm8974_platform: platform_get_snd_device_backend_tag: Invalid backend for device = 210
02-20 16:46:19.339  1051  1075 D msm8974_platform: platform_split_snd_device: snd_device(210) num devices(0) new_snd_devices(0)
02-20 16:46:19.339  1051  1075 W audio_hw_awinic_feedback: is_supported_feedback_on_device [Awinic] 210
02-20 16:46:19.339  1051  1075 W audio_hw_awinic_feedback: is_supported_feedback_on_device [Awinic] 210 ret:0 
02-20 16:46:19.355  1051  1075 D soundtrigger: audio HAL using same device 210 as ST
02-20 16:46:19.355  1051  1075 I soundtrigger: audio_extn_sound_trigger_update_device_status: device 0xd2 of type 1 for Event 0, with Raise=0
02-20 16:46:19.358  1051  6228 D audio_hw_primary: adev_release_audio_patch: Remove patch with handle 59
02-20 16:46:19.358  1051  6228 D audio_hw_primary: route_input_stream: exit: status(0)
02-20 16:46:19.360  1136  6231 D NativePermissionController: checkPermission: missing 13 for 10226
02-20 16:46:19.361  1136  1278 D NativePermissionController: checkPermission: missing 13 for 10296
02-20 16:46:19.362  1136  2240 D NativePermissionController: checkPermission: missing 13 for 10226
02-20 16:46:19.362  1136  2150 D NativePermissionController: checkPermission: missing 13 for 10296
02-20 16:46:19.367  1051  6228 D audio_hw_primary: adev_close_input_stream: enter:stream_handle(0xf272da00)
02-20 16:46:19.367  1051  6228 D audio_hw_primary: io_streams_map_remove: Removed stream with handle 478
02-20 16:46:19.367  1051  6228 D soundtrigger: audio_extn_sound_trigger_check_ec_ref_enable: EC Reference is disabled
02-20 16:46:19.367  1051  6228 D soundtrigger: audio_extn_sound_trigger_update_ec_ref_status: update audio echo ref status false
02-20 16:46:19.367  1051  6228 D audio_hw_primary: in_standby: enter: stream (0xf272da00) usecase(23: audio-record)
02-20 16:46:19.369  1136  4167 D NativePermissionController: checkPermission: missing 13 for 10296
02-20 16:46:19.369  1136  2240 D NativePermissionController: checkPermission: missing 13 for 10226
02-20 16:46:19.371  1136  4167 D NativePermissionController: checkPermission: missing 13 for 10296
02-20 16:46:19.371  1136  2240 D NativePermissionController: checkPermission: missing 13 for 10226
02-20 16:46:19.372  1136  2150 D NativePermissionController: checkPermission: missing 13 for 10226
02-20 16:46:19.373  1136  2150 D NativePermissionController: checkPermission: missing 13 for 10226
02-20 16:46:19.375  1136  2150 D NativePermissionController: checkPermission: missing 13 for 10226
02-20 16:46:19.376  1136  6231 D NativePermissionController: checkPermission: missing 13 for 10226
02-20 16:46:19.377  1136  2240 D NativePermissionController: checkPermission: missing 13 for 10296
02-20 16:46:19.378  1136  2240 D NativePermissionController: checkPermission: missing 13 for 10296
02-20 16:46:19.381  1136  6231 D NativePermissionController: checkPermission: missing 13 for 10296
02-20 16:46:19.381  1136  6231 D NativePermissionController: checkPermission: missing 13 for 10296
02-20 16:46:19.442  1261  1261 I SpeechTranslation: VAD merged segments=[(0,52736)]
02-20 16:46:19.442  1261  1261 I SpeechTranslation: VAD final segment count=1
02-20 16:46:19.442  1261  1261 I SpeechTranslation: Whisper load start
02-20 16:46:19.473  1136  2150 D NativePermissionController: checkPermission: missing 13 for 10226
02-20 16:46:19.473  1136  2150 D NativePermissionController: checkPermission: missing 13 for 10226
02-20 16:46:19.476  1136  2150 D NativePermissionController: checkPermission: missing 13 for 10226
02-20 16:46:19.476  1136  2150 D NativePermissionController: checkPermission: missing 13 for 10226
02-20 16:46:19.477  1136  2150 D NativePermissionController: checkPermission: missing 13 for 10296
02-20 16:46:19.478  1136  2150 D NativePermissionController: checkPermission: missing 13 for 10296
02-20 16:46:19.480  1136  2150 D NativePermissionController: checkPermission: missing 13 for 10296
02-20 16:46:19.480  1136  2150 D NativePermissionController: checkPermission: missing 13 for 10296
02-20 16:46:19.593  1261  1261 I SpeechTranslation: Whisper infer start
02-20 16:46:21.339     0     0 E         : [GTP-ERR][goodix_power_supply_work:2164] unsupport charger state 4
02-20 16:46:21.339     0     0 I QG-K    : qg_status_change_work: charge_status=4 charge_done=1
02-20 16:46:21.339     0     0 I         : fv calibrate = 0, fv = 4450000
02-20 16:46:21.339     0     0 I pm6150_charger: smblib_set_charge_param: float voltage = 4450000 (0x55)
02-20 16:46:21.350     0     0 I pm6150_charger: smblib_process_thermal_readings: Current temperatures: 	DIE_TEMP: 401,	CONN_TEMP: -400,	SMB_TEMP: -61,	SKIN_TEMP: -61
02-20 16:46:21.350     0     0 I THERMAL_STATUS: 5
02-20 16:46:21.351     0     0 E QCOM-STEPCHG: handle_jeita: BATT_TEMP = 336 FCC = 6000000uA FV = 4470000uV
02-20 16:46:21.355  1261  1261 I SpeechTranslation: Whisper infer done text=[BLANK_AUDIO]
02-20 16:46:21.355     0     0 I QG-K    : qg_charge_full_update: msoc=100 health=1 charge_full=1 charge_done=1 charge_status=4
02-20 16:46:21.366  2619  2619 D QtiCarrierConfigHelper: WARNING, no carrier configs on phone Id: 0
02-20 16:46:21.366  2619  2619 D QtiCarrierConfigHelper: WARNING, no carrier configs on phone Id: 1
02-20 16:46:21.382  1261  1261 I SpeechTranslation: Whisper context freed
02-20 16:46:21.538  1261  1261 I SpeechTranslation: NLLB tokens_in=10 tokens_out=5 max_new_tokens=15 time=0.16s
02-20 16:46:21.539  1261  1261 W AudioTrack: restartIfDisabled(186): releaseBuffer() track 0xb40000750a09f400 disabled due to previous underrun, restarting
02-20 16:46:21.539  1136  2150 W AudioFlinger: moveEffectChain_ll: effect chain for session 0 not on source thread 0xb40000718495ae70
02-20 16:46:21.541  1136  2150 W AppOpsSession: Redundant beginDeliveryRequest ignored
02-20 16:46:21.541  1136  2150 W AppOpsSession: Redundant beginDeliveryRequest ignored
02-20 16:46:21.542  1136  2150 D NativePermissionController: checkPermission: missing 13 for 10326
02-20 16:46:21.542  1136  2150 D NativePermissionController: checkPermission: missing 13 for 10326
02-20 16:46:21.543  1051 24774 D audio_hw_primary: start_output_stream: enter: stream(0xf33d9000)usecase(0: deep-buffer-playback) devices(0x2) is_haptic_usecase(0)
02-20 16:46:21.543  1051 24774 D audio_hw_primary: select_devices for use case (deep-buffer-playback)
02-20 16:46:21.543  1051 24774 D msm8974_platform: platform_get_output_snd_device: enter: output devices(0x2), enable_voicerx 0
02-20 16:46:21.543  1051 24774 D audio_hw_primary: select_devices: out_snd_device(2: speaker) in_snd_device(0: )
02-20 16:46:21.543  1051 24774 D ultrasound_extn: ultrasound_select_devices_pre ultrasound_enabled:0 usecase(deep-buffer-playback), devices:2 in_snd_device(0, ), out_snd_device(2, speaker)
02-20 16:46:21.543  1051 24774 D ultrasound_extn: dump_usecase_list: start ======================================
02-20 16:46:21.543  1051 24774 D ultrasound_extn: dump_usecase_list: enter state: 0[init] suspended: 0 stop_reprot: 0 cnt: 0 pre_cnt 0
02-20 16:46:21.543  1051 24774 D ultrasound_extn: dump_usecase_list: select_devices_pre usecase[#0]:(0, deep-buffer-playback) in_dev:(0, ) out_dv:(0, )
02-20 16:46:21.543  1051 24774 D ultrasound_extn: dump_usecase_list: end ======================================
02-20 16:46:21.543  1051 24774 I msm8974_platform: platform_check_and_set_codec_backend_cfg:becf: afe: bitwidth 16, samplerate 48000 channels 2, backend_idx 4 usecase = 0 device (speaker)
02-20 16:46:21.543  1051 24774 D msm8974_platform: platform_split_snd_device: snd_device(2) num devices(1) new_snd_devices(0)
02-20 16:46:21.543  1051 24774 I msm8974_platform: platform_check_and_set_codec_backend_cfg: new_snd_devices[0] is 2
02-20 16:46:21.543  1051 24774 I msm8974_platform: platform_check_codec_backend_cfg:becf: afe: bitwidth 16, samplerate 48000 channels 2, backend_idx 4 usecase = 0 device (speaker)
02-20 16:46:21.544     0     0 E mius_system_configuration_param_get: reg: 0 shift: 34
02-20 16:46:21.544  1051 24774 D audio_hw_extn: audio_extn_enable_hifi_filter: mixer_value set 0
02-20 16:46:21.544  1051 24774 D msm8974_platform: platform_check_codec_backend_cfg:becf: updated afe: bitwidth 16, samplerate 48000 channels 2,backend_idx 4 usecase = 0 device (speaker)
02-20 16:46:21.544  1051 24774 D msm8974_platform: platform_check_codec_backend_cfg:becf: afe: restrict playback on handset and speaker to Sample Rate(96k)
02-20 16:46:21.544  1051 24774 D ultrasound_extn: ultrasound_check_and_set_codec_backend_cfg check use case (deep-buffer-playback), snd_device(2, speaker)
02-20 16:46:21.544  1051 24774 D ultrasound_extn: ultrasound_check_and_set_codec_backend_cfg  do not change BE setting for speaker
02-20 16:46:21.544  1051 24774 I msm8974_platform: platform_check_codec_backend_cfg:becf: afe: Codec selected backend: 4 updated bit width: 24 and sample rate: 96000
02-20 16:46:21.544  1051 24774 D audio_hw_primary: check_usecases_codec_backend:becf: force routing 0
02-20 16:46:21.544  1051 24774 E msm8974_platform: platform_check_backends_match: Invalid snd_device = 
02-20 16:46:21.544  1051 24774 D audio_hw_primary: check_usecases_codec_backend:becf: (100) check_usecases curr device: speaker, usecase device: backends match 0
02-20 16:46:21.544  1051 24774 D audio_hw_primary: @@: usecase[0xf21b42d0]=deep-buffer-playback, devices=0x2, uc_info[0xf21b42d0]=deep-buffer-playback
02-20 16:46:21.544  1051 24774 D audio_hw_primary: check_usecases_codec_backend:becf: check_usecases num.of Usecases to switch 0
02-20 16:46:21.544  1051 24774 D hardware_info: hw_info_append_hw_type : device_name = speaker
02-20 16:46:21.544  1051 24774 D ultrasound_extn: ultrasound_extn_get_mode_for_usecase: adsp device mode 2
02-20 16:46:21.544  1051 24774 D ultrasound_extn: ultrasound_extn_set_mode: enter: mode 2
02-20 16:46:21.544  1051 24774 I ultrasound_extn: ultrasound_set_mode_mius: Set Ultrasound Value 2
02-20 16:46:21.545  1051 24774 D msm8974_platform: platform_split_snd_device: snd_device(2) num devices(0) new_snd_devices(0)
02-20 16:46:21.545  1051 24774 D audio_hw_primary: enable_snd_device: snd_device(2: speaker)
02-20 16:46:21.545  1051 24774 D msm8974_platform: platform_get_island_cfg_on_device:island cfg status on snd_device = (speaker 0)
02-20 16:46:21.545  1051 24774 I soundtrigger: audio_extn_sound_trigger_update_device_status: device 0x2 of type 0 for Event 1, with Raise=0
02-20 16:46:21.545  1051 24774 D audio_route: Apply path: speaker
02-20 16:46:21.546  1136  2150 D NativePermissionController: checkPermission: missing 13 for 10326
02-20 16:46:21.546  1136  2150 D NativePermissionController: checkPermission: missing 13 for 10326
02-20 16:46:21.546  1051 24774 E audio_hw_awinic_feedback: audio_extn_aw882xx_start_feedback: [Ainic] Entry
02-20 16:46:21.546  1051 24774 W audio_hw_awinic_feedback: is_supported_feedback_on_device [Awinic] 2
02-20 16:46:21.546  1051 24774 W audio_hw_awinic_feedback: is_supported_feedback_on_device [Awinic] 2 ret:1 
02-20 16:46:21.546  1051 24774 D hardware_info: hw_info_append_hw_type : device_name = vi-feedback
02-20 16:46:21.546  1051 24774 E msm8974_platform: platform_get_snd_device_backend_tag: Invalid backend for device = 234
02-20 16:46:21.546  1051 24774 D msm8974_platform: platform_split_snd_device: snd_device(234) num devices(0) new_snd_devices(0)
02-20 16:46:21.546  1051 24774 D audio_hw_primary: enable_snd_device: snd_device(234: vi-feedback)
02-20 16:46:21.547  1051 24774 D msm8974_platform: platform_get_island_cfg_on_device:island cfg status on snd_device = (vi-feedback 0)
02-20 16:46:21.547  1051 24774 I soundtrigger: audio_extn_sound_trigger_update_device_status: device 0xea of type 1 for Event 1, with Raise=0
02-20 16:46:21.547  1051 24774 D audio_route: Apply path: vi-feedback
02-20 16:46:21.547  1051 24774 E audio_hw_awinic_feedback: audio_extn_aw882xx_start_feedback: [Ainic] Entry
02-20 16:46:21.547  1051 24774 W audio_hw_awinic_feedback: is_supported_feedback_on_device [Awinic] 234
02-20 16:46:21.547  1051 24774 W audio_hw_awinic_feedback: is_supported_feedback_on_device [Awinic] 234 ret:0 
02-20 16:46:21.547  1051 24774 D soundtrigger: audio_extn_sound_trigger_update_stream_status: uc_info->id 53 of type 1 for Event 3, with Raise=0
02-20 16:46:21.547  1051 24774 D audio_hw_utils: audio_extn_utils_send_app_type_cfg: usecase->in_snd_device vi-feedback
02-20 16:46:21.547  1051 24774 E voice   : voice_is_in_call_rec_stream: input stream is NULL
02-20 16:46:21.547  1051 24774 D msm8974_platform: platform_split_snd_device: snd_device(234) num devices(0) new_snd_devices(0)
02-20 16:46:21.547  1051 24774 E audio_hw_utils: send_app_type_cfg_for_device: Could not get ctl for mixer cmd - Audio Stream Capture 38 App Type Cfg
02-20 16:46:21.547  1051 24774 D msm8974_platform: platform_split_snd_device: snd_device(234) num devices(1) new_snd_devices(0)
02-20 16:46:21.547  1051 24774 D ACDB-LOADER: ACDB -> send_audio_cal, acdb_id = 102, path = 1, app id = 0x11132, sample rate = 48000, afe_sample_rate = 48000
02-20 16:46:21.547  1051 24774 D ACDB-LOADER: ACDB -> send_asm_topology
02-20 16:46:21.547  1051 24774 D ACDB-LOADER: ACDB -> ACDB_CMD_GET_AUDPROC_STREAM_TOPOLOGY_ID
02-20 16:46:21.547  1051 24774 D ACDB-LOADER: ACDB -> send_adm_topology
02-20 16:46:21.547  1051 24774 D ACDB-LOADER: ACDB -> ACDB_CMD_GET_AUDPROC_COMMON_TOPOLOGY_ID
02-20 16:46:21.547  1051 24774 D ACDB-LOADER: ACDB -> send_audtable
02-20 16:46:21.547  1051 24774 D ACDB-LOADER: ACDB -> ACDB_CMD_GET_AUDPROC_INSTANCE_COMMON_TABLE_SIZE
02-20 16:46:21.547  1051 24774 D ACDB-LOADER: ACDB -> ACDB_CMD_GET_AUDPROC_INSTANCE_COMMON_TABLE
02-20 16:46:21.547  1051 24774 D ACDB-LOADER: ACDB -> AUDIO_SET_AUDPROC_CAL cal_type[11] acdb_id[102] app_type[69938]
02-20 16:46:21.547  1051 24774 D ACDB-LOADER: ACDB -> ACDB_CMD_GET_AUDPROC_INSTANCE_STREAM_TABLE_SIZE
02-20 16:46:21.547  1051 24774 D ACDB-LOADER: ACDB -> send_audstrmtable
02-20 16:46:21.547  1051 24774 D ACDB-LOADER: ACDB -> ACDB_CMD_GET_AUDPROC_INSTANCE_STREAM_TABLE
02-20 16:46:21.547  1051 24774 D ACDB-LOADER: ACDB -> audstrm_cal->cal_type.cal_data.cal_size = 20
02-20 16:46:21.547  1051 24774 D ACDB-LOADER: ACDB -> send_afe_topology
02-20 16:46:21.547  1051 24774 D ACDB-LOADER: ACDB -> ACDB_CMD_GET_AFE_TOPOLOGY_ID
02-20 16:46:21.547  1051 24774 D ACDB-LOADER: ACDB -> GET_AFE_TOPOLOGY_ID for adcd_id 102, Topology Id 1000ff01
02-20 16:46:21.547  1051 24774 D ACDB-LOADER: ACDB -> send_afe_cal
02-20 16:46:21.547  1051 24774 D ACDB-LOADER: ACDB -> ACDB_CMD_GET_AFE_INSTANCE_COMMON_TABLE_SIZE
02-20 16:46:21.547  1051 24774 D ACDB-LOADER: ACDB -> ACDB_CMD_GET_AFE_INSTANCE_COMMON_TABLE
02-20 16:46:21.547  1051 24774 D ACDB-LOADER: ACDB -> AUDIO_SET_AFE_CAL cal_type[17] acdb_id[102]
02-20 16:46:21.547  1051 24774 D ACDB-LOADER: ACDB -> send_hw_delay : acdb_id = 102 path = 1
02-20 16:46:21.547  1051 24774 D ACDB-LOADER: ACDB -> ACDB_AVSYNC_INFO: ACDB_CMD_GET_DEVICE_PROPERTY
02-20 16:46:21.547  1051 24774 D audio_hw_primary: enable_audio_route: apply mixer and update path: spkr-vi-record
02-20 16:46:21.547  1051 24774 D audio_route: Apply path: spkr-vi-record
02-20 16:46:21.548  1051 24774 D audio_hw_awinic_feedback: audio_extn_aw882xx_start_feedback:[Awinic] the pcm id uc_info->id = 53, tx_pcm_id = 38
02-20 16:46:21.553     0     0 E afe_get_cal_hw_delay: Unable to find delay for sample rate 96000
02-20 16:46:21.564  1051 24774 D ultrasound_extn: ultrasound_extn_set_mode_post: enter: suspend 0
02-20 16:46:21.564  1051 24774 I audio_hw_utils: audio_extn_utils_update_stream_output_app_type_cfg Allowing 24 and above bits playback on speaker ONLY at default sampling rate
02-20 16:46:21.564  1051 24774 D audio_hw_primary: audio_is_true_native_stream_active:napb: (0) (deep-buffer-playback)id (0) sr 48000 bw (16) device speaker
02-20 16:46:21.564  1051 24774 E soundtrigger: audio_extn_sound_trigger_update_stream_status: invalid input device 0x0, for event 3
02-20 16:46:21.564  1051 24774 D soundtrigger: audio_extn_sound_trigger_update_stream_status: uc_info->id 0 of type 0 for Event 3, with Raise=1
02-20 16:46:21.564  1051 24774 D audio_hw_utils: audio_extn_utils_send_app_type_cfg: usecase->out_snd_device speaker
02-20 16:46:21.564  1051 24774 D msm8974_platform: platform_split_snd_device: snd_device(2) num devices(0) new_snd_devices(0)
02-20 16:46:21.564  1051 24774 D audio_hw_utils: audio_extn_btsco_get_sample_rate:Not a BT SCO device, need not update sampling rate
02-20 16:46:21.564  1051 24774 I audio_hw_utils: send_app_type_cfg_for_device: change app type from 69936 to 69940
02-20 16:46:21.564  1051 24774 I audio_hw_utils: send_app_type_cfg_for_device PLAYBACK app_type 69940, acdb_dev_id 10011, sample_rate 48000, snd_device_be_idx 43
02-20 16:46:21.565  1051 24774 D msm8974_platform: platform_split_snd_device: snd_device(2) num devices(1) new_snd_devices(0)
02-20 16:46:21.565  1051 24774 D audio_hw_utils: audio_extn_btsco_get_sample_rate:Not a BT SCO device, need not update sampling rate
02-20 16:46:21.565  1051 24774 D ACDB-LOADER: ACDB -> send_audio_cal, acdb_id = 10011, path = 0, app id = 0x11134, sample rate = 48000, afe_sample_rate = 96000
02-20 16:46:21.565  1051 24774 D ACDB-LOADER: ACDB -> send_asm_topology
02-20 16:46:21.565  1051 24774 D ACDB-LOADER: ACDB -> ACDB_CMD_GET_AUDPROC_STREAM_TOPOLOGY_ID
02-20 16:46:21.565  1051 24774 D ACDB-LOADER: ACDB -> send_adm_topology
02-20 16:46:21.565  1051 24774 D ACDB-LOADER: ACDB -> ACDB_CMD_GET_AUDPROC_COMMON_TOPOLOGY_ID
02-20 16:46:21.565  1051 24774 D ACDB-LOADER: ACDB -> send_audtable
02-20 16:46:21.565  1051 24774 D ACDB-LOADER: ACDB -> ACDB_CMD_GET_AUDPROC_INSTANCE_COMMON_TABLE_SIZE
02-20 16:46:21.565  1051 24774 D ACDB-LOADER: ACDB -> ACDB_CMD_GET_AUDPROC_INSTANCE_COMMON_TABLE
02-20 16:46:21.565  1051 24774 D ACDB-LOADER: ACDB -> AUDIO_SET_AUDPROC_CAL cal_type[11] acdb_id[10011] app_type[69940]
02-20 16:46:21.565  1051 24774 D ACDB-LOADER: ACDB -> send_audvoltable
02-20 16:46:21.565  1051 24774 D ACDB-LOADER: ACDB -> ACDB_CMD_GET_AUDPROC_INSTANCE_GAIN_DEP_STEP_TABLE_SIZE
02-20 16:46:21.565  1051 24774 D android.hardware.audio.service: Failed to fetch the lookup information of the device 0000271B 
02-20 16:46:21.565  1051 24774 D ACDB-LOADER: Error: ACDB_CMD_GET_AUDPROC_INSTANCE_GAIN_DEP_STEP_TABLE_SIZE Returned = -19
02-20 16:46:21.565  1051 24774 D ACDB-LOADER: ACDB -> ACDB_CMD_GET_AUDPROC_INSTANCE_GAIN_DEP_STEP_TABLE, vol index 0
02-20 16:46:21.565  1051 24774 D android.hardware.audio.service: Failed to fetch the lookup information of the device 0000271B 
02-20 16:46:21.565  1051 24774 D ACDB-LOADER: Error: ACDB AudProc vol returned = -19
02-20 16:46:21.565  1051 24774 D ACDB-LOADER: ACDB -> AUDIO_SET_VOL_CAL cal type = 12
02-20 16:46:21.565  1051 24774 D ACDB-LOADER: ACDB -> ACDB_CMD_GET_AUDPROC_INSTANCE_STREAM_TABLE_SIZE
02-20 16:46:21.565  1051 24774 D ACDB-LOADER: ACDB -> send_audstrmtable
02-20 16:46:21.565  1051 24774 D ACDB-LOADER: ACDB -> ACDB_CMD_GET_AUDPROC_INSTANCE_STREAM_TABLE
02-20 16:46:21.565  1051 24774 D ACDB-LOADER: ACDB -> audstrm_cal->cal_type.cal_data.cal_size = 20
02-20 16:46:21.566  1051 24774 D ACDB-LOADER: ACDB -> send_afe_topology
02-20 16:46:21.566  1051 24774 D ACDB-LOADER: ACDB -> ACDB_CMD_GET_AFE_TOPOLOGY_ID
02-20 16:46:21.566  1051 24774 D ACDB-LOADER: ACDB -> GET_AFE_TOPOLOGY_ID for adcd_id 10011, Topology Id 1000ff00
02-20 16:46:21.566  1051 24774 D ACDB-LOADER: ACDB -> send_afe_cal
02-20 16:46:21.566  1051 24774 D ACDB-LOADER: ACDB -> ACDB_CMD_GET_AFE_INSTANCE_COMMON_TABLE_SIZE
02-20 16:46:21.566  1051 24774 D ACDB-LOADER: ACDB -> ACDB_CMD_GET_AFE_INSTANCE_COMMON_TABLE
02-20 16:46:21.566  1051 24774 D ACDB-LOADER: ACDB -> AUDIO_SET_AFE_CAL cal_type[16] acdb_id[10011]
02-20 16:46:21.566  1051 24774 D ACDB-LOADER: ACDB -> send_hw_delay : acdb_id = 10011 path = 0
02-20 16:46:21.566  1051 24774 D ACDB-LOADER: ACDB -> ACDB_AVSYNC_INFO: ACDB_CMD_GET_DEVICE_PROPERTY
02-20 16:46:21.566  1051 24774 D msm8974_platform: platform_split_snd_device: snd_device(2) num devices(0) new_snd_devices(0)
02-20 16:46:21.566  1051 24774 I msm8974_platform: platform_get_custom_mtmx_params: no matching param with id 0 ip_ch 2 op_ch 2 uc_id 0 snd_dev 2
02-20 16:46:21.566  1051 24774 D audio_hw_primary: enable_audio_route: apply mixer and update path: deep-buffer-playback speaker
02-20 16:46:21.566  1051 24774 D audio_route: Apply path: deep-buffer-playback speaker
02-20 16:46:21.567  1051 24774 D send_data_to_xlog: send_misound_data_to_xlog: enter: usecase(0)
02-20 16:46:21.567  1051 24774 D ultrasound_extn: ultrasound_select_devices_post: enter: engine_suspended: 0
02-20 16:46:21.567  1051 24774 D ultrasound_extn: dump_usecase_list: start ======================================
02-20 16:46:21.567  1051 24774 D ultrasound_extn: dump_usecase_list: enter state: 0[init] suspended: 0 stop_reprot: 0 cnt: 0 pre_cnt 0
02-20 16:46:21.567  1051 24774 D ultrasound_extn: dump_usecase_list: select_devices_post usecase[#0]:(0, deep-buffer-playback) in_dev:(0, ) out_dv:(2, speaker)
02-20 16:46:21.567  1051 24774 D ultrasound_extn: dump_usecase_list: select_devices_post usecase[#1]:(53, spkr-vi-record) in_dev:(234, vi-feedback) out_dv:(0, )
02-20 16:46:21.568  1051 24774 D ultrasound_extn: dump_usecase_list: RX_CDC_DMA_RX_0 SampleRate		 KHZ_48
02-20 16:46:21.568  1051 24774 D ultrasound_extn: dump_usecase_list: RX_CDC_DMA_RX_0 Format		 S16_LE
02-20 16:46:21.565     0     0 E msm_pcm_routing_reg_stream_app_type_cfg: fedai_id 0, session_type 0, be_id 43, app_type 69940, acdb_dev_id 10011, sample_rate 48000
02-20 16:46:21.569  1051 24774 D ultrasound_extn: dump_usecase_list: RX_CDC_DMA_RX_0 Channels		 One
02-20 16:46:21.569  1051 24774 D ultrasound_extn: dump_usecase_list: RX_CDC_DMA_RX_1 SampleRate		 KHZ_96
02-20 16:46:21.569  1051 24774 D ultrasound_extn: dump_usecase_list: RX_CDC_DMA_RX_1 Format		 S16_LE
02-20 16:46:21.570  1051 24774 D ultrasound_extn: dump_usecase_list: RX_CDC_DMA_RX_1 Channels		 One
02-20 16:46:21.570  1051 24774 D ultrasound_extn: dump_usecase_list: end ======================================
02-20 16:46:21.570  1051 24774 D audio_hw_primary: select_devices: done
02-20 16:46:21.592     0     0 I adm_open: port 0x1000 path:1 rate:48000 mode:2 perf_mode:0,topo_id 0x1000a100 bit_width 24 app_type 69940 acdb_id 10011
02-20 16:46:21.647  1051 24774 D msm8974_platform: platform_set_channel_map mixer_ctl_name:Playback Channel Map0
02-20 16:46:21.647  1051 24774 D msm8974_platform: platform_set_channel_map: set mapping(1 2 0 0 0 0 0 0) for channel:2
02-20 16:46:21.648  1051 24774 D audio_hw_primary: check_and_set_karaok_parameters: is karaok rx device 0, is karaok tx device 0
02-20 16:46:21.648  1051 24774 D audio_hw_primary: start_output_stream: exit
02-20 16:46:21.648  1051 24774 D adsp_utils: set_channel_reverse mode: 0
02-20 16:46:21.648  1051 24774 D msm8974_platform: platform_get_output_snd_device: enter: output devices(0x2), enable_voicerx 0
02-20 16:46:21.648  1051 24774 D msm8974_platform: Setting audio calibration for snd_device(2) acdb_id(10011)
02-20 16:46:21.648  1051 24774 E ACDB-LOADER: [acdb_loader_adsp_set_audio_cal] active device/stream not found (result=-100) for topology 0x1000a106 and apptype 0x11134
02-20 16:46:21.648  1051 24774 E ACDB-LOADER: [acdb_loader_adsp_set_audio_cal] set parameters failed with status -100
02-20 16:46:21.648  1051 24774 D audio_hw_hfp: hfp_set_parameters: enter
02-20 16:46:21.648  1051 24774 D msm8974_platform: platform_get_output_snd_device: enter: output devices(0x2), enable_voicerx 0
02-20 16:46:21.648  1051 24774 D msm8974_platform: Setting audio calibration for snd_device(2) acdb_id(10011)
02-20 16:46:21.649  1051 24774 D audio_hw_hfp: hfp_set_parameters: enter
02-20 16:46:21.650  1051 24774 D msm8974_platform: platform_get_output_snd_device: enter: output devices(0x2), enable_voicerx 0
02-20 16:46:21.650  1051 24774 D msm8974_platform: Setting audio calibration for snd_device(2) acdb_id(10011)
02-20 16:46:21.650  1051 24774 E ACDB-LOADER: [acdb_loader_adsp_set_audio_cal] active device/stream not found (result=-100) for topology 0x1000a106 and apptype 0x11131
02-20 16:46:21.650  1051 24774 E ACDB-LOADER: [acdb_loader_adsp_set_audio_cal] set parameters failed with status -100
02-20 16:46:21.650  1051 24774 D audio_hw_hfp: hfp_set_parameters: enter
02-20 16:46:21.650  1051 24774 D msm8974_platform: platform_get_output_snd_device: enter: output devices(0x2), enable_voicerx 0
02-20 16:46:21.650  1051 24774 D msm8974_platform: Setting audio calibration for snd_device(2) acdb_id(10011)
02-20 16:46:21.650  1051 24774 E ACDB-LOADER: [acdb_loader_adsp_set_audio_cal] active device/stream not found (result=-100) for topology 0x1000a100 and apptype 0x11131
02-20 16:46:21.650  1051 24774 E ACDB-LOADER: [acdb_loader_adsp_set_audio_cal] set parameters failed with status -100
02-20 16:46:21.650  1051 24774 D audio_hw_hfp: hfp_set_parameters: enter
02-20 16:46:21.650  1051 24774 D msm8974_platform: platform_get_output_snd_device: enter: output devices(0x2), enable_voicerx 0
02-20 16:46:21.650  1051 24774 D msm8974_platform: Setting audio calibration for snd_device(2) acdb_id(10011)
02-20 16:46:21.650  1051 24774 E ACDB-LOADER: [acdb_loader_adsp_set_audio_cal] active device/stream not found (result=-100) for topology 0x10010314 and apptype 0x11131
02-20 16:46:21.650  1051 24774 E ACDB-LOADER: [acdb_loader_adsp_set_audio_cal] set parameters failed with status -100
02-20 16:46:21.650  1051 24774 D audio_hw_hfp: hfp_set_parameters: enter
02-20 16:46:21.650  1051 24774 D msm8974_platform: platform_get_output_snd_device: enter: output devices(0x2), enable_voicerx 0
02-20 16:46:21.650  1051 24774 D msm8974_platform: Setting audio calibration for snd_device(2) acdb_id(10011)
02-20 16:46:21.650  1051 24774 E ACDB-LOADER: [acdb_loader_adsp_set_audio_cal] active device/stream not found (result=-100) for topology 0x10010314 and apptype 0x11134
02-20 16:46:21.650  1051 24774 E ACDB-LOADER: [acdb_loader_adsp_set_audio_cal] set parameters failed with status -100
02-20 16:46:21.650  1051 24774 D audio_hw_hfp: hfp_set_parameters: enter
02-20 16:46:21.650  1051 24774 D msm8974_platform: platform_get_output_snd_device: enter: output devices(0x2), enable_voicerx 0
02-20 16:46:21.650  1051 24774 D msm8974_platform: Setting audio calibration for snd_device(2) acdb_id(10011)
02-20 16:46:21.651  1051 24774 D audio_hw_hfp: hfp_set_parameters: enter
02-20 16:46:21.651  1051 24774 D audio_hw_primary: check_and_set_karaok_parameters: is karaok rx device 0, is karaok tx device 0
02-20 16:46:21.651  1051 24774 D msm8974_platform: platform_split_snd_device: snd_device(2) num devices(0) new_snd_devices(0)
02-20 16:46:21.651  1051 24774 I msm8974_platform: platform_get_custom_mtmx_params: no matching param with id 0 ip_ch 2 op_ch 2 uc_id 0 snd_dev 2
02-20 16:46:21.747  1136  2123 D AudioFlinger: mixer(0xb400007178797580) throttle end: throttle time(42)
02-20 16:46:22.062  1074 30687 E WifiHAL : wifi_get_cached_scan_results: Wifi Cached Scan Result not supported by driver
02-20 16:46:22.062  1707  2215 E WifiStaIfaceAidlImpl: getCachedScanData failed with service-specific exception: android.os.ServiceSpecificException:  (code 4)
02-20 16:46:22.679  1066  1097 E android.hardware.sensors@1.0-service: ERROR: Fix ultrasound sensor so it does not return error from poll()
02-20 16:46:22.918  1136  2123 I AudioFlinger: prepareTracks_l BUFFER TIMEOUT: remove track(117) from active list due to underrun on thread 29
02-20 16:46:22.922  1136  1516 W AudioFlinger: moveEffectChain_ll: effect chain for session 0 not on source thread 0xb4000071787dbdf0
02-20 16:46:23.997  1707  2965 D ConnectivityService: Returning BLOCKED NetworkInfo to uid=10311
02-20 16:46:23.999  1707  2965 D ConnectivityService: requestNetwork for uid/pid:10311/690 activeRequest: null callbackRequest: 1287 [NetworkRequest [ REQUEST id=1288, [ Capabilities: INTERNET&NOT_RESTRICTED&TRUSTED&NOT_VCN_MANAGED&NOT_BANDWIDTH_CONSTRAINED Uid: 10311 RequestorUid: 10311 RequestorPkg: com.google.android.apps.tachyon UnderlyingNetworks: Null] ]] callback flags: 0 order: 2147483647 isUidTracked: false declaredMethods: AVAIL|LOST|NC|BLK
02-20 16:46:24.004  1707  2215 D WifiNetworkFactory: got request NetworkRequest [ REQUEST id=1288, [ Capabilities: INTERNET&NOT_RESTRICTED&TRUSTED&NOT_VCN_MANAGED&NOT_BANDWIDTH_CONSTRAINED Uid: 10311 RequestorUid: 10311 RequestorPkg: com.google.android.apps.tachyon UnderlyingNetworks: Null] ]
02-20 16:46:24.004  1707  2215 D UntrustedWifiNetworkFactory: got request NetworkRequest [ REQUEST id=1288, [ Capabilities: INTERNET&NOT_RESTRICTED&TRUSTED&NOT_VCN_MANAGED&NOT_BANDWIDTH_CONSTRAINED Uid: 10311 RequestorUid: 10311 RequestorPkg: com.google.android.apps.tachyon UnderlyingNetworks: Null] ]
02-20 16:46:24.004  1707  2215 D OemPaidWifiNetworkFactory: got request NetworkRequest [ REQUEST id=1288, [ Capabilities: INTERNET&NOT_RESTRICTED&TRUSTED&NOT_VCN_MANAGED&NOT_BANDWIDTH_CONSTRAINED Uid: 10311 RequestorUid: 10311 RequestorPkg: com.google.android.apps.tachyon UnderlyingNetworks: Null] ]
02-20 16:46:24.004  1707  2215 D MultiInternetWifiNetworkFactory: got request NetworkRequest [ REQUEST id=1288, [ Capabilities: INTERNET&NOT_RESTRICTED&TRUSTED&NOT_VCN_MANAGED&NOT_BANDWIDTH_CONSTRAINED Uid: 10311 RequestorUid: 10311 RequestorPkg: com.google.android.apps.tachyon UnderlyingNetworks: Null] ]
02-20 16:46:24.004  1707  2222 D ConnectivityService: NetReassign [1288 : null → 100] [c 1] [a 1] [i 3]
02-20 16:46:24.012  1707  2266 D BackgroundInstallControlService: Package event received: 0
02-20 16:46:24.017 28057 28057 D BoundBrokerSvc: onBind: Intent { act=com.google.android.gms.constellation.service.START xflg=0x4 pkg=com.google.android.gms }
02-20 16:46:24.018 28057 28057 D BoundBrokerSvc: Loading bound service for intent: Intent { act=com.google.android.gms.constellation.service.START xflg=0x4 pkg=com.google.android.gms }
02-20 16:46:24.043  1707  2266 D BackgroundInstallControlService: Package event received: 0
02-20 16:46:24.949  1051  6228 D audio_hw_primary: out_standby: enter: stream (0xf33d9000) usecase(0: deep-buffer-playback)
02-20 16:46:25.079  1074 30687 E WifiHAL : wifi_get_cached_scan_results: Wifi Cached Scan Result not supported by driver
02-20 16:46:25.080  1707  2215 E WifiStaIfaceAidlImpl: getCachedScanData failed with service-specific exception: android.os.ServiceSpecificException:  (code 4)
02-20 16:46:25.259  1051  6228 D audio_hw_primary: disable_audio_route: reset and update mixer path: deep-buffer-playback speaker
02-20 16:46:25.260  1051  6228 E soundtrigger: audio_extn_sound_trigger_update_stream_status: invalid input device 0x0, for event 2
02-20 16:46:25.260  1051  6228 D soundtrigger: audio_extn_sound_trigger_update_stream_status: uc_info->id 0 of type 0 for Event 2, with Raise=1
02-20 16:46:25.260  1051  6228 D msm8974_platform: platform_split_snd_device: snd_device(2) num devices(0) new_snd_devices(0)
02-20 16:46:25.260  1051  6228 I msm8974_platform: platform_get_custom_mtmx_params: no matching param with id 0 ip_ch 2 op_ch 2 uc_id 0 snd_dev 2
02-20 16:46:25.260  1051  6228 D hardware_info: hw_info_append_hw_type : device_name = speaker
02-20 16:46:25.260  1051  6228 D audio_hw_primary: disable_snd_device: snd_device(2: speaker)
02-20 16:46:25.260  1051  6228 D ultrasound_extn: ultrasound_extn_get_mode_for_usecase: adsp device mode 2
02-20 16:46:25.260  1051  6228 D ultrasound_extn: ultrasound_extn_set_mode: enter: mode 0
02-20 16:46:25.260  1051  6228 I ultrasound_extn: ultrasound_set_mode_mius: Set Ultrasound Value 0
02-20 16:46:25.260     0     0 E mius_system_configuration_param_get: reg: 0 shift: 34
02-20 16:46:25.262  1051  6228 D msm8974_platform: platform_split_snd_device: snd_device(2) num devices(0) new_snd_devices(0)
02-20 16:46:25.262  1051  6228 W audio_hw_awinic_feedback: is_supported_feedback_on_device [Awinic] 2
02-20 16:46:25.262  1051  6228 W audio_hw_awinic_feedback: is_supported_feedback_on_device [Awinic] 2 ret:1 
02-20 16:46:25.273  1051  6228 D hardware_info: hw_info_append_hw_type : device_name = vi-feedback
02-20 16:46:25.273  1051  6228 D audio_hw_primary: disable_snd_device: snd_device(234: vi-feedback)
02-20 16:46:25.273  1051  6228 E msm8974_platform: platform_get_snd_device_backend_tag: Invalid backend for device = 234
02-20 16:46:25.273  1051  6228 D msm8974_platform: platform_split_snd_device: snd_device(234) num devices(0) new_snd_devices(0)
02-20 16:46:25.273  1051  6228 W audio_hw_awinic_feedback: is_supported_feedback_on_device [Awinic] 234
02-20 16:46:25.273  1051  6228 W audio_hw_awinic_feedback: is_supported_feedback_on_device [Awinic] 234 ret:0 
02-20 16:46:25.274  1051  6228 I soundtrigger: audio_extn_sound_trigger_update_device_status: device 0xea of type 1 for Event 0, with Raise=0
02-20 16:46:25.274  1051  6228 D audio_hw_primary: disable_audio_route: reset and update mixer path: spkr-vi-record
02-20 16:46:25.276  1051  6228 D soundtrigger: audio_extn_sound_trigger_update_stream_status: uc_info->id 53 of type 1 for Event 2, with Raise=0
02-20 16:46:25.279  1051  6228 I soundtrigger: audio_extn_sound_trigger_update_device_status: device 0x2 of type 0 for Event 0, with Raise=0
02-20 16:46:25.279  1051  6228 D ultrasound_extn: ultrasound_extn_set_mode_post: enter: suspend 0
02-20 16:46:25.279  1051  6228 D audio_hw_primary: out_standby: exit
02-20 16:46:25.279  3142  3142 W dumpsys : Thread Pool max thread count is 0. Cannot cache binder as linkToDeath cannot be implemented. serviceName: meminfo
02-20 16:46:25.281  1707  2965 D ActivityManager: freezer override set to true
02-20 16:46:25.282  1707  2965 D ActivityManager: sync unfroze 30724 org.omnirom.omnijaws for 19
02-20 16:46:25.283  1707  2965 D ActivityManager: sync unfroze 31444 com.google.android.apps.photos for 19
02-20 16:46:25.283  1707  2965 D ActivityManager: sync unfroze 32685 com.google.android.gms.unstable for 19
02-20 16:46:25.356  1066  1066 I sensors-hal: batch:180, android.sensor.linear_acceleration/30, period=20000000, max_latency=0
02-20 16:46:25.356  1066  1066 I sensors-hal: batch:189, android.sensor.linear_acceleration/30, period=20000000, max_latency=0 request completed
02-20 16:46:25.357  1066  1066 I sensors-hal: activate:147, android.sensor.linear_acceleration/30 en=1
02-20 16:46:25.357  1066  1066 I sensors-hal: get_qmi_debug_flag:241, support_qmi_debug : false
02-20 16:46:25.363  1066  1066 I sensors-hal: activate:158, android.sensor.linear_acceleration/30 en=1 completed
02-20 16:46:25.367  1066  1066 I sensors-hal: batch:180, android.sensor.rotation_vector/12, period=20000000, max_latency=0
02-20 16:46:25.367  1066  1066 I sensors-hal: batch:189, android.sensor.rotation_vector/12, period=20000000, max_latency=0 request completed
02-20 16:46:25.367  1066  1066 I sensors-hal: activate:147, android.sensor.rotation_vector/12 en=1
02-20 16:46:25.367  1066  1066 I sensors-hal: get_qmi_debug_flag:241, support_qmi_debug : false
02-20 16:46:25.372  1261  1305 I inal.translator: Explicit concurrent mark compact GC freed 1696KB AllocSpace bytes, 5(556KB) LOS objects, 81% free, 5442KB/29MB, paused 138us,2.706ms total 34.978ms
02-20 16:46:25.375  1066  1066 I sensors-hal: activate:158, android.sensor.rotation_vector/12 en=1 completed
02-20 16:46:25.388  1707  5582 D FileUtils: Rounded bytes from 5772820480 to 8000000000
02-20 16:46:25.398  1707  2965 D ActivityManager: freezer override set to false
02-20 16:46:25.439 32685 32694 W libc    : Access denied finding property "persist.adb.tls_server.enable"
02-20 16:46:25.439 32685 32694 W libc    : Access denied finding property "service.adb.tls.port"
02-20 16:46:25.602  1066  1066 I sensors-hal: activate:147, android.sensor.rotation_vector/12 en=0
02-20 16:46:25.603  1066  1066 I sensors-hal: activate:158, android.sensor.rotation_vector/12 en=0 completed
02-20 16:46:25.604  1066  1066 I sensors-hal: activate:147, android.sensor.linear_acceleration/30 en=0
02-20 16:46:25.604  1066  1066 I sensors-hal: activate:158, android.sensor.linear_acceleration/30 en=0 completed
02-20 16:46:25.612  1707  2266 D BackgroundInstallControlService: Package event received: 0
02-20 16:46:25.617  1707  2266 D BackgroundInstallControlService: Package event received: 0
02-20 16:46:25.665  1707  2175 D ActivityManager: freezing 22834 com.google.android.partnersetup
02-20 16:46:25.666  1707  2175 D ActivityManager: freezing 30276 com.google.android.tts
02-20 16:46:25.667  1707  2175 D ActivityManager: freezing 11670 com.android.keychain
02-20 16:46:25.667  1707  2175 D ActivityManager: freezing 31566 com.android.keychain
02-20 16:46:25.667  1707  2175 D ActivityManager: freezing 31609 com.android.vending:background
02-20 16:46:25.668  1707  2175 D ActivityManager: freezing 17151 com.android.permissioncontroller
02-20 16:46:25.669  1707  2175 D ActivityManager: freezing 31565 com.android.permissioncontroller
02-20 16:46:25.669  1707  2175 D ActivityManager: freezing 31338 com.android.intentresolver
02-20 16:46:25.670  1707  2175 D ActivityManager: freezing 31814 in.swiggy.android
02-20 16:46:25.671  1707  2175 D ActivityManager: freezing 28662 com.google.android.googlequicksearchbox:search
02-20 16:46:25.672  1707  2175 D ActivityManager: freezing 32629 com.google.android.apps.messaging
02-20 16:46:25.673  1707  2175 D ActivityManager: freezing 31300 com.android.systemui:screenshot
02-20 16:46:25.673  1707  2175 D ActivityManager: freezing 31408 android.process.acore
02-20 16:46:25.674  1707  2175 D ActivityManager: freezing 28057 com.google.android.gms
02-20 16:46:25.675  1707  2175 D ActivityManager: freezing 31858 com.google.android.youtube
02-20 16:46:25.676  1707  2175 D ActivityManager: freezing 690 com.google.android.apps.tachyon
02-20 16:46:25.677  1707  2175 D ActivityManager: freezing 28108 com.android.vending
02-20 16:46:25.678  1707  2175 D ActivityManager: freezing 10176 com.ril.shein
02-20 16:46:25.680  1707  2175 D ActivityManager: freezing 16286 com.android.chrome
02-20 16:46:25.681  1707  2175 D ActivityManager: freezing 24797 com.android.settings
02-20 16:46:25.683  1707  2222 D InetDiagMessage: Destroyed 0 sockets, proto=IPPROTO_TCP, family=AF_INET, states=14
02-20 16:46:25.684  1707  2222 D InetDiagMessage: Destroyed 0 sockets, proto=IPPROTO_TCP, family=AF_INET6, states=14
02-20 16:46:25.684  1707  2222 D InetDiagMessage: Destroyed live tcp sockets for uids={1010216} in 2ms
02-20 16:46:25.685  1707  2222 D InetDiagMessage: Destroyed 0 sockets, proto=IPPROTO_TCP, family=AF_INET, states=14
02-20 16:46:25.686  1707  2222 D InetDiagMessage: Destroyed 0 sockets, proto=IPPROTO_TCP, family=AF_INET6, states=14
02-20 16:46:25.686  1707  2222 D InetDiagMessage: Destroyed live tcp sockets for uids={1010237} in 2ms
02-20 16:46:25.687  1707  2222 D InetDiagMessage: Destroyed 0 sockets, proto=IPPROTO_TCP, family=AF_INET, states=14
02-20 16:46:25.688  1707  2222 D InetDiagMessage: Destroyed 0 sockets, proto=IPPROTO_TCP, family=AF_INET6, states=14
02-20 16:46:25.688  1707  2222 D InetDiagMessage: Destroyed live tcp sockets for uids={1010278} in 2ms
02-20 16:46:25.689  1707  2222 D InetDiagMessage: Destroyed 0 sockets, proto=IPPROTO_TCP, family=AF_INET, states=14
02-20 16:46:25.690  1707  2222 D InetDiagMessage: Destroyed 0 sockets, proto=IPPROTO_TCP, family=AF_INET6, states=14
02-20 16:46:25.690  1707  2222 D InetDiagMessage: Destroyed live tcp sockets for uids={10278} in 2ms
02-20 16:46:25.691  1707  2222 D InetDiagMessage: Destroyed 0 sockets, proto=IPPROTO_TCP, family=AF_INET, states=14
02-20 16:46:25.692  1707  2222 D InetDiagMessage: Destroyed 0 sockets, proto=IPPROTO_TCP, family=AF_INET6, states=14
02-20 16:46:25.692  1707  2222 D InetDiagMessage: Destroyed live tcp sockets for uids={10180} in 2ms
02-20 16:46:25.692  1707  2222 D InetDiagMessage: Destroyed 0 sockets, proto=IPPROTO_TCP, family=AF_INET, states=14
02-20 16:46:25.693  1707  2222 D InetDiagMessage: Destroyed 0 sockets, proto=IPPROTO_TCP, family=AF_INET6, states=14
02-20 16:46:25.693  1707  2222 D InetDiagMessage: Destroyed live tcp sockets for uids={10301} in 1ms
02-20 16:46:25.694  1707  2222 D InetDiagMessage: Destroyed 0 sockets, proto=IPPROTO_TCP, family=AF_INET, states=14
02-20 16:46:25.695  1707  2222 D InetDiagMessage: Destroyed 0 sockets, proto=IPPROTO_TCP, family=AF_INET6, states=14
02-20 16:46:25.695  1707  2222 D InetDiagMessage: Destroyed live tcp sockets for uids={10170} in 2ms
02-20 16:46:25.697  1707  2222 D InetDiagMessage: Destroyed 2 sockets, proto=IPPROTO_TCP, family=AF_INET, states=14
02-20 16:46:25.698  1707  2222 D InetDiagMessage: Destroyed 0 sockets, proto=IPPROTO_TCP, family=AF_INET6, states=14
02-20 16:46:25.698  1707  2222 D InetDiagMessage: Destroyed live tcp sockets for uids={10296} in 3ms
02-20 16:46:25.699  1707  2222 D InetDiagMessage: Destroyed 0 sockets, proto=IPPROTO_TCP, family=AF_INET, states=14
02-20 16:46:25.699  1707  2222 D InetDiagMessage: Destroyed 0 sockets, proto=IPPROTO_TCP, family=AF_INET6, states=14
02-20 16:46:25.700  1707  2222 D InetDiagMessage: Destroyed live tcp sockets for uids={10311} in 2ms
02-20 16:46:25.700  1707  2222 D InetDiagMessage: Destroyed 0 sockets, proto=IPPROTO_TCP, family=AF_INET, states=14
02-20 16:46:25.701  1707  2222 D InetDiagMessage: Destroyed 0 sockets, proto=IPPROTO_TCP, family=AF_INET6, states=14
02-20 16:46:25.701  1707  2222 D InetDiagMessage: Destroyed live tcp sockets for uids={10220} in 1ms
02-20 16:46:25.702  1707  2222 D InetDiagMessage: Destroyed 0 sockets, proto=IPPROTO_TCP, family=AF_INET, states=14
02-20 16:46:25.703  1707  2222 D InetDiagMessage: Destroyed 0 sockets, proto=IPPROTO_TCP, family=AF_INET6, states=14
02-20 16:46:25.703  1707  2222 D InetDiagMessage: Destroyed live tcp sockets for uids={10305} in 2ms
02-20 16:46:25.704  1707  2222 D InetDiagMessage: Destroyed 0 sockets, proto=IPPROTO_TCP, family=AF_INET, states=14
02-20 16:46:25.705  1707  2222 D InetDiagMessage: Destroyed 0 sockets, proto=IPPROTO_TCP, family=AF_INET6, states=14
02-20 16:46:25.705  1707  2222 D InetDiagMessage: Destroyed live tcp sockets for uids={10226} in 2ms
02-20 16:46:26.680     0     0 I QG-K    : qg_battery_soc_smooth_tracking: soc:100, last_soc:100, raw_soc:100, soc_changed:1, update_now:0, charge_status:4, batt_ma:123
02-20 16:46:26.680     0     0 E QG-K    : soc_monitor_work: soc:100, raw_soc:100, c:123, s:4
02-20 16:46:28.102  1074 30687 E WifiHAL : wifi_get_cached_scan_results: Wifi Cached Scan Result not supported by driver
02-20 16:46:28.103  1707  2215 E WifiStaIfaceAidlImpl: getCachedScanData failed with service-specific exception: android.os.ServiceSpecificException:  (code 4)
02-20 16:46:29.551     0     0 E         : [GTP-ERR][goodix_power_supply_work:2164] unsupport charger state 4
02-20 16:46:29.551     0     0 I QG-K    : qg_status_change_work: charge_status=4 charge_done=1
02-20 16:46:29.551     0     0 I         : fv calibrate = 0, fv = 4450000
02-20 16:46:29.551     0     0 I pm6150_charger: smblib_set_charge_param: float voltage = 4450000 (0x55)
02-20 16:46:29.552     0     0 I pm6150_charger: smblib_process_thermal_readings: Current temperatures: 	DIE_TEMP: 398,	CONN_TEMP: -400,	SMB_TEMP: -61,	SKIN_TEMP: -61
02-20 16:46:29.552     0     0 I THERMAL_STATUS: 5
02-20 16:46:29.566     0     0 E QCOM-STEPCHG: handle_jeita: BATT_TEMP = 335 FCC = 6000000uA FV = 4470000uV
02-20 16:46:29.568     0     0 I QG-K    : qg_charge_full_update: msoc=100 health=1 charge_full=1 charge_done=1 charge_status=4
02-20 16:46:29.570     0     0 E         : ibat_ua =-4272
02-20 16:46:29.574     0     0 E         : ibat_ua =-4272
02-20 16:46:29.574     0     0 E         : ibat_ua =-4272
02-20 16:46:29.581  2619  2619 D QtiCarrierConfigHelper: WARNING, no carrier configs on phone Id: 0
02-20 16:46:29.581  2619  2619 D QtiCarrierConfigHelper: WARNING, no carrier configs on phone Id: 1
02-20 16:46:30.688  1066  1097 E android.hardware.sensors@1.0-service: ERROR: Fix ultrasound sensor so it does not return error from poll()
02-20 16:46:31.117  1074 30687 E WifiHAL : wifi_get_cached_scan_results: Wifi Cached Scan Result not supported by driver
02-20 16:46:31.117  1707  2215 E WifiStaIfaceAidlImpl: getCachedScanData failed with service-specific exception: android.os.ServiceSpecificException:  (code 4)
02-20 16:46:31.123 14748 14834 I WM-WorkerWrapper: Worker result SUCCESS for Work [ id=3f1db41f-7cac-4126-9eb2-4a86257b35a8, tags={ com.whatsapp.xmpp.messaging.XmppLifecycleWorker } ]
02-20 16:46:31.127 14748 14748 D WM-Processor: 1F6 3f1db41f-7cac-4126-9eb2-4a86257b35a8 executed; reschedule = false
02-20 16:46:31.127 14748 14748 D WM-GreedyScheduler: Stopping tracking for WorkGenerationalId(workSpecId=3f1db41f-7cac-4126-9eb2-4a86257b35a8, generation=0)
02-20 16:46:31.127 14748 14748 D WM-SystemJobService: 3f1db41f-7cac-4126-9eb2-4a86257b35a8 executed on JobScheduler
02-20 16:46:31.132 14748 14834 D WM-GreedyScheduler: Cancelling work ID 3f1db41f-7cac-4126-9eb2-4a86257b35a8
02-20 16:46:31.134 14748 14834 D WM-NetworkStateTracker: Unregistering network callback
02-20 16:46:32.733  8337  1184 I .gms.persistent: Explicit concurrent mark compact GC freed 4472KB AllocSpace bytes, 0(0B) LOS objects, 50% free, 16MB/32MB, paused 750us,8.193ms total 166.509ms
02-20 16:46:34.132  1074 30687 E WifiHAL : wifi_get_cached_scan_results: Wifi Cached Scan Result not supported by driver
02-20 16:46:34.132  1707  2215 E WifiStaIfaceAidlImpl: getCachedScanData failed with service-specific exception: android.os.ServiceSpecificException:  (code 4)
02-20 16:46:29.577     0     0 E         : ibat_ua =-4272
02-20 16:46:34.947     0     0 E         : ibat_ua =-915
02-20 16:46:34.948     0     0 E         : ibat_ua =-915
02-20 16:46:34.951     0     0 I QG-K    : process_udata_work: udata update: QG_SOC=99 QG_SYS_SOC=9934 last_catchup_soc=100
02-20 16:46:34.951     0     0 E QG-K    : qg_process_tcss_soc: charge_status = 4
02-20 16:46:34.951     0     0 E QG-K    : qg_process_tcss_soc: charge_status is not charging, rc = 0
02-20 16:46:34.951     0     0 I QG-K    : qg_process_tcss_soc: TCSS: Quit - enabled=1 sys_soc=9934 tcss_entry_count=0 fifo_i_ua=610 bat_health=0
02-20 16:46:34.951     0     0 I QG-K    : qg_process_bass_soc: BASS Entry: fifo_i=610 sys_soc=100 msoc=100 batt_soc=99 fvss_active=0
02-20 16:46:34.951     0     0 I QG-K    : qg_process_bass_soc: BASS Quit: enabled=1 fifo_i_ua=610 sys_soc=100 msoc=100 batt_soc=9863
02-20 16:46:34.951     0     0 I QG-K    : qg_adjust_sys_soc: sys_soc=9934 adjusted sys_soc=100
02-20 16:46:34.951     0     0 I QG-K    : qg_scale_soc: SOC scale: Start msoc=100 catch_up_soc=100 delta_soc=1
02-20 16:46:34.951     0     0 I QG-K    : scale_soc_stop: SOC scale stopped: msoc=100 catch_up_soc=100
02-20 16:46:34.953     0     0 I QG-K    : qg_store_soc_params: SDAM write param 0 value=1
02-20 16:46:34.953     0     0 I QG-K    : qg_store_soc_params: SDAM write param 1 value=100
02-20 16:46:34.953     0     0 I QG-K    : qg_store_soc_params: SDAM write param 2 value=335
02-20 16:46:34.953     0     0 I QG-K    : qg_store_soc_params: SDAM write param 3 value=150
02-20 16:46:34.953     0     0 I QG-K    : qg_store_soc_params: SDAM write param 4 value=4410700
02-20 16:46:34.953     0     0 I QG-K    : qg_store_soc_params: SDAM write param 5 value=0
