02-20 16:46:34.953     0     0 I QG-K    : qg_store_soc_params: SDAM write param 6 value=23772736
02-20 16:46:34.955     0     0 I QG-K    : process_udata_work: udata update: batt_soc=9863 cc_soc=9867 full_soc=9927 qg_esr=62 batt_temp=335
02-20 16:46:34.956     0     0 E         : [GTP-ERR][goodix_power_supply_work:2164] unsupport charger state 4
02-20 16:46:34.956     0     0 I QG-K    : qg_status_change_work: charge_status=4 charge_done=1
02-20 16:46:34.957     0     0 I         : fv calibrate = 0, fv = 4450000
02-20 16:46:34.957     0     0 I pm6150_charger: smblib_set_charge_param: float voltage = 4450000 (0x55)
02-20 16:46:34.957     0     0 E         : ibat_ua =-915
02-20 16:46:34.959     0     0 E QCOM-STEPCHG: handle_jeita: BATT_TEMP = 335 FCC = 6000000uA FV = 4470000uV
02-20 16:46:34.961     0     0 I QG-K    : qg_charge_full_update: msoc=100 health=1 charge_full=1 charge_done=1 charge_status=4
02-20 16:46:34.963     0     0 E         : ibat_ua =-915
02-20 16:46:34.967     0     0 E         : ibat_ua =-915
02-20 16:46:34.972  2619  2619 D QtiCarrierConfigHelper: WARNING, no carrier configs on phone Id: 0
02-20 16:46:34.972  2619  2619 D QtiCarrierConfigHelper: WARNING, no carrier configs on phone Id: 1
02-20 16:46:34.968     0     0 E         : ibat_ua =-915
02-20 16:46:35.413  1707  2175 D ActivityManager: freezing 30724 org.omnirom.omnijaws
02-20 16:46:35.414  1707  2175 D ActivityManager: freezing 31444 com.google.android.apps.photos
02-20 16:46:35.415  1707  2175 D ActivityManager: freezing 32685 com.google.android.gms.unstable
02-20 16:46:35.417  1707  2222 D InetDiagMessage: Destroyed 0 sockets, proto=IPPROTO_TCP, family=AF_INET, states=14
02-20 16:46:35.418  1707  2222 D InetDiagMessage: Destroyed 0 sockets, proto=IPPROTO_TCP, family=AF_INET6, states=14
02-20 16:46:35.418  1707  2222 D InetDiagMessage: Destroyed live tcp sockets for uids={10268} in 2ms
02-20 16:46:35.419  1707  2222 D InetDiagMessage: Destroyed 0 sockets, proto=IPPROTO_TCP, family=AF_INET, states=14
02-20 16:46:35.420  1707  2222 D InetDiagMessage: Destroyed 0 sockets, proto=IPPROTO_TCP, family=AF_INET6, states=14
02-20 16:46:35.420  1707  2222 D InetDiagMessage: Destroyed live tcp sockets for uids={10302} in 2ms
02-20 16:46:34.972     0     0 E         : ibat_ua =-915
02-20 16:46:35.790     0     0 I pm6150_charger: wdog_bark_irq_handler: IRQ: wdog-bark
02-20 16:46:35.790     0     0 E         : [GTP-ERR][goodix_power_supply_work:2164] unsupport charger state 4
02-20 16:46:35.790     0     0 I QG-K    : qg_status_change_work: charge_status=4 charge_done=1
02-20 16:46:35.791     0     0 I         : fv calibrate = 0, fv = 4450000
02-20 16:46:35.791     0     0 I pm6150_charger: smblib_set_charge_param: float voltage = 4450000 (0x55)
02-20 16:46:35.794     0     0 I QG-K    : qg_charge_full_update: msoc=100 health=1 charge_full=1 charge_done=1 charge_status=4
02-20 16:46:35.809  2619  2619 D QtiCarrierConfigHelper: WARNING, no carrier configs on phone Id: 0
02-20 16:46:35.809  2619  2619 D QtiCarrierConfigHelper: WARNING, no carrier configs on phone Id: 1
02-20 16:46:35.946  1707  1823 D ActivityManager: sync unfroze 24797 com.android.settings for 10
02-20 16:46:35.947  1707  1823 D ActivityManager: sync unfroze 31566 com.android.keychain for 10
02-20 16:46:36.143  1707  2222 D InetDiagMessage: Destroyed 0 sockets, proto=IPPROTO_TCP, family=AF_INET, states=14
02-20 16:46:36.144  1707  2222 D InetDiagMessage: Destroyed 1 sockets, proto=IPPROTO_TCP, family=AF_INET6, states=14
02-20 16:46:36.144  1707  2222 D InetDiagMessage: Destroyed live tcp sockets for uids={10307} in 3ms
02-20 16:46:36.146  1707  2222 D InetDiagMessage: Destroyed 0 sockets, proto=IPPROTO_TCP, family=AF_INET, states=14
02-20 16:46:36.147  1707  2222 D InetDiagMessage: Destroyed 0 sockets, proto=IPPROTO_TCP, family=AF_INET6, states=14
02-20 16:46:36.147  1707  2222 D InetDiagMessage: Destroyed live tcp sockets for uids={20307} in 2ms
02-20 16:46:36.147  1707  5582 D ConnectivityService: Returning BLOCKED NetworkInfo to uid=10307
02-20 16:46:36.158  3185  3185 W dumpsys : Thread Pool max thread count is 0. Cannot cache binder as linkToDeath cannot be implemented. serviceName: meminfo
02-20 16:46:36.160  1707  3849 D ActivityManager: freezer override set to true
02-20 16:46:36.161  1707  3849 D ActivityManager: sync unfroze 22834 com.google.android.partnersetup for 19
02-20 16:46:36.161  1707  3849 D ActivityManager: sync unfroze 30276 com.google.android.tts for 19
02-20 16:46:36.162  1707  3849 D ActivityManager: sync unfroze 11670 com.android.keychain for 19
02-20 16:46:36.162  1707  3849 D ActivityManager: sync unfroze 31609 com.android.vending:background for 19
02-20 16:46:36.162  1707  3849 D ActivityManager: sync unfroze 17151 com.android.permissioncontroller for 19
02-20 16:46:36.163  1707  3849 D ActivityManager: sync unfroze 31565 com.android.permissioncontroller for 19
02-20 16:46:36.163  1707  3849 D ActivityManager: sync unfroze 31338 com.android.intentresolver for 19
02-20 16:46:36.164  1707  3849 D ActivityManager: sync unfroze 31814 in.swiggy.android for 19
02-20 16:46:36.164  1707  3849 D ActivityManager: sync unfroze 28662 com.google.android.googlequicksearchbox:search for 19
02-20 16:46:36.165  1707  3849 D ActivityManager: sync unfroze 30724 org.omnirom.omnijaws for 19
02-20 16:46:36.165  1707  3849 D ActivityManager: sync unfroze 32629 com.google.android.apps.messaging for 19
02-20 16:46:36.166  1707  3849 D ActivityManager: sync unfroze 31444 com.google.android.apps.photos for 19
02-20 16:46:36.166  1707  3849 D ActivityManager: sync unfroze 31300 com.android.systemui:screenshot for 19
02-20 16:46:36.166  1707  3849 D ActivityManager: sync unfroze 31408 android.process.acore for 19
02-20 16:46:36.167  1707  3849 D ActivityManager: sync unfroze 31858 com.google.android.youtube for 19
02-20 16:46:36.167  1707  3849 D ActivityManager: sync unfroze 690 com.google.android.apps.tachyon for 19
02-20 16:46:36.168  1707  3849 D ActivityManager: sync unfroze 28057 com.google.android.gms for 19
02-20 16:46:36.168  1707  3849 D ActivityManager: sync unfroze 32685 com.google.android.gms.unstable for 19
02-20 16:46:36.169  1707  3849 D ActivityManager: sync unfroze 28108 com.android.vending for 19
02-20 16:46:36.170  1707  3849 D ActivityManager: sync unfroze 10176 com.ril.shein for 19
02-20 16:46:36.171  1707  3849 D ActivityManager: sync unfroze 16286 com.android.chrome for 19
02-20 16:46:36.173  8337  8337 D BoundBrokerSvc: onUnbind: Intent { act=com.google.android.gms.clearcut.sampler.service.START dat=chimera-action:/... xflg=0x4 cmp=com.google.android.gms/.chimera.PersistentDirectBootAwareApiService }
02-20 16:46:36.175 28108 28108 I Finsky  : [2] Memory trim requested to level 40
02-20 16:46:36.175 28108 28108 I Finsky  : [2] Flushing in-memory image cache
02-20 16:46:36.183 16286 16395 I cr_BindingManager: onTrimMemory: level=40, size=0
02-20 16:46:36.254  1261  3135 I inal.translator: Explicit concurrent mark compact GC freed 380KB AllocSpace bytes, 1(20KB) LOS objects, 81% free, 5446KB/29MB, paused 127us,2.675ms total 33.355ms
02-20 16:46:36.280  1707  3849 D ActivityManager: freezer override set to false
02-20 16:46:36.282 31609 31609 I Finsky:background: [2] Memory trim requested to level 40
02-20 16:46:36.291 32629 32643 I ForwardSyncCache: reclaimMemory: Clearing caches
02-20 16:46:36.292 32629 32643 W Bugle   : TextClassifierLibManagerImpl: Reclaiming memory at level: 40
02-20 16:46:36.455  1707  5582 W JobInfo : Job 'com.google.android.apps.photos/com.google.android.libraries.social.async.BackgroundTaskJobService#1043' has a deadline with no functional constraints. The deadline won't improve job execution latency. Consider removing the deadline.
02-20 16:46:36.469  1707  1831 W libprocessgroup: SetCgroup::ExecuteForProcess: failed to open /dev/stune/background/cgroup.procs: No such file or directory
02-20 16:46:36.919     0     0 I QG-K    : qg_battery_soc_smooth_tracking: soc:100, last_soc:100, raw_soc:100, soc_changed:1, update_now:0, charge_status:4, batt_ma:2
02-20 16:46:36.919     0     0 E QG-K    : soc_monitor_work: soc:100, raw_soc:100, c:2, s:4
02-20 16:46:37.148  1074 30687 E WifiHAL : wifi_get_cached_scan_results: Wifi Cached Scan Result not supported by driver
02-20 16:46:37.149  1707  2215 E WifiStaIfaceAidlImpl: getCachedScanData failed with service-specific exception: android.os.ServiceSpecificException:  (code 4)
02-20 16:46:37.760     0     0 E         : [GTP-ERR][goodix_power_supply_work:2164] unsupport charger state 4
02-20 16:46:37.761     0     0 I QG-K    : qg_status_change_work: charge_status=4 charge_done=1
02-20 16:46:37.761     0     0 I         : fv calibrate = 0, fv = 4450000
02-20 16:46:37.761     0     0 I pm6150_charger: smblib_set_charge_param: float voltage = 4450000 (0x55)
02-20 16:46:37.762     0     0 I pm6150_charger: smblib_process_thermal_readings: Current temperatures: 	DIE_TEMP: 389,	CONN_TEMP: -400,	SMB_TEMP: -61,	SKIN_TEMP: -61
02-20 16:46:37.762     0     0 I THERMAL_STATUS: 5
02-20 16:46:37.765     0     0 I QG-K    : qg_charge_full_update: msoc=100 health=1 charge_full=1 charge_done=1 charge_status=4
02-20 16:46:37.777  2619  2619 D QtiCarrierConfigHelper: WARNING, no carrier configs on phone Id: 0
02-20 16:46:37.777  2619  2619 D QtiCarrierConfigHelper: WARNING, no carrier configs on phone Id: 1
02-20 16:46:37.793  2619  2619 D QtiCarrierConfigHelper: WARNING, no carrier configs on phone Id: 0
02-20 16:46:37.793  2619  2619 D QtiCarrierConfigHelper: WARNING, no carrier configs on phone Id: 1
02-20 16:46:38.693  1066  1097 E android.hardware.sensors@1.0-service: ERROR: Fix ultrasound sensor so it does not return error from poll()
02-20 16:46:40.168  1074 30687 E WifiHAL : wifi_get_cached_scan_results: Wifi Cached Scan Result not supported by driver
02-20 16:46:40.168  1707  2215 E WifiStaIfaceAidlImpl: getCachedScanData failed with service-specific exception: android.os.ServiceSpecificException:  (code 4)
02-20 16:46:41.134  1707  2175 D ActivityManager: freezing 14748 com.whatsapp
02-20 16:46:41.138  1707  2222 D InetDiagMessage: Destroyed 0 sockets, proto=IPPROTO_TCP, family=AF_INET, states=14
02-20 16:46:41.139  1707  2222 D InetDiagMessage: Destroyed 0 sockets, proto=IPPROTO_TCP, family=AF_INET6, states=14
02-20 16:46:41.139  1707  2222 D InetDiagMessage: Destroyed live tcp sockets for uids={10307} in 2ms
02-20 16:46:41.197 28057 28057 D BoundBrokerSvc: onUnbind: Intent { act=com.google.android.gms.constellation.service.START xflg=0x4 pkg=com.google.android.gms }
02-20 16:46:43.186  1074 30687 E WifiHAL : wifi_get_cached_scan_results: Wifi Cached Scan Result not supported by driver
02-20 16:46:43.186  1707  2215 E WifiStaIfaceAidlImpl: getCachedScanData failed with service-specific exception: android.os.ServiceSpecificException:  (code 4)
02-20 16:46:44.850  9072 12162 I gle.android.gms: Explicit concurrent mark compact GC freed 468KB AllocSpace bytes, 0(0B) LOS objects, 55% free, 6634KB/14MB, paused 1.175ms,13.252ms total 199.883ms
02-20 16:46:45.953  3206  3206 W dumpsys : Thread Pool max thread count is 0. Cannot cache binder as linkToDeath cannot be implemented. serviceName: meminfo
02-20 16:46:45.955  1707  5582 D ActivityManager: freezer override set to true
02-20 16:46:45.957  1707  5582 D ActivityManager: sync unfroze 14748 com.whatsapp for 19
02-20 16:46:45.969     0     0 E         : [GTP-ERR][goodix_power_supply_work:2164] unsupport charger state 4
02-20 16:46:45.969     0     0 I QG-K    : qg_status_change_work: charge_status=4 charge_done=1
02-20 16:46:45.970     0     0 I         : fv calibrate = 0, fv = 4450000
02-20 16:46:45.970     0     0 I pm6150_charger: smblib_set_charge_param: float voltage = 4450000 (0x55)
02-20 16:46:45.971     0     0 I pm6150_charger: smblib_process_thermal_readings: Current temperatures: 	DIE_TEMP: 383,	CONN_TEMP: -400,	SMB_TEMP: -61,	SKIN_TEMP: -61
02-20 16:46:45.971     0     0 I THERMAL_STATUS: 5
02-20 16:46:45.972     0     0 E QCOM-STEPCHG: handle_jeita: BATT_TEMP = 336 FCC = 6000000uA FV = 4470000uV
02-20 16:46:45.976     0     0 I QG-K    : qg_charge_full_update: msoc=100 health=1 charge_full=1 charge_done=1 charge_status=4
02-20 16:46:45.988  2619  2619 D QtiCarrierConfigHelper: WARNING, no carrier configs on phone Id: 0
02-20 16:46:45.988  2619  2619 D QtiCarrierConfigHelper: WARNING, no carrier configs on phone Id: 1
02-20 16:46:46.137  1261  3135 I inal.translator: Explicit concurrent mark compact GC freed 224KB AllocSpace bytes, 1(20KB) LOS objects, 81% free, 5446KB/29MB, paused 163us,3.465ms total 39.660ms
02-20 16:46:46.166  1707  5582 D ActivityManager: freezer override set to false
02-20 16:46:46.184  1707  2175 D ActivityManager: freezing 16286 com.android.chrome
02-20 16:46:46.186  1707  2175 D ActivityManager: freezing 28108 com.android.vending
02-20 16:46:46.187  1707  2175 D ActivityManager: freezing 32685 com.google.android.gms.unstable
02-20 16:46:46.188  1707  2222 D InetDiagMessage: Destroyed 0 sockets, proto=IPPROTO_TCP, family=AF_INET, states=14
02-20 16:46:46.189  1707  2222 D InetDiagMessage: Destroyed 0 sockets, proto=IPPROTO_TCP, family=AF_INET6, states=14
02-20 16:46:46.189  1707  2222 D InetDiagMessage: Destroyed live tcp sockets for uids={10226} in 2ms
02-20 16:46:46.203  1074 30687 E WifiHAL : wifi_get_cached_scan_results: Wifi Cached Scan Result not supported by driver
02-20 16:46:46.203  1707  2215 E WifiStaIfaceAidlImpl: getCachedScanData failed with service-specific exception: android.os.ServiceSpecificException:  (code 4)
02-20 16:46:46.289  1707  2175 D ActivityManager: freezing 22834 com.google.android.partnersetup
02-20 16:46:46.290  1707  2175 D ActivityManager: freezing 30276 com.google.android.tts
02-20 16:46:46.291  1707  2175 D ActivityManager: freezing 11670 com.android.keychain
02-20 16:46:46.292  1707  2175 D ActivityManager: freezing 31609 com.android.vending:background
02-20 16:46:46.292  1707  2175 D ActivityManager: freezing 17151 com.android.permissioncontroller
02-20 16:46:46.293  1707  2175 D ActivityManager: freezing 31565 com.android.permissioncontroller
02-20 16:46:46.294  1707  2175 D ActivityManager: freezing 31338 com.android.intentresolver
02-20 16:46:46.294  1707  2175 D ActivityManager: freezing 31814 in.swiggy.android
02-20 16:46:46.295  1707  2175 D ActivityManager: freezing 28662 com.google.android.googlequicksearchbox:search
02-20 16:46:46.296  1707  2175 D ActivityManager: freezing 30724 org.omnirom.omnijaws
02-20 16:46:46.297  1707  2175 D ActivityManager: freezing 32629 com.google.android.apps.messaging
02-20 16:46:46.298  1707  2175 D ActivityManager: freezing 31300 com.android.systemui:screenshot
02-20 16:46:46.298  1707  2175 D ActivityManager: freezing 31408 android.process.acore
02-20 16:46:46.299  1707  2175 D ActivityManager: freezing 31858 com.google.android.youtube
02-20 16:46:46.300  1707  2175 D ActivityManager: freezing 690 com.google.android.apps.tachyon
02-20 16:46:46.301  1707  2175 D ActivityManager: freezing 10176 com.ril.shein
02-20 16:46:46.305  1707  2222 D InetDiagMessage: Destroyed 0 sockets, proto=IPPROTO_TCP, family=AF_INET, states=14
02-20 16:46:46.305  1707  2222 D InetDiagMessage: Destroyed 0 sockets, proto=IPPROTO_TCP, family=AF_INET6, states=14
02-20 16:46:46.305  1707  2222 D InetDiagMessage: Destroyed live tcp sockets for uids={1010216} in 1ms
02-20 16:46:46.305  1707  2222 D InetDiagMessage: Destroyed 0 sockets, proto=IPPROTO_TCP, family=AF_INET, states=14
02-20 16:46:46.306  1707  2222 D InetDiagMessage: Destroyed 0 sockets, proto=IPPROTO_TCP, family=AF_INET6, states=14
02-20 16:46:46.306  1707  2222 D InetDiagMessage: Destroyed live tcp sockets for uids={1010237} in 1ms
02-20 16:46:46.306  1707  2222 D InetDiagMessage: Destroyed 0 sockets, proto=IPPROTO_TCP, family=AF_INET, states=14
02-20 16:46:46.306  1707  2222 D InetDiagMessage: Destroyed 0 sockets, proto=IPPROTO_TCP, family=AF_INET6, states=14
02-20 16:46:46.306  1707  2222 D InetDiagMessage: Destroyed live tcp sockets for uids={10220} in 1ms
02-20 16:46:46.307  1707  2222 D InetDiagMessage: Destroyed 0 sockets, proto=IPPROTO_TCP, family=AF_INET, states=14
02-20 16:46:46.307  1707  2222 D InetDiagMessage: Destroyed 0 sockets, proto=IPPROTO_TCP, family=AF_INET6, states=14
02-20 16:46:46.307  1707  2222 D InetDiagMessage: Destroyed live tcp sockets for uids={1010278} in 0ms
02-20 16:46:46.308  1707  2222 D InetDiagMessage: Destroyed 0 sockets, proto=IPPROTO_TCP, family=AF_INET, states=14
02-20 16:46:46.308  1707  2222 D InetDiagMessage: Destroyed 0 sockets, proto=IPPROTO_TCP, family=AF_INET6, states=14
02-20 16:46:46.308  1707  2222 D InetDiagMessage: Destroyed live tcp sockets for uids={10278} in 1ms
02-20 16:46:46.308  1707  2222 D InetDiagMessage: Destroyed 0 sockets, proto=IPPROTO_TCP, family=AF_INET, states=14
02-20 16:46:46.309  1707  2222 D InetDiagMessage: Destroyed 0 sockets, proto=IPPROTO_TCP, family=AF_INET6, states=14
02-20 16:46:46.309  1707  2222 D InetDiagMessage: Destroyed live tcp sockets for uids={10180} in 1ms
02-20 16:46:46.309  1707  2222 D InetDiagMessage: Destroyed 0 sockets, proto=IPPROTO_TCP, family=AF_INET, states=14
02-20 16:46:46.309  1707  2222 D InetDiagMessage: Destroyed 0 sockets, proto=IPPROTO_TCP, family=AF_INET6, states=14
02-20 16:46:46.309  1707  2222 D InetDiagMessage: Destroyed live tcp sockets for uids={10301} in 0ms
02-20 16:46:46.310  1707  2222 D InetDiagMessage: Destroyed 0 sockets, proto=IPPROTO_TCP, family=AF_INET, states=14
02-20 16:46:46.310  1707  2222 D InetDiagMessage: Destroyed 0 sockets, proto=IPPROTO_TCP, family=AF_INET6, states=14
02-20 16:46:46.310  1707  2222 D InetDiagMessage: Destroyed live tcp sockets for uids={10268} in 0ms
02-20 16:46:46.310  1707  2222 D InetDiagMessage: Destroyed 0 sockets, proto=IPPROTO_TCP, family=AF_INET, states=14
02-20 16:46:46.311  1707  2222 D InetDiagMessage: Destroyed 0 sockets, proto=IPPROTO_TCP, family=AF_INET6, states=14
02-20 16:46:46.311  1707  2222 D InetDiagMessage: Destroyed live tcp sockets for uids={10170} in 1ms
02-20 16:46:46.311  1707  2222 D InetDiagMessage: Destroyed 3 sockets, proto=IPPROTO_TCP, family=AF_INET, states=14
02-20 16:46:46.312  1707  2222 D InetDiagMessage: Destroyed 0 sockets, proto=IPPROTO_TCP, family=AF_INET6, states=14
02-20 16:46:46.312  1707  2222 D InetDiagMessage: Destroyed live tcp sockets for uids={10296} in 1ms
02-20 16:46:46.312  1707  2222 D InetDiagMessage: Destroyed 0 sockets, proto=IPPROTO_TCP, family=AF_INET, states=14
02-20 16:46:46.312  1707  2222 D InetDiagMessage: Destroyed 0 sockets, proto=IPPROTO_TCP, family=AF_INET6, states=14
02-20 16:46:46.312  1707  2222 D InetDiagMessage: Destroyed live tcp sockets for uids={10311} in 1ms
02-20 16:46:46.313  1707  2222 D InetDiagMessage: Destroyed 0 sockets, proto=IPPROTO_TCP, family=AF_INET, states=14
02-20 16:46:46.313  1707  2222 D InetDiagMessage: Destroyed 0 sockets, proto=IPPROTO_TCP, family=AF_INET6, states=14
02-20 16:46:46.313  1707  2222 D InetDiagMessage: Destroyed live tcp sockets for uids={10305} in 0ms
02-20 16:46:46.474  1707  2965 W JobInfo : Job 'com.google.android.apps.photos/com.google.android.libraries.social.async.BackgroundTaskJobService#1043' has a deadline with no functional constraints. The deadline won't improve job execution latency. Consider removing the deadline.
02-20 16:46:46.483  1707  1831 W libprocessgroup: SetCgroup::ExecuteForProcess: failed to open /dev/stune/background/cgroup.procs: No such file or directory
02-20 16:46:46.701  1066  1097 E android.hardware.sensors@1.0-service: ERROR: Fix ultrasound sensor so it does not return error from poll()
02-20 16:46:47.157     0     0 E         : ibat_ua =-10681
02-20 16:46:47.159     0     0 I QG-K    : qg_battery_soc_smooth_tracking: soc:100, last_soc:100, raw_soc:100, soc_changed:1, update_now:0, charge_status:4, batt_ma:-10
02-20 16:46:47.159     0     0 E QG-K    : soc_monitor_work: soc:100, raw_soc:100, c:-10, s:4
02-20 16:46:49.218  1074 30687 E WifiHAL : wifi_get_cached_scan_results: Wifi Cached Scan Result not supported by driver
02-20 16:46:49.218  1707  2215 E WifiStaIfaceAidlImpl: getCachedScanData failed with service-specific exception: android.os.ServiceSpecificException:  (code 4)
02-20 16:46:51.209  1707  2175 D ActivityManager: freezing 28057 com.google.android.gms
02-20 16:46:52.228  1074 30687 E WifiHAL : wifi_get_cached_scan_results: Wifi Cached Scan Result not supported by driver
02-20 16:46:52.229  1707  2215 E WifiStaIfaceAidlImpl: getCachedScanData failed with service-specific exception: android.os.ServiceSpecificException:  (code 4)
02-20 16:46:54.177     0     0 E         : [GTP-ERR][goodix_power_supply_work:2164] unsupport charger state 4
02-20 16:46:54.177     0     0 I QG-K    : qg_status_change_work: charge_status=4 charge_done=1
02-20 16:46:54.178     0     0 I         : fv calibrate = 0, fv = 4450000
02-20 16:46:54.178     0     0 I pm6150_charger: smblib_set_charge_param: float voltage = 4450000 (0x55)
02-20 16:46:54.179     0     0 I pm6150_charger: smblib_process_thermal_readings: Current temperatures: 	DIE_TEMP: 379,	CONN_TEMP: -400,	SMB_TEMP: -61,	SKIN_TEMP: -61
02-20 16:46:54.179     0     0 I THERMAL_STATUS: 5
02-20 16:46:54.180     0     0 E QCOM-STEPCHG: handle_jeita: BATT_TEMP = 336 FCC = 6000000uA FV = 4470000uV
02-20 16:46:54.181     0     0 E         : ibat_ua =-610
02-20 16:46:54.184     0     0 I QG-K    : qg_charge_full_update: msoc=100 health=1 charge_full=1 charge_done=1 charge_status=4
02-20 16:46:54.186     0     0 E         : ibat_ua =-610
02-20 16:46:54.190     0     0 E         : ibat_ua =-610
02-20 16:46:54.196  2619  2619 D QtiCarrierConfigHelper: WARNING, no carrier configs on phone Id: 0
02-20 16:46:54.190     0     0 E         : ibat_ua =-610
02-20 16:46:54.196  2619  2619 D QtiCarrierConfigHelper: WARNING, no carrier configs on phone Id: 1
02-20 16:46:54.710  1066  1097 E android.hardware.sensors@1.0-service: ERROR: Fix ultrasound sensor so it does not return error from poll()
02-20 16:46:55.240  1074 30687 E WifiHAL : wifi_get_cached_scan_results: Wifi Cached Scan Result not supported by driver
02-20 16:46:55.240  1707  2215 E WifiStaIfaceAidlImpl: getCachedScanData failed with service-specific exception: android.os.ServiceSpecificException:  (code 4)
02-20 16:46:55.810  3223  3223 W dumpsys : Thread Pool max thread count is 0. Cannot cache binder as linkToDeath cannot be implemented. serviceName: meminfo
02-20 16:46:55.811  1707  5582 D ActivityManager: freezer override set to true
02-20 16:46:55.812  1707  5582 D ActivityManager: sync unfroze 22834 com.google.android.partnersetup for 19
02-20 16:46:55.813  1707  5582 D ActivityManager: sync unfroze 30276 com.google.android.tts for 19
02-20 16:46:55.813  1707  5582 D ActivityManager: sync unfroze 11670 com.android.keychain for 19
02-20 16:46:55.814  1707  5582 D ActivityManager: sync unfroze 31609 com.android.vending:background for 19
02-20 16:46:55.814  1707  5582 D ActivityManager: sync unfroze 17151 com.android.permissioncontroller for 19
02-20 16:46:55.815  1707  5582 D ActivityManager: sync unfroze 31565 com.android.permissioncontroller for 19
02-20 16:46:55.815  1707  5582 D ActivityManager: sync unfroze 31338 com.android.intentresolver for 19
02-20 16:46:55.816  1707  5582 D ActivityManager: sync unfroze 31814 in.swiggy.android for 19
02-20 16:46:55.816  1707  5582 D ActivityManager: sync unfroze 28662 com.google.android.googlequicksearchbox:search for 19
02-20 16:46:55.817  1707  5582 D ActivityManager: sync unfroze 30724 org.omnirom.omnijaws for 19
02-20 16:46:55.817  1707  5582 D ActivityManager: sync unfroze 32629 com.google.android.apps.messaging for 19
02-20 16:46:55.818  1707  5582 D ActivityManager: sync unfroze 31300 com.android.systemui:screenshot for 19
02-20 16:46:55.818  1707  5582 D ActivityManager: sync unfroze 31408 android.process.acore for 19
02-20 16:46:55.819  1707  5582 D ActivityManager: sync unfroze 31858 com.google.android.youtube for 19
02-20 16:46:55.819  1707  5582 D ActivityManager: sync unfroze 690 com.google.android.apps.tachyon for 19
02-20 16:46:55.820  1707  5582 D ActivityManager: sync unfroze 32685 com.google.android.gms.unstable for 19
02-20 16:46:55.821  1707  5582 D ActivityManager: sync unfroze 28057 com.google.android.gms for 19
02-20 16:46:55.821  1707  5582 D ActivityManager: sync unfroze 28108 com.android.vending for 19
02-20 16:46:55.822  1707  5582 D ActivityManager: sync unfroze 10176 com.ril.shein for 19
02-20 16:46:55.823  1707  5582 D ActivityManager: sync unfroze 16286 com.android.chrome for 19
02-20 16:46:55.829 28108 28108 I Finsky  : [2] Memory trim requested to level 40
02-20 16:46:55.829 28108 28108 I Finsky  : [2] Flushing in-memory image cache
02-20 16:46:55.833 16286 16395 I cr_BindingManager: onTrimMemory: level=40, size=0
02-20 16:46:55.970  1261  3135 I inal.translator: Explicit concurrent mark compact GC freed 224KB AllocSpace bytes, 1(20KB) LOS objects, 81% free, 5446KB/29MB, paused 140us,3.107ms total 36.430ms
02-20 16:46:55.982  1707  2175 D ActivityManager: Skipping freeze for process 24797 com.android.settings curAdj = 900(override)
02-20 16:46:55.982  1707  2175 D ActivityManager: Skipping freeze for process 31566 com.android.keychain curAdj = 905(override)
02-20 16:46:55.982  1707  2175 D ActivityManager: Skipping freeze for process 14748 com.whatsapp curAdj = 900(override)
02-20 16:46:55.998  1707  5582 D ActivityManager: freezer override set to false
02-20 16:46:56.000 31609 31609 I Finsky:background: [2] Memory trim requested to level 40
02-20 16:46:56.008 32629 32643 I ForwardSyncCache: reclaimMemory: Clearing caches
02-20 16:46:56.009 32629 32643 W Bugle   : TextClassifierLibManagerImpl: Reclaiming memory at level: 40
02-20 16:46:56.525  1707  2175 D ActivityManager: freezing 31444 com.google.android.apps.photos
02-20 16:46:56.527  1707  2222 D InetDiagMessage: Destroyed 0 sockets, proto=IPPROTO_TCP, family=AF_INET, states=14
02-20 16:46:56.528  1707  2222 D InetDiagMessage: Destroyed 0 sockets, proto=IPPROTO_TCP, family=AF_INET6, states=14
02-20 16:46:56.528  1707  2222 D InetDiagMessage: Destroyed live tcp sockets for uids={10302} in 2ms
02-20 16:46:54.193     0     0 E         : ibat_ua =-610
02-20 16:46:57.397     0     0 E         : ibat_ua =-8544
02-20 16:46:57.399     0     0 I QG-K    : qg_battery_soc_smooth_tracking: soc:100, last_soc:100, raw_soc:100, soc_changed:1, update_now:0, charge_status:4, batt_ma:-8
02-20 16:46:57.399     0     0 E QG-K    : soc_monitor_work: soc:100, raw_soc:100, c:-8, s:4
02-20 16:46:58.254  1074 30687 E WifiHAL : wifi_get_cached_scan_results: Wifi Cached Scan Result not supported by driver
02-20 16:46:58.255  1707  2215 E WifiStaIfaceAidlImpl: getCachedScanData failed with service-specific exception: android.os.ServiceSpecificException:  (code 4)
02-20 16:46:59.510     0     0 E         : ibat_ua =-305
02-20 16:46:59.514     0     0 E         : ibat_ua =-305
02-20 16:46:59.515     0     0 E         : ibat_ua =-305
02-20 16:46:59.521  2619  2619 D QtiCarrierConfigHelper: WARNING, no carrier configs on phone Id: 0
02-20 16:46:59.521  2619  2619 D QtiCarrierConfigHelper: WARNING, no carrier configs on phone Id: 1
02-20 16:47:01.282  1074 30687 E WifiHAL : wifi_get_cached_scan_results: Wifi Cached Scan Result not supported by driver
02-20 16:47:01.282  1707  2215 E WifiStaIfaceAidlImpl: getCachedScanData failed with service-specific exception: android.os.ServiceSpecificException:  (code 4)
02-20 16:46:59.518     0     0 E         : ibat_ua =-305
02-20 16:47:02.383     0     0 E         : [GTP-ERR][goodix_power_supply_work:2164] unsupport charger state 4
02-20 16:47:02.383     0     0 I QG-K    : qg_status_change_work: charge_status=4 charge_done=1
02-20 16:47:02.384     0     0 I         : fv calibrate = 0, fv = 4450000
02-20 16:47:02.384     0     0 I pm6150_charger: smblib_set_charge_param: float voltage = 4450000 (0x55)
02-20 16:47:02.385     0     0 I pm6150_charger: smblib_process_thermal_readings: Current temperatures: 	DIE_TEMP: 377,	CONN_TEMP: -400,	SMB_TEMP: -61,	SKIN_TEMP: -61
02-20 16:47:02.385     0     0 I THERMAL_STATUS: 5
02-20 16:47:02.387     0     0 E QCOM-STEPCHG: handle_jeita: BATT_TEMP = 336 FCC = 6000000uA FV = 4470000uV
02-20 16:47:02.389     0     0 I QG-K    : qg_charge_full_update: msoc=100 health=1 charge_full=1 charge_done=1 charge_status=4
02-20 16:47:02.719  1066  1097 E android.hardware.sensors@1.0-service: ERROR: Fix ultrasound sensor so it does not return error from poll()
02-20 16:47:04.298  1074 30687 E WifiHAL : wifi_get_cached_scan_results: Wifi Cached Scan Result not supported by driver
02-20 16:47:04.298  1707  2215 E WifiStaIfaceAidlImpl: getCachedScanData failed with service-specific exception: android.os.ServiceSpecificException:  (code 4)
02-20 16:47:04.980     0     0 I pm6150_charger: chg_termination_alarm_cb: Charge termination WA alarm triggered 16516479
02-20 16:47:04.980     0     0 I pm6150_charger: smblib_chg_termination_work: Chg Term WA readings: cc_soc: 9867, cc_soc_ref: 9933, delay: 300000 vbat_now 4406776 term_vbat 4417286
02-20 16:47:05.699  3237  3237 W dumpsys : Thread Pool max thread count is 0. Cannot cache binder as linkToDeath cannot be implemented. serviceName: meminfo
02-20 16:47:05.701  1707  2965 D ActivityManager: freezer override set to true
02-20 16:47:05.702  1707  2965 D ActivityManager: sync unfroze 31444 com.google.android.apps.photos for 19
02-20 16:47:05.855  1707  2175 D ActivityManager: Skipping freeze for process 16286 com.android.chrome curAdj = 900(override)
02-20 16:47:05.856  1707  2175 D ActivityManager: Skipping freeze for process 28108 com.android.vending curAdj = 910(override)
02-20 16:47:05.873  1261  3135 I inal.translator: Explicit concurrent mark compact GC freed 224KB AllocSpace bytes, 1(20KB) LOS objects, 81% free, 5446KB/29MB, paused 153us,3.429ms total 39.553ms
02-20 16:47:05.900  1707  2965 D ActivityManager: freezer override set to false
02-20 16:47:05.902 28108 28108 I Finsky  : [2] Memory trim requested to level 40
02-20 16:47:05.902 28108 28108 I Finsky  : [2] Flushing in-memory image cache
02-20 16:47:05.907 16286 16395 I cr_BindingManager: onTrimMemory: level=40, size=0
02-20 16:47:05.999  1707  2175 D ActivityManager: freezing 22834 com.google.android.partnersetup
02-20 16:47:06.001  1707  2175 D ActivityManager: freezing 30276 com.google.android.tts
02-20 16:47:06.001  1707  2175 D ActivityManager: freezing 11670 com.android.keychain
02-20 16:47:06.002  1707  2175 D ActivityManager: freezing 31566 com.android.keychain
02-20 16:47:06.002  1707  2175 D ActivityManager: freezing 31609 com.android.vending:background
02-20 16:47:06.003  1707  2175 D ActivityManager: freezing 17151 com.android.permissioncontroller
02-20 16:47:06.006  1707  2175 D ActivityManager: freezing 31565 com.android.permissioncontroller
02-20 16:47:06.007  1707  2175 D ActivityManager: freezing 31338 com.android.intentresolver
02-20 16:47:06.008  1707  2175 D ActivityManager: freezing 31814 in.swiggy.android
02-20 16:47:06.009  1707  2175 D ActivityManager: freezing 28662 com.google.android.googlequicksearchbox:search
02-20 16:47:06.010  1707  2175 D ActivityManager: freezing 30724 org.omnirom.omnijaws
02-20 16:47:06.010  1707  2175 D ActivityManager: freezing 32629 com.google.android.apps.messaging
02-20 16:47:06.011  1707  2175 D ActivityManager: freezing 31300 com.android.systemui:screenshot
02-20 16:47:06.012  1707  2175 D ActivityManager: freezing 31408 android.process.acore
02-20 16:47:06.013  1707  2175 D ActivityManager: freezing 32685 com.google.android.gms.unstable
02-20 16:47:06.013  1707  2175 D ActivityManager: freezing 28057 com.google.android.gms
02-20 16:47:06.014  1707  2175 D ActivityManager: freezing 31858 com.google.android.youtube
02-20 16:47:06.015  1707  2175 D ActivityManager: freezing 690 com.google.android.apps.tachyon
02-20 16:47:06.017  1707  2175 D ActivityManager: freezing 10176 com.ril.shein
02-20 16:47:06.019  1707  2175 D ActivityManager: freezing 24797 com.android.settings
02-20 16:47:06.020  1707  2175 D ActivityManager: freezing 14748 com.whatsapp
02-20 16:47:06.023  1707  2222 D InetDiagMessage: Destroyed 0 sockets, proto=IPPROTO_TCP, family=AF_INET, states=14
02-20 16:47:06.024  1707  2222 D InetDiagMessage: Destroyed 0 sockets, proto=IPPROTO_TCP, family=AF_INET6, states=14
02-20 16:47:06.024  1707  2222 D InetDiagMessage: Destroyed live tcp sockets for uids={1010216} in 2ms
02-20 16:47:06.026  1707  2222 D InetDiagMessage: Destroyed 0 sockets, proto=IPPROTO_TCP, family=AF_INET, states=14
02-20 16:47:06.027  1707  2222 D InetDiagMessage: Destroyed 0 sockets, proto=IPPROTO_TCP, family=AF_INET6, states=14
02-20 16:47:06.027  1707  2222 D InetDiagMessage: Destroyed live tcp sockets for uids={1010237} in 3ms
02-20 16:47:06.028  1707  2222 D InetDiagMessage: Destroyed 0 sockets, proto=IPPROTO_TCP, family=AF_INET, states=14
02-20 16:47:06.029  1707  2222 D InetDiagMessage: Destroyed 0 sockets, proto=IPPROTO_TCP, family=AF_INET6, states=14
02-20 16:47:06.029  1707  2222 D InetDiagMessage: Destroyed live tcp sockets for uids={1010278} in 2ms
02-20 16:47:06.029  1707  2222 D InetDiagMessage: Destroyed 0 sockets, proto=IPPROTO_TCP, family=AF_INET, states=14
02-20 16:47:06.030  1707  2222 D InetDiagMessage: Destroyed 0 sockets, proto=IPPROTO_TCP, family=AF_INET6, states=14
02-20 16:47:06.030  1707  2222 D InetDiagMessage: Destroyed live tcp sockets for uids={10278} in 1ms
02-20 16:47:06.031  1707  2222 D InetDiagMessage: Destroyed 0 sockets, proto=IPPROTO_TCP, family=AF_INET, states=14
02-20 16:47:06.031  1707  2222 D InetDiagMessage: Destroyed 0 sockets, proto=IPPROTO_TCP, family=AF_INET6, states=14
02-20 16:47:06.031  1707  2222 D InetDiagMessage: Destroyed live tcp sockets for uids={10180} in 2ms
02-20 16:47:06.032  1707  2222 D InetDiagMessage: Destroyed 0 sockets, proto=IPPROTO_TCP, family=AF_INET, states=14
02-20 16:47:06.033  1707  2222 D InetDiagMessage: Destroyed 0 sockets, proto=IPPROTO_TCP, family=AF_INET6, states=14
02-20 16:47:06.033  1707  2222 D InetDiagMessage: Destroyed live tcp sockets for uids={10301} in 1ms
02-20 16:47:06.035  1707  2222 D InetDiagMessage: Destroyed 0 sockets, proto=IPPROTO_TCP, family=AF_INET, states=14
02-20 16:47:06.035  1707  2222 D InetDiagMessage: Destroyed 0 sockets, proto=IPPROTO_TCP, family=AF_INET6, states=14
02-20 16:47:06.036  1707  2222 D InetDiagMessage: Destroyed live tcp sockets for uids={10268} in 2ms
02-20 16:47:06.036  1707  2222 D InetDiagMessage: Destroyed 0 sockets, proto=IPPROTO_TCP, family=AF_INET, states=14
02-20 16:47:06.037  1707  2222 D InetDiagMessage: Destroyed 0 sockets, proto=IPPROTO_TCP, family=AF_INET6, states=14
02-20 16:47:06.037  1707  2222 D InetDiagMessage: Destroyed live tcp sockets for uids={10170} in 1ms
02-20 16:47:06.039  1707  2222 D InetDiagMessage: Destroyed 3 sockets, proto=IPPROTO_TCP, family=AF_INET, states=14
02-20 16:47:06.040  1707  2222 D InetDiagMessage: Destroyed 0 sockets, proto=IPPROTO_TCP, family=AF_INET6, states=14
02-20 16:47:06.040  1707  2222 D InetDiagMessage: Destroyed live tcp sockets for uids={10296} in 2ms
02-20 16:47:06.041  1707  2222 D InetDiagMessage: Destroyed 0 sockets, proto=IPPROTO_TCP, family=AF_INET, states=14
02-20 16:47:06.042  1707  2222 D InetDiagMessage: Destroyed 0 sockets, proto=IPPROTO_TCP, family=AF_INET6, states=14
02-20 16:47:06.042  1707  2222 D InetDiagMessage: Destroyed live tcp sockets for uids={10311} in 2ms
02-20 16:47:06.043  1707  2222 D InetDiagMessage: Destroyed 0 sockets, proto=IPPROTO_TCP, family=AF_INET, states=14
02-20 16:47:06.044  1707  2222 D InetDiagMessage: Destroyed 0 sockets, proto=IPPROTO_TCP, family=AF_INET6, states=14
02-20 16:47:06.044  1707  2222 D InetDiagMessage: Destroyed live tcp sockets for uids={10305} in 2ms
02-20 16:47:06.045  1707  2222 D InetDiagMessage: Destroyed 0 sockets, proto=IPPROTO_TCP, family=AF_INET, states=14
02-20 16:47:06.046  1707  2222 D InetDiagMessage: Destroyed 0 sockets, proto=IPPROTO_TCP, family=AF_INET6, states=14
02-20 16:47:06.046  1707  2222 D InetDiagMessage: Destroyed live tcp sockets for uids={10307} in 2ms
02-20 16:47:07.327  1074 30687 E WifiHAL : wifi_get_cached_scan_results: Wifi Cached Scan Result not supported by driver
02-20 16:47:07.327  1707  2215 E WifiStaIfaceAidlImpl: getCachedScanData failed with service-specific exception: android.os.ServiceSpecificException:  (code 4)
02-20 16:47:07.637     0     0 E         : ibat_ua =-9460
02-20 16:47:07.651     0     0 I QG-K    : qg_battery_soc_smooth_tracking: soc:100, last_soc:100, raw_soc:100, soc_changed:1, update_now:0, charge_status:4, batt_ma:-9
02-20 16:47:07.651     0     0 E QG-K    : soc_monitor_work: soc:100, raw_soc:100, c:-9, s:4
02-20 16:47:08.661     0     0 I smb     : 01:1000 45 28 00 55 00 98 00 00 6c 00 ff ff c0 00 03 03 00 00 00 00 00 38 2e 3f 60 7f 00 01 01 03 00 00 00 00 00 00 00 01 60 04 02 03 07 a0 fd 71 00 a3 02 0a 0a 00 00 55
02-20 16:47:08.662     0     0 I         : cp_charge_enabled(0), charge_status(4), charge_type(1), batt_health(1)
02-20 16:47:08.662     0     0 I         : calculate esr condition not satisfy.
02-20 16:47:08.662     0     0 I smb     : 01:1300 01 11 01 01 00 00 00 00 00 00 10 ff 3f 00 df df 00 00 00 00 00 00 00 40 00 00 48 00 00 00 00 07 00 5c 38 11 a1 03 00 00 7f 00 00 00 00 00 00 0a 54 00 00 00 00
02-20 16:47:08.662     0     0 I smb     : 01:1500 02 00 00 23 19 2b 00 07 f8 00 00 ff ff 02 00 6d 6d 00 00 00 00 00 00 00 10 00 01 00 00 00 07 00 01 00 03 00 06 00 01 00 01 00 01 01 01 00 07 00 00 00 00 00 40 00 00 00 03 00 00 00 12 00 00 00 00 00 00 00 00 00 00 10
02-20 16:47:08.662     0     0 I pm6150_charger: smblib_reg_work: ICL vote value is 500000 voted by USB_PSY_VOTER
02-20 16:47:08.662     0     0 I pm6150_charger: smblib_reg_work: FCC vote value is 4800000 voted by PD_VERIFED_VOTER
02-20 16:47:08.662     0     0 I pm6150_charger: smblib_reg_work: FV vote value is 4450000 voted by NON_FFC_VFLOAT_VOTER
02-20 16:47:08.664     0     0 I pm6150_charger: smblib_reg_work: resistance_now[62]
02-20 16:47:08.664     0     0 I pm6150_charger: smblib_reg_work: ICL settle value[500000], usbin adc current[370130], vbusin adc vol[4923520]
02-20 16:47:08.664     0     0 I pm6150_charger: smblib_reg_work: AICL_STS[500000]
02-20 16:47:08.664     0     0 I pm6150_charger: smblib_reg_work: Type-C orientation[2], Type-C mode[8], Real Charger Type[4]
02-20 16:47:10.344  1074 30687 E WifiHAL : wifi_get_cached_scan_results: Wifi Cached Scan Result not supported by driver
02-20 16:47:10.345  1707  2215 E WifiStaIfaceAidlImpl: getCachedScanData failed with service-specific exception: android.os.ServiceSpecificException:  (code 4)
02-20 16:47:10.589     0     0 E         : [GTP-ERR][goodix_power_supply_work:2164] unsupport charger state 4
02-20 16:47:10.589     0     0 I QG-K    : qg_status_change_work: charge_status=4 charge_done=1
02-20 16:47:10.589     0     0 I         : fv calibrate = 0, fv = 4450000
02-20 16:47:10.589     0     0 I pm6150_charger: smblib_set_charge_param: float voltage = 4450000 (0x55)
02-20 16:47:10.590     0     0 I pm6150_charger: smblib_process_thermal_readings: Current temperatures: 	DIE_TEMP: 375,	CONN_TEMP: -400,	SMB_TEMP: -61,	SKIN_TEMP: -61
02-20 16:47:10.590     0     0 I THERMAL_STATUS: 5
02-20 16:47:10.591     0     0 E QCOM-STEPCHG: handle_jeita: BATT_TEMP = 336 FCC = 6000000uA FV = 4470000uV
02-20 16:47:10.595     0     0 I QG-K    : qg_charge_full_update: msoc=100 health=1 charge_full=1 charge_done=1 charge_status=4
02-20 16:47:10.607  2619  2619 D QtiCarrierConfigHelper: WARNING, no carrier configs on phone Id: 0
02-20 16:47:10.607  2619  2619 D QtiCarrierConfigHelper: WARNING, no carrier configs on phone Id: 1
02-20 16:47:10.728  1066  1097 E android.hardware.sensors@1.0-service: ERROR: Fix ultrasound sensor so it does not return error from poll()
02-20 16:47:13.363  1074 30687 E WifiHAL : wifi_get_cached_scan_results: Wifi Cached Scan Result not supported by driver
02-20 16:47:13.364  1707  2215 E WifiStaIfaceAidlImpl: getCachedScanData failed with service-specific exception: android.os.ServiceSpecificException:  (code 4)
02-20 16:47:15.573  3247  3247 W dumpsys : Thread Pool max thread count is 0. Cannot cache binder as linkToDeath cannot be implemented. serviceName: meminfo
02-20 16:47:15.575  1707  3849 D ActivityManager: freezer override set to true
02-20 16:47:15.575  1707  3849 D ActivityManager: sync unfroze 22834 com.google.android.partnersetup for 19
02-20 16:47:15.576  1707  3849 D ActivityManager: sync unfroze 30276 com.google.android.tts for 19
02-20 16:47:15.576  1707  3849 D ActivityManager: sync unfroze 11670 com.android.keychain for 19
02-20 16:47:15.576  1707  3849 D ActivityManager: sync unfroze 31566 com.android.keychain for 19
02-20 16:47:15.577  1707  3849 D ActivityManager: sync unfroze 31609 com.android.vending:background for 19
02-20 16:47:15.577  1707  3849 D ActivityManager: sync unfroze 17151 com.android.permissioncontroller for 19
02-20 16:47:15.577  1707  3849 D ActivityManager: sync unfroze 31565 com.android.permissioncontroller for 19
02-20 16:47:15.578  1707  3849 D ActivityManager: sync unfroze 31338 com.android.intentresolver for 19
02-20 16:47:15.578  1707  3849 D ActivityManager: sync unfroze 31814 in.swiggy.android for 19
02-20 16:47:15.579  1707  3849 D ActivityManager: sync unfroze 28662 com.google.android.googlequicksearchbox:search for 19
02-20 16:47:15.579  1707  3849 D ActivityManager: sync unfroze 30724 org.omnirom.omnijaws for 19
02-20 16:47:15.580  1707  3849 D ActivityManager: sync unfroze 32629 com.google.android.apps.messaging for 19
02-20 16:47:15.580  1707  3849 D ActivityManager: sync unfroze 31300 com.android.systemui:screenshot for 19
02-20 16:47:15.580  1707  3849 D ActivityManager: sync unfroze 31408 android.process.acore for 19
02-20 16:47:15.580  1707  3849 D ActivityManager: sync unfroze 32685 com.google.android.gms.unstable for 19
02-20 16:47:15.581  1707  3849 D ActivityManager: sync unfroze 28057 com.google.android.gms for 19
02-20 16:47:15.582  1707  3849 D ActivityManager: sync unfroze 31858 com.google.android.youtube for 19
02-20 16:47:15.582  1707  3849 D ActivityManager: sync unfroze 690 com.google.android.apps.tachyon for 19
02-20 16:47:15.583  1707  3849 D ActivityManager: sync unfroze 10176 com.ril.shein for 19
02-20 16:47:15.584  1707  3849 D ActivityManager: sync unfroze 24797 com.android.settings for 19
02-20 16:47:15.585  1707  3849 D ActivityManager: sync unfroze 14748 com.whatsapp for 19
02-20 16:47:15.749  1261  3135 I inal.translator: Explicit concurrent mark compact GC freed 224KB AllocSpace bytes, 1(20KB) LOS objects, 81% free, 5446KB/29MB, paused 135us,3.256ms total 38.601ms
02-20 16:47:15.777  1707  3849 D ActivityManager: freezer override set to false
02-20 16:47:15.778 31609 31609 I Finsky:background: [2] Memory trim requested to level 40
02-20 16:47:15.783 32629 32643 I ForwardSyncCache: reclaimMemory: Clearing caches
02-20 16:47:15.784 32629 32643 W Bugle   : TextClassifierLibManagerImpl: Reclaiming memory at level: 40
02-20 16:47:15.909  1707  2175 D ActivityManager: freezing 31444 com.google.android.apps.photos
02-20 16:47:15.911  1707  2175 D ActivityManager: freezing 28108 com.android.vending
02-20 16:47:15.912  1707  2175 D ActivityManager: freezing 16286 com.android.chrome
02-20 16:47:15.915  1707  2222 D InetDiagMessage: Destroyed 0 sockets, proto=IPPROTO_TCP, family=AF_INET, states=14
02-20 16:47:15.916  1707  2222 D InetDiagMessage: Destroyed 0 sockets, proto=IPPROTO_TCP, family=AF_INET6, states=14
02-20 16:47:15.916  1707  2222 D InetDiagMessage: Destroyed live tcp sockets for uids={10302} in 3ms
02-20 16:47:15.917  1707  2222 D InetDiagMessage: Destroyed 0 sockets, proto=IPPROTO_TCP, family=AF_INET, states=14
02-20 16:47:15.918  1707  2222 D InetDiagMessage: Destroyed 0 sockets, proto=IPPROTO_TCP, family=AF_INET6, states=14
02-20 16:47:15.918  1707  2222 D InetDiagMessage: Destroyed live tcp sockets for uids={10226} in 2ms
02-20 16:47:16.381  1074 30687 E WifiHAL : wifi_get_cached_scan_results: Wifi Cached Scan Result not supported by driver
02-20 16:47:16.382  1707  2215 E WifiStaIfaceAidlImpl: getCachedScanData failed with service-specific exception: android.os.ServiceSpecificException:  (code 4)
02-20 16:47:17.877     0     0 E         : ibat_ua =-305
02-20 16:47:17.879     0     0 I QG-K    : qg_battery_soc_smooth_tracking: soc:100, last_soc:100, raw_soc:100, soc_changed:1, update_now:0, charge_status:4, batt_ma:0
02-20 16:47:17.879     0     0 E QG-K    : soc_monitor_work: soc:100, raw_soc:100, c:0, s:4
02-20 16:47:18.733  1066  1097 E android.hardware.sensors@1.0-service: ERROR: Fix ultrasound sensor so it does not return error from poll()
02-20 16:47:18.794     0     0 E         : [GTP-ERR][goodix_power_supply_work:2164] unsupport charger state 4
02-20 16:47:18.794     0     0 I QG-K    : qg_status_change_work: charge_status=4 charge_done=1
02-20 16:47:18.795     0     0 I         : fv calibrate = 0, fv = 4450000
02-20 16:47:18.795     0     0 I pm6150_charger: smblib_set_charge_param: float voltage = 4450000 (0x55)
02-20 16:47:18.796     0     0 I pm6150_charger: smblib_process_thermal_readings: Current temperatures: 	DIE_TEMP: 373,	CONN_TEMP: -400,	SMB_TEMP: -61,	SKIN_TEMP: -61
02-20 16:47:18.796     0     0 I THERMAL_STATUS: 5
02-20 16:47:18.797     0     0 E QCOM-STEPCHG: handle_jeita: BATT_TEMP = 336 FCC = 6000000uA FV = 4470000uV
02-20 16:47:18.798     0     0 E         : ibat_ua =-305
02-20 16:47:18.801     0     0 I QG-K    : qg_charge_full_update: msoc=100 health=1 charge_full=1 charge_done=1 charge_status=4
02-20 16:47:18.802     0     0 E         : ibat_ua =-305
02-20 16:47:18.806     0     0 E         : ibat_ua =-305
02-20 16:47:18.811  2619  2619 D QtiCarrierConfigHelper: WARNING, no carrier configs on phone Id: 0
02-20 16:47:18.812  2619  2619 D QtiCarrierConfigHelper: WARNING, no carrier configs on phone Id: 1
02-20 16:47:18.806     0     0 E         : ibat_ua =-305
02-20 16:47:19.405  1074 30687 E WifiHAL : wifi_get_cached_scan_results: Wifi Cached Scan Result not supported by driver
02-20 16:47:19.406  1707  2215 E WifiStaIfaceAidlImpl: getCachedScanData failed with service-specific exception: android.os.ServiceSpecificException:  (code 4)
02-20 16:47:22.423  1074 30687 E WifiHAL : wifi_get_cached_scan_results: Wifi Cached Scan Result not supported by driver
02-20 16:47:22.423  1707  2215 E WifiStaIfaceAidlImpl: getCachedScanData failed with service-specific exception: android.os.ServiceSpecificException:  (code 4)
02-20 16:47:25.425  3258  3258 W dumpsys : Thread Pool max thread count is 0. Cannot cache binder as linkToDeath cannot be implemented. serviceName: meminfo
02-20 16:47:25.427  1707  3849 D ActivityManager: freezer override set to true
02-20 16:47:25.429  1707  3849 D ActivityManager: sync unfroze 31444 com.google.android.apps.photos for 19
02-20 16:47:25.430  1707  3849 D ActivityManager: sync unfroze 28108 com.android.vending for 19
02-20 16:47:25.431  1707  3849 D ActivityManager: sync unfroze 16286 com.android.chrome for 19
02-20 16:47:25.434 28108 28108 I Finsky  : [2] Memory trim requested to level 40
02-20 16:47:25.434 28108 28108 I Finsky  : [2] Flushing in-memory image cache
02-20 16:47:25.441 16286 16395 I cr_BindingManager: onTrimMemory: level=40, size=0
02-20 16:47:25.453  1074 30687 E WifiHAL : wifi_get_cached_scan_results: Wifi Cached Scan Result not supported by driver
02-20 16:47:25.453  1707  2215 E WifiStaIfaceAidlImpl: getCachedScanData failed with service-specific exception: android.os.ServiceSpecificException:  (code 4)
02-20 16:47:25.595  1261  3135 I inal.translator: Explicit concurrent mark compact GC freed 224KB AllocSpace bytes, 1(20KB) LOS objects, 81% free, 5446KB/29MB, paused 145us,3.285ms total 38.702ms
02-20 16:47:25.622  1707  3849 D ActivityManager: freezer override set to false
02-20 16:47:25.624  1707  2175 D ActivityManager: freezing 14748 com.whatsapp
02-20 16:47:25.627  1707  2222 D InetDiagMessage: Destroyed 0 sockets, proto=IPPROTO_TCP, family=AF_INET, states=14
02-20 16:47:25.627  1707  2222 D InetDiagMessage: Destroyed 0 sockets, proto=IPPROTO_TCP, family=AF_INET6, states=14
02-20 16:47:25.627  1707  2222 D InetDiagMessage: Destroyed live tcp sockets for uids={10307} in 0ms
02-20 16:47:18.809     0     0 E         : ibat_ua =-305
02-20 16:47:25.747     0     0 I logd    : logdr: UID=2000 GID=2000 PID=3266 n tail=0 logMask=99 pid=0 start=0ns deadline=0ns
02-20 16:47:25.778  1707  2175 D ActivityManager: freezing 22834 com.google.android.partnersetup
02-20 16:47:25.779  1707  2175 D ActivityManager: freezing 30276 com.google.android.tts
02-20 16:47:25.780  1707  2175 D ActivityManager: freezing 11670 com.android.keychain
02-20 16:47:25.781  1707  2175 D ActivityManager: freezing 31566 com.android.keychain
02-20 16:47:25.781  1707  2175 D ActivityManager: freezing 31609 com.android.vending:background
02-20 16:47:25.782  1707  2175 D ActivityManager: freezing 17151 com.android.permissioncontroller
02-20 16:47:25.783  1707  2175 D ActivityManager: freezing 31565 com.android.permissioncontroller
02-20 16:47:25.783  1707  2175 D ActivityManager: freezing 31338 com.android.intentresolver
