02-20 16:45:36.013  1136  4249 D NativePermissionController: checkPermission: missing 13 for 10296
02-20 16:45:36.013  1136  4249 D NativePermissionController: checkPermission: missing 13 for 10296
02-20 16:45:36.014  1136  4249 D NativePermissionController: checkPermission: missing 13 for 10296
02-20 16:45:36.014  1136  4249 D NativePermissionController: checkPermission: missing 13 for 10296
02-20 16:45:36.014 28108 28108 I Finsky  : [2] Memory trim requested to level 40
02-20 16:45:36.014 28108 28108 I Finsky  : [2] Flushing in-memory image cache
02-20 16:45:36.015 28108 28108 I Finsky  : [2] Memory trim requested to level 40
02-20 16:45:36.015 28108 28108 I Finsky  : [2] Flushing in-memory image cache
02-20 16:45:36.015 28108 28108 I Finsky  : [2] Memory trim requested to level 40
02-20 16:45:36.015 28108 28108 I Finsky  : [2] Flushing in-memory image cache
02-20 16:45:36.015 28108 28108 I Finsky  : [2] Memory trim requested to level 40
02-20 16:45:36.015 28108 28108 I Finsky  : [2] Flushing in-memory image cache
02-20 16:45:36.016  1136  4249 D NativePermissionController: checkPermission: missing 13 for 10296
02-20 16:45:36.016 28108 28138 I Finsky  : [93] AIM: AppInfoManager-Perf > Destroying AppInfoManager ...
02-20 16:45:36.024     0     0 I adm_open: port 0x1000 path:1 rate:48000 mode:2 perf_mode:0,topo_id 0x1000a100 bit_width 24 app_type 69940 acdb_id 10011
02-20 16:45:36.026  1136  4249 D NativePermissionController: checkPermission: missing 13 for 10226
02-20 16:45:36.030 31609 31628 I Finsky:background: [76] Stats for Executor: bgExecutor uww@1d33226[Running, pool size = 4, active threads = 0, queued tasks = 0, completed tasks = 18]
02-20 16:45:36.031 31609 31628 I Finsky:background: [76] Stats for Executor: LightweightExecutor uww@202e67b[Running, pool size = 4, active threads = 0, queued tasks = 0, completed tasks = 8]
02-20 16:45:36.031 31609 31628 I Finsky:background: [76] Stats for Executor: BlockingExecutor uww@200b1cd[Running, pool size = 2, active threads = 0, queued tasks = 0, completed tasks = 5]
02-20 16:45:36.043  1136  4249 D NativePermissionController: checkPermission: missing 13 for 10226
02-20 16:45:36.046 31609 31609 I Finsky:background: [2] Memory trim requested to level 40
02-20 16:45:36.046  1136  4249 D NativePermissionController: checkPermission: missing 13 for 10226
02-20 16:45:36.046 31609 31609 I Finsky:background: [2] Memory trim requested to level 40
02-20 16:45:36.046 31609 31609 I Finsky:background: [2] Memory trim requested to level 40
02-20 16:45:36.046 31609 31609 I Finsky:background: [2] Memory trim requested to level 40
02-20 16:45:36.046 31609 31609 I Finsky:background: [2] Memory trim requested to level 40
02-20 16:45:36.047 30276 30276 D ActivityThread: Package [com.armfinal.translator] reported as REPLACED, but missing application info. Assuming REMOVED.
02-20 16:45:36.048 14748 14808 E msys    : E[N mns]_OnDiskCacheGetData(632)=>Start post callback cache refresh DNS resolution
02-20 16:45:36.049 14748 14808 E msys    : E[ADNSUCTIMH WAJMNSDNSResolver]_MNSDNSResolutionSuccess(35)=>[LogLevel:I] DNS Resolution Successful with 1 IPs, Persistent Cache Hit: 1, secondary resolver used: 0
02-20 16:45:36.049 14748 14808 E msys    : E[ADNSUCTIMH WAJMNSDNSResolver]_MNSDNSResolutionSuccess(55)=>[LogLevel:I] Resolved IP Address: 57.144.177.33
02-20 16:45:36.052 22834 22834 D ActivityThread: Package [com.armfinal.translator] reported as REPLACED, but missing application info. Assuming REMOVED.
02-20 16:45:36.053 22834 22834 D ActivityThread: Package [com.armfinal.translator] reported as REPLACED, but missing application info. Assuming REMOVED.
02-20 16:45:36.053 22834 22834 D ActivityThread: Package [com.armfinal.translator] reported as REPLACED, but missing application info. Assuming REMOVED.
02-20 16:45:36.053 30276 30276 D ActivityThread: Package [com.armfinal.translator] reported as REPLACED, but missing application info. Assuming REMOVED.
02-20 16:45:36.054 30276 30276 D ActivityThread: Package [com.armfinal.translator] reported as REPLACED, but missing application info. Assuming REMOVED.
02-20 16:45:36.054 30276 30276 D ActivityThread: Package [com.armfinal.translator] reported as REPLACED, but missing application info. Assuming REMOVED.
02-20 16:45:36.059  1136  4249 D NativePermissionController: checkPermission: missing 13 for 10296
02-20 16:45:36.062 31609 31783 I PlayCommon: [115] Preparing logs for uploading
02-20 16:45:36.073  1136  4249 D NativePermissionController: checkPermission: missing 13 for 10226
02-20 16:45:36.074  1136  4249 D NativePermissionController: checkPermission: missing 13 for 10226
02-20 16:45:36.077  1051 24774 D msm8974_platform: platform_set_channel_map mixer_ctl_name:Playback Channel Map0
02-20 16:45:36.077  1051 24774 D msm8974_platform: platform_set_channel_map: set mapping(1 2 0 0 0 0 0 0) for channel:2
02-20 16:45:36.077  1051 24774 D audio_hw_primary: check_and_set_karaok_parameters: is karaok rx device 0, is karaok tx device 0
02-20 16:45:36.077  1051 24774 D audio_hw_primary: start_output_stream: exit
02-20 16:45:36.077  1051 24774 D adsp_utils: set_channel_reverse mode: 0
02-20 16:45:36.077  1051 24774 D msm8974_platform: platform_get_output_snd_device: enter: output devices(0x2), enable_voicerx 0
02-20 16:45:36.077  1051 24774 D msm8974_platform: Setting audio calibration for snd_device(2) acdb_id(10011)
02-20 16:45:36.077  1051 24774 E ACDB-LOADER: [acdb_loader_adsp_set_audio_cal] active device/stream not found (result=-100) for topology 0x1000a106 and apptype 0x11134
02-20 16:45:36.077  1051 24774 E ACDB-LOADER: [acdb_loader_adsp_set_audio_cal] set parameters failed with status -100
02-20 16:45:36.077  1051 24774 D audio_hw_hfp: hfp_set_parameters: enter
02-20 16:45:36.077  1051 24774 D msm8974_platform: platform_get_output_snd_device: enter: output devices(0x2), enable_voicerx 0
02-20 16:45:36.077  1051 24774 D msm8974_platform: Setting audio calibration for snd_device(2) acdb_id(10011)
02-20 16:45:36.077 16286 16286 D ActivityThread: Package [com.armfinal.translator] reported as REPLACED, but missing application info. Assuming REMOVED.
02-20 16:45:36.077  1051 24774 D audio_hw_hfp: hfp_set_parameters: enter
02-20 16:45:36.078  1051 24774 D msm8974_platform: platform_get_output_snd_device: enter: output devices(0x2), enable_voicerx 0
02-20 16:45:36.078  1051 24774 D msm8974_platform: Setting audio calibration for snd_device(2) acdb_id(10011)
02-20 16:45:36.078  1051 24774 E ACDB-LOADER: [acdb_loader_adsp_set_audio_cal] active device/stream not found (result=-100) for topology 0x1000a106 and apptype 0x11131
02-20 16:45:36.078  1051 24774 E ACDB-LOADER: [acdb_loader_adsp_set_audio_cal] set parameters failed with status -100
02-20 16:45:36.078  1051 24774 D audio_hw_hfp: hfp_set_parameters: enter
02-20 16:45:36.078 16286 16286 D ActivityThread: Package [com.armfinal.translator] reported as REPLACED, but missing application info. Assuming REMOVED.
02-20 16:45:36.078  1051 24774 D msm8974_platform: platform_get_output_snd_device: enter: output devices(0x2), enable_voicerx 0
02-20 16:45:36.078  1051 24774 D msm8974_platform: Setting audio calibration for snd_device(2) acdb_id(10011)
02-20 16:45:36.078  1051 24774 E ACDB-LOADER: [acdb_loader_adsp_set_audio_cal] active device/stream not found (result=-100) for topology 0x1000a100 and apptype 0x11131
02-20 16:45:36.078  1051 24774 E ACDB-LOADER: [acdb_loader_adsp_set_audio_cal] set parameters failed with status -100
02-20 16:45:36.078  1051 24774 D audio_hw_hfp: hfp_set_parameters: enter
02-20 16:45:36.078  1051 24774 D msm8974_platform: platform_get_output_snd_device: enter: output devices(0x2), enable_voicerx 0
02-20 16:45:36.078  1051 24774 D msm8974_platform: Setting audio calibration for snd_device(2) acdb_id(10011)
02-20 16:45:36.078  1051 24774 E ACDB-LOADER: [acdb_loader_adsp_set_audio_cal] active device/stream not found (result=-100) for topology 0x10010314 and apptype 0x11131
02-20 16:45:36.078  1051 24774 E ACDB-LOADER: [acdb_loader_adsp_set_audio_cal] set parameters failed with status -100
02-20 16:45:36.078  1051 24774 D audio_hw_hfp: hfp_set_parameters: enter
02-20 16:45:36.078  1051 24774 D msm8974_platform: platform_get_output_snd_device: enter: output devices(0x2), enable_voicerx 0
02-20 16:45:36.078  1051 24774 D msm8974_platform: Setting audio calibration for snd_device(2) acdb_id(10011)
02-20 16:45:36.078  1051 24774 E ACDB-LOADER: [acdb_loader_adsp_set_audio_cal] active device/stream not found (result=-100) for topology 0x10010314 and apptype 0x11134
02-20 16:45:36.078  1051 24774 E ACDB-LOADER: [acdb_loader_adsp_set_audio_cal] set parameters failed with status -100
02-20 16:45:36.078  1051 24774 D audio_hw_hfp: hfp_set_parameters: enter
02-20 16:45:36.078  1051 24774 D msm8974_platform: platform_get_output_snd_device: enter: output devices(0x2), enable_voicerx 0
02-20 16:45:36.078  1051 24774 D msm8974_platform: Setting audio calibration for snd_device(2) acdb_id(10011)
02-20 16:45:36.078  1136  4249 D NativePermissionController: checkPermission: missing 13 for 10226
02-20 16:45:36.078  1051 24774 D audio_hw_hfp: hfp_set_parameters: enter
02-20 16:45:36.078  1051 24774 D audio_hw_primary: check_and_set_karaok_parameters: is karaok rx device 0, is karaok tx device 0
02-20 16:45:36.078  1051 24774 D msm8974_platform: platform_split_snd_device: snd_device(2) num devices(0) new_snd_devices(0)
02-20 16:45:36.078  1051 24774 I msm8974_platform: platform_get_custom_mtmx_params: no matching param with id 0 ip_ch 2 op_ch 2 uc_id 0 snd_dev 2
02-20 16:45:36.079 16286 16286 D ActivityThread: Package [com.armfinal.translator] reported as REPLACED, but missing application info. Assuming REMOVED.
02-20 16:45:36.080 16286 16286 D ActivityThread: Package [com.armfinal.translator] reported as REPLACED, but missing application info. Assuming REMOVED.
02-20 16:45:36.081  1136  4249 D NativePermissionController: checkPermission: missing 13 for 10226
02-20 16:45:36.081  1136  4249 D NativePermissionController: checkPermission: missing 13 for 10226
02-20 16:45:36.084 16286 16395 I cr_BindingManager: onTrimMemory: level=40, size=0
02-20 16:45:36.084 16286 16395 I cr_BindingManager: onTrimMemory: level=40, size=0
02-20 16:45:36.084 16286 16395 I cr_BindingManager: onTrimMemory: level=40, size=0
02-20 16:45:36.084 16286 16395 I cr_BindingManager: onTrimMemory: level=40, size=0
02-20 16:45:36.084 16286 16395 I cr_BindingManager: onTrimMemory: level=40, size=0
02-20 16:45:36.084 16286 16395 I cr_BindingManager: onTrimMemory: level=40, size=0
02-20 16:45:36.084 16286 16395 I cr_BindingManager: onTrimMemory: level=40, size=0
02-20 16:45:36.084 16286 16395 I cr_BindingManager: onTrimMemory: level=40, size=0
02-20 16:45:36.084 16286 16395 I cr_BindingManager: onTrimMemory: level=40, size=0
02-20 16:45:36.084 16286 16395 I cr_BindingManager: onTrimMemory: level=40, size=0
02-20 16:45:36.084 16286 16395 I cr_BindingManager: onTrimMemory: level=40, size=0
02-20 16:45:36.084 16286 16395 I cr_BindingManager: onTrimMemory: level=40, size=0
02-20 16:45:36.084 16286 16395 I cr_BindingManager: onTrimMemory: level=40, size=0
02-20 16:45:36.097  1261  1304 W inal.translator: userfaultfd: MOVE ioctl seems unsupported: Try again
02-20 16:45:36.109 14748 14808 E msys    : E[N mns]_OnSystemDNSSuccessCallback(340)=>Cache refresh succeeded with system DNS resolver. IP count: 1
02-20 16:45:36.112  1261  1304 I inal.translator: Explicit concurrent mark compact GC freed 4753KB AllocSpace bytes, 3(336KB) LOS objects, 81% free, 5550KB/29MB, paused 205us,2.568ms total 37.453ms
02-20 16:45:36.129 30276 30280 W gle.android.tts: userfaultfd: MOVE ioctl seems unsupported: Connection timed out
02-20 16:45:36.135 31609 31783 I PlayCommon: [115] Connecting to server for timestamp: https://play.googleapis.com/play/log/timestamp
02-20 16:45:36.141  1707  2266 D BackgroundInstallControlService: Package event received: 0
02-20 16:45:36.148 30276 30280 W gle.android.tts: Reducing the number of considered missed Gc histogram windows from 142 to 100
02-20 16:45:36.151 16286 16483 I GoogleAuthUtil: Error on service connection.
02-20 16:45:36.151 16286 16483 I GoogleAuthUtil: java.lang.InterruptedException
02-20 16:45:36.151 16286 16483 I GoogleAuthUtil: 	at java.util.concurrent.locks.ReentrantLock$Sync.lockInterruptibly(ReentrantLock.java:159)
02-20 16:45:36.151 16286 16483 I GoogleAuthUtil: 	at java.util.concurrent.locks.ReentrantLock.lockInterruptibly(ReentrantLock.java:372)
02-20 16:45:36.151 16286 16483 I GoogleAuthUtil: 	at java.util.concurrent.LinkedBlockingQueue.take(LinkedBlockingQueue.java:432)
02-20 16:45:36.151 16286 16483 I GoogleAuthUtil: 	at oi2.a(chromium-TrichromeChromeGoogle6432.aab-stable-763207633:10)
02-20 16:45:36.151 16286 16483 I GoogleAuthUtil: 	at dca.b(chromium-TrichromeChromeGoogle6432.aab-stable-763207633:43)
02-20 16:45:36.151 16286 16483 I GoogleAuthUtil: 	at dca.g(chromium-TrichromeChromeGoogle6432.aab-stable-763207633:60)
02-20 16:45:36.151 16286 16483 I GoogleAuthUtil: 	at dca.d(chromium-TrichromeChromeGoogle6432.aab-stable-763207633:21)
02-20 16:45:36.151 16286 16483 I GoogleAuthUtil: 	at ib.b(chromium-TrichromeChromeGoogle6432.aab-stable-763207633:50)
02-20 16:45:36.151 16286 16483 I GoogleAuthUtil: 	at f01.call(chromium-TrichromeChromeGoogle6432.aab-stable-763207633:9)
02-20 16:45:36.151 16286 16483 I GoogleAuthUtil: 	at java.util.concurrent.FutureTask.run(FutureTask.java:317)
02-20 16:45:36.151 16286 16483 I GoogleAuthUtil: 	at j01.run(chromium-TrichromeChromeGoogle6432.aab-stable-763207633:26)
02-20 16:45:36.151 16286 16483 I GoogleAuthUtil: 	at osl.run(chromium-TrichromeChromeGoogle6432.aab-stable-763207633:8)
02-20 16:45:36.151 16286 16483 I GoogleAuthUtil: 	at org.chromium.base.task.TaskRunnerImpl.runTask(chromium-TrichromeChromeGoogle6432.aab-stable-763207633:31)
02-20 16:45:36.152 16286 16483 E cr_Auth : GMSAccountManagerDelegate.getAccountGaiaId
02-20 16:45:36.152 16286 16483 E cr_Auth : java.io.IOException: Error on service connection.
02-20 16:45:36.152 16286 16483 E cr_Auth : 	at dca.b(chromium-TrichromeChromeGoogle6432.aab-stable-763207633:68)
02-20 16:45:36.152 16286 16483 E cr_Auth : 	at dca.g(chromium-TrichromeChromeGoogle6432.aab-stable-763207633:60)
02-20 16:45:36.152 16286 16483 E cr_Auth : 	at dca.d(chromium-TrichromeChromeGoogle6432.aab-stable-763207633:21)
02-20 16:45:36.152 16286 16483 E cr_Auth : 	at ib.b(chromium-TrichromeChromeGoogle6432.aab-stable-763207633:50)
02-20 16:45:36.152 16286 16483 E cr_Auth : 	at f01.call(chromium-TrichromeChromeGoogle6432.aab-stable-763207633:9)
02-20 16:45:36.152 16286 16483 E cr_Auth : 	at java.util.concurrent.FutureTask.run(FutureTask.java:317)
02-20 16:45:36.152 16286 16483 E cr_Auth : 	at j01.run(chromium-TrichromeChromeGoogle6432.aab-stable-763207633:26)
02-20 16:45:36.152 16286 16483 E cr_Auth : 	at osl.run(chromium-TrichromeChromeGoogle6432.aab-stable-763207633:8)
02-20 16:45:36.152 16286 16483 E cr_Auth : 	at org.chromium.base.task.TaskRunnerImpl.runTask(chromium-TrichromeChromeGoogle6432.aab-stable-763207633:31)
02-20 16:45:36.152 16286 16483 E cr_Auth : Caused by: java.lang.InterruptedException
02-20 16:45:36.152 16286 16483 E cr_Auth : 	at java.util.concurrent.locks.ReentrantLock$Sync.lockInterruptibly(ReentrantLock.java:159)
02-20 16:45:36.152 16286 16483 E cr_Auth : 	at java.util.concurrent.locks.ReentrantLock.lockInterruptibly(ReentrantLock.java:372)
02-20 16:45:36.152 16286 16483 E cr_Auth : 	at java.util.concurrent.LinkedBlockingQueue.take(LinkedBlockingQueue.java:432)
02-20 16:45:36.152 16286 16483 E cr_Auth : 	at oi2.a(chromium-TrichromeChromeGoogle6432.aab-stable-763207633:10)
02-20 16:45:36.152 16286 16483 E cr_Auth : 	at dca.b(chromium-TrichromeChromeGoogle6432.aab-stable-763207633:43)
02-20 16:45:36.152 16286 16483 E cr_Auth : 	... 8 more
02-20 16:45:36.167  1605  1617 E statsd  : Found dropped events: 1 error -19 last atom tag 240 from uid 1010237
02-20 16:45:36.167  1605  1617 W statsd  : SocketLossEvent detected: 6782548329 (firstLossTsNanos), 6782548329 (lastLossTsNanos)
02-20 16:45:36.167  1605  1617 W statsd  : For uid 1010237 atom 240 was lost 1 times with error -19
02-20 16:45:36.176  1136  2123 D AudioFlinger: mixer(0xb400007178797580) throttle end: throttle time(43)
02-20 16:45:36.177  1707  3849 D ActivityManager: freezer override set to false
02-20 16:45:36.179 31609 31609 I Finsky:background: [2] Memory trim requested to level 40
02-20 16:45:36.183 32629 32643 I ForwardSyncCache: reclaimMemory: Clearing caches
02-20 16:45:36.184 32629 32643 W Bugle   : TextClassifierLibManagerImpl: Reclaiming memory at level: 40
02-20 16:45:36.187 10176 10176 D ActivityThread: Package [com.armfinal.translator] reported as REPLACED, but missing application info. Assuming REMOVED.
02-20 16:45:36.188 10176 10176 D ActivityThread: Package [com.armfinal.translator] reported as REPLACED, but missing application info. Assuming REMOVED.
02-20 16:45:36.192 10176 10176 D ActivityThread: Package [com.armfinal.translator] reported as REPLACED, but missing application info. Assuming REMOVED.
02-20 16:45:36.193 10176 10176 D ActivityThread: Package [com.armfinal.translator] reported as REPLACED, but missing application info. Assuming REMOVED.
02-20 16:45:36.193 10176 10176 D ActivityThread: Package [com.armfinal.translator] reported as REPLACED, but missing application info. Assuming REMOVED.
02-20 16:45:36.193 10176 10176 D ActivityThread: Package [com.armfinal.translator] reported as REPLACED, but missing application info. Assuming REMOVED.
02-20 16:45:36.193 10176 10176 D ActivityThread: Package [com.armfinal.translator] reported as REPLACED, but missing application info. Assuming REMOVED.
02-20 16:45:36.193 10176 10176 D ActivityThread: Package [com.armfinal.translator] reported as REPLACED, but missing application info. Assuming REMOVED.
02-20 16:45:36.193 10176 10176 D ActivityThread: Package [com.armfinal.translator] reported as REPLACED, but missing application info. Assuming REMOVED.
02-20 16:45:36.193 10176 10176 D ActivityThread: Package [com.armfinal.translator] reported as REPLACED, but missing application info. Assuming REMOVED.
02-20 16:45:36.194 10176 10176 D ActivityThread: Package [com.armfinal.translator] reported as REPLACED, but missing application info. Assuming REMOVED.
02-20 16:45:36.194 10176 10176 D ActivityThread: Package [com.armfinal.translator] reported as REPLACED, but missing application info. Assuming REMOVED.
02-20 16:45:36.194 10176 10176 D ActivityThread: Package [com.armfinal.translator] reported as REPLACED, but missing application info. Assuming REMOVED.
02-20 16:45:36.194 10176 10176 D ActivityThread: Package [com.armfinal.translator] reported as REPLACED, but missing application info. Assuming REMOVED.
02-20 16:45:36.194 10176 10176 D ActivityThread: Package [com.armfinal.translator] reported as REPLACED, but missing application info. Assuming REMOVED.
02-20 16:45:36.194 10176 10176 D ActivityThread: Package [com.armfinal.translator] reported as REPLACED, but missing application info. Assuming REMOVED.
02-20 16:45:36.194 10176 10176 D ActivityThread: Package [com.armfinal.translator] reported as REPLACED, but missing application info. Assuming REMOVED.
02-20 16:45:36.194 10176 10176 D ActivityThread: Package [com.armfinal.translator] reported as REPLACED, but missing application info. Assuming REMOVED.
02-20 16:45:36.201 31609 31613 W ding:background: userfaultfd: MOVE ioctl seems unsupported: Connection timed out
02-20 16:45:36.397  1136  4249 D NativePermissionController: checkPermission: missing 8 for 10326
02-20 16:45:36.398  1051  6228 D audio_hw_primary: adev_open_input_stream is_karaoke_fastcapture=0
02-20 16:45:36.398  1051  6228 D audio_hw_primary: adev_open_input_stream: enter: sample_rate(16000) channel_mask(0x10) devices(0x80000004)        stream_handle(0xf272f800) io_handle(446) source(6) format 1
02-20 16:45:36.398  1051  6228 D audio_hw_primary: io_streams_map_insert: Added stream in io_streams_map with handle 446
02-20 16:45:36.398  1051  6228 E device_utils: update_device_list: Invalid device: 0
02-20 16:45:36.400  1136  2954 I AudioFlinger: AudioFlinger's thread 0xb40000716506ed48 tid=2954 ready to run
02-20 16:45:36.400  1051  1075 D audio_hw_primary: in_standby: enter: stream (0xf272f800) usecase(23: audio-record)
02-20 16:45:36.402  1051  1075 D audio_hw_primary: in_standby: enter: stream (0xf272f800) usecase(23: audio-record)
02-20 16:45:36.403  1136  1136 D NativePermissionController: checkPermission: missing 13 for 10296
02-20 16:45:36.404  1136  4167 D NativePermissionController: checkPermission: missing 13 for 10226
02-20 16:45:36.405  1136  4249 D NativePermissionController: checkPermission: missing 13 for 10296
02-20 16:45:36.405  1136  2150 D NativePermissionController: checkPermission: missing 13 for 10226
02-20 16:45:36.407  1136  4167 D NativePermissionController: checkPermission: missing 13 for 10296
02-20 16:45:36.409  1051  1075 D audio_hw_primary: adev_create_audio_patch: enter: num sources 1, num_sinks 1, handle 0
02-20 16:45:36.409  1051  1075 D audio_hw_primary: adev_create_audio_patch: Capture patch from device 80000004 to mix 446
02-20 16:45:36.409  1051  1075 D audio_hw_primary: update_patch: enter
02-20 16:45:36.409  1051  1075 D audio_hw_primary: route_input_stream: exit: status(0)
02-20 16:45:36.409  1051  1075 D audio_hw_primary: adev_create_audio_patch: Added a new patch with handle 55
02-20 16:45:36.409  1051  1075 E device_utils: update_device_list: Invalid device: 0
02-20 16:45:36.411  1136  2150 D NativePermissionController: checkPermission: missing 13 for 10226
02-20 16:45:36.412  1051  2959 D audio_hw_primary: start_input_stream: enter: stream(0xf272f800)usecase(23: audio-record)
02-20 16:45:36.413  1051  2959 D audio_hw_primary: select_devices for use case (audio-record)
02-20 16:45:36.413  1051  2959 D audio_hw_primary: select_devices: out_snd_device(0: ) in_snd_device(210: voice-rec-mic)
02-20 16:45:36.413  1051  2959 D ultrasound_extn: ultrasound_select_devices_pre ultrasound_enabled:0 usecase(audio-record), devices:-2147483644 in_snd_device(210, voice-rec-mic), out_snd_device(0, )
02-20 16:45:36.413  1136  4249 D NativePermissionController: checkPermission: missing 13 for 10296
02-20 16:45:36.413  1051  2959 D ultrasound_extn: dump_usecase_list: start ======================================
02-20 16:45:36.413  1051  2959 D ultrasound_extn: dump_usecase_list: enter state: 0[init] suspended: 0 stop_reprot: 0 cnt: 0 pre_cnt 0
02-20 16:45:36.413  1051  2959 D ultrasound_extn: dump_usecase_list: select_devices_pre usecase[#0]:(0, deep-buffer-playback) in_dev:(0, ) out_dv:(2, speaker)
02-20 16:45:36.413  1051  2959 D ultrasound_extn: dump_usecase_list: select_devices_pre usecase[#1]:(53, spkr-vi-record) in_dev:(234, vi-feedback) out_dv:(0, )
02-20 16:45:36.413  1051  2959 D ultrasound_extn: dump_usecase_list: select_devices_pre usecase[#2]:(23, audio-record) in_dev:(0, ) out_dv:(0, )
02-20 16:45:36.413  1051  2959 D ultrasound_extn: dump_usecase_list: end ======================================
02-20 16:45:36.413  1136 16641 D NativePermissionController: checkPermission: missing 13 for 10226
02-20 16:45:36.413  1051  2959 I msm8974_platform: platform_check_and_set_capture_codec_backend_cfg:txbecf: afe: bitwidth 16, samplerate 16000, channel 1 format 1, backend_idx 9 usecase = 23 device (voice-rec-mic)
02-20 16:45:36.413  1051  2959 I msm8974_platform: platform_check_capture_codec_backend_cfg:txbecf: afe: Codec selected backend: 9 current bit width: 16 and sample rate: 16000, channels 1 format 1
02-20 16:45:36.413  1051  2959 W msm8974_platform: platform_get_backend_index:napb: Invalid device - 0 
02-20 16:45:36.413  1051  2959 I msm8974_platform: platform_check_capture_codec_backend_cfg:txbecf: afe: current backend bit_width 16 sample_rate 48000 channels 1, format 0
02-20 16:45:36.413  1051  2959 I msm8974_platform: platform_check_capture_codec_backend_cfg:txbecf: afe: Codec backend needs to be updated. new bit width: 16 new sample rate: 16000 new channel: 1 new format: 1
02-20 16:45:36.413  1051  2959 I msm8974_platform: platform_set_codec_backend_cfg:becf: afe: bitwidth 16, samplerate 16000 channels 1 format 1, backend_idx 9 device (voice-rec-mic)
02-20 16:45:36.413  1136 16641 D NativePermissionController: checkPermission: missing 13 for 10296
02-20 16:45:36.414  1136  4249 D NativePermissionController: checkPermission: missing 13 for 10226
02-20 16:45:36.414  1136 16641 D NativePermissionController: checkPermission: missing 13 for 10296
02-20 16:45:36.415  1051  2959 D msm8974_platform: platform_set_codec_backend_cfg:becf: afe: TX_CDC_DMA_TX_3 SampleRate set to KHZ_48
02-20 16:45:36.415  1136  2150 D NativePermissionController: checkPermission: missing 13 for 10226
02-20 16:45:36.416  1136  4249 D NativePermissionController: checkPermission: missing 13 for 10296
02-20 16:45:36.417  1051  2959 D msm8974_platform: platform_get_mixer_control: mixer ctl not obtained
02-20 16:45:36.417  1136  2150 D NativePermissionController: checkPermission: missing 13 for 10296
02-20 16:45:36.420  1136  2150 D NativePermissionController: checkPermission: missing 13 for 10296
02-20 16:45:36.421  1136  2150 D NativePermissionController: checkPermission: missing 13 for 10226
02-20 16:45:36.421  1136  4249 D NativePermissionController: checkPermission: missing 13 for 10296
02-20 16:45:36.422  1051  2959 D msm8974_platform: platform_get_mixer_control: mixer ctl not obtained
02-20 16:45:36.422  1136  4249 D NativePermissionController: checkPermission: missing 13 for 10226
02-20 16:45:36.423  1051  2959 D msm8974_platform: platform_get_mixer_control: mixer ctl not obtained
02-20 16:45:36.427  1051  2959 D msm8974_platform: platform_get_mixer_control: mixer ctl not obtained
02-20 16:45:36.428  1051  2959 D msm8974_platform: platform_get_mixer_control: mixer ctl not obtained
02-20 16:45:36.428  1051  2959 D audio_hw_primary: check_usecases_capture_codec_backend:becf: force routing 1
02-20 16:45:36.428  1051  2959 D hardware_info: hw_info_append_hw_type : device_name = voice-rec-mic
02-20 16:45:36.428  1051  2959 E msm8974_platform: platform_get_snd_device_backend_tag: Invalid backend for device = 210
02-20 16:45:36.428  1051  2959 D msm8974_platform: platform_split_snd_device: snd_device(210) num devices(0) new_snd_devices(0)
02-20 16:45:36.428  1051  2959 D audio_hw_primary: enable_snd_device: snd_device(210: voice-rec-mic)
02-20 16:45:36.428  1051  2959 D msm8974_platform: platform_get_island_cfg_on_device:island cfg status on snd_device = (voice-rec-mic 0)
02-20 16:45:36.428  1051  2959 D soundtrigger: audio HAL using same device 210 as ST
02-20 16:45:36.428  1051  2959 I soundtrigger: audio_extn_sound_trigger_update_device_status: device 0xd2 of type 1 for Event 1, with Raise=0
02-20 16:45:36.428  1051  2959 D audio_route: Apply path: voice-rec-mic
02-20 16:45:36.440  1051  2959 E audio_hw_awinic_feedback: audio_extn_aw882xx_start_feedback: [Ainic] Entry
02-20 16:45:36.440  1051  2959 W audio_hw_awinic_feedback: is_supported_feedback_on_device [Awinic] 210
02-20 16:45:36.440  1051  2959 W audio_hw_awinic_feedback: is_supported_feedback_on_device [Awinic] 210 ret:0 
02-20 16:45:36.440  1051  2959 D soundtrigger: audio HAL using same device 210 as ST
02-20 16:45:36.440  1051  2959 D soundtrigger: audio_extn_sound_trigger_update_stream_status: uc_info->id 23 of type 1 for Event 3, with Raise=1
02-20 16:45:36.440  1051  2959 D soundtrigger: audio_extn_sound_trigger_update_stream_status: send event 13: usecase id 23, type 1
02-20 16:45:36.440  1051  2959 D audio_hw_utils: audio_extn_utils_send_app_type_cfg: usecase->in_snd_device voice-rec-mic
02-20 16:45:36.440  1051  2959 D msm8974_platform: platform_split_snd_device: snd_device(210) num devices(0) new_snd_devices(0)
02-20 16:45:36.441  1051  2959 D audio_hw_utils: audio_extn_btsco_get_sample_rate:Not a BT SCO device, need not update sampling rate
02-20 16:45:36.441  1051  2959 I audio_hw_utils: send_app_type_cfg_for_device CAPTURE app_type 69938, acdb_dev_id 4, sample_rate 48000, snd_device_be_idx 177
02-20 16:45:36.441  1051  2959 D msm8974_platform: platform_split_snd_device: snd_device(210) num devices(1) new_snd_devices(0)
02-20 16:45:36.441  1051  2959 D audio_hw_utils: audio_extn_btsco_get_sample_rate:Not a BT SCO device, need not update sampling rate
02-20 16:45:36.441  1051  2959 D ACDB-LOADER: ACDB -> send_audio_cal, acdb_id = 4, path = 1, app id = 0x11132, sample rate = 48000, afe_sample_rate = 48000
02-20 16:45:36.441  1051  2959 D ACDB-LOADER: ACDB -> send_asm_topology
02-20 16:45:36.441  1051  2959 D ACDB-LOADER: ACDB -> ACDB_CMD_GET_AUDPROC_STREAM_TOPOLOGY_ID
02-20 16:45:36.441  1051  2959 D ACDB-LOADER: ACDB -> send_adm_topology
02-20 16:45:36.441  1051  2959 D ACDB-LOADER: ACDB -> ACDB_CMD_GET_AUDPROC_COMMON_TOPOLOGY_ID
02-20 16:45:36.441  1051  2959 D ACDB-LOADER: ACDB -> send_audtable
02-20 16:45:36.441  1051  2959 D ACDB-LOADER: ACDB -> ACDB_CMD_GET_AUDPROC_INSTANCE_COMMON_TABLE_SIZE
02-20 16:45:36.441  1051  2959 D ACDB-LOADER: ACDB -> ACDB_CMD_GET_AUDPROC_INSTANCE_COMMON_TABLE
02-20 16:45:36.441  1051  2959 D ACDB-LOADER: ACDB -> AUDIO_SET_AUDPROC_CAL cal_type[11] acdb_id[4] app_type[69938]
02-20 16:45:36.441  1051  2959 D ACDB-LOADER: ACDB -> ACDB_CMD_GET_AUDPROC_INSTANCE_STREAM_TABLE_SIZE
02-20 16:45:36.441  1051  2959 D ACDB-LOADER: ACDB -> send_audstrmtable
02-20 16:45:36.441     0     0 E msm_pcm_routing_reg_stream_app_type_cfg: fedai_id 0, session_type 1, be_id 177, app_type 69938, acdb_dev_id 4, sample_rate 48000
02-20 16:45:36.441  1051  2959 D ACDB-LOADER: ACDB -> ACDB_CMD_GET_AUDPROC_INSTANCE_STREAM_TABLE
02-20 16:45:36.441  1051  2959 D ACDB-LOADER: ACDB -> audstrm_cal->cal_type.cal_data.cal_size = 20
02-20 16:45:36.441  1051  2959 D ACDB-LOADER: ACDB -> send_afe_topology
02-20 16:45:36.441  1051  2959 D ACDB-LOADER: ACDB -> ACDB_CMD_GET_AFE_TOPOLOGY_ID
02-20 16:45:36.441  1051  2959 D ACDB-LOADER: ACDB -> GET_AFE_TOPOLOGY_ID for adcd_id 4, Topology Id 112fb
02-20 16:45:36.441  1051  2959 D ACDB-LOADER: ACDB -> send_afe_cal
02-20 16:45:36.441  1051  2959 D ACDB-LOADER: ACDB -> ACDB_CMD_GET_AFE_INSTANCE_COMMON_TABLE_SIZE
02-20 16:45:36.441  1051  2959 D android.hardware.audio.service: Failed to fetch the lookup information of the device 00000004 
02-20 16:45:36.441  1051  2959 D ACDB-LOADER: Error: ACDB_CMD_GET_AFE_INSTANCE_COMMON_TABLE_SIZE Returned = -19
02-20 16:45:36.441  1051  2959 D ACDB-LOADER: ACDB -> ACDB_CMD_GET_AFE_INSTANCE_COMMON_TABLE
02-20 16:45:36.441  1051  2959 D android.hardware.audio.service: Failed to fetch the lookup information of the device 00000004 
02-20 16:45:36.441  1051  2959 D ACDB-LOADER: Error: ACDB AFE returned = -19
02-20 16:45:36.441  1051  2959 D ACDB-LOADER: ACDB -> AUDIO_SET_AFE_CAL cal_type[17] acdb_id[4]
02-20 16:45:36.441  1051  2959 D ACDB-LOADER: ACDB -> send_hw_delay : acdb_id = 4 path = 1
02-20 16:45:36.441  1051  2959 D ACDB-LOADER: ACDB -> ACDB_AVSYNC_INFO: ACDB_CMD_GET_DEVICE_PROPERTY
02-20 16:45:36.441  1051  2959 D audio_hw_primary: enable_audio_route: apply mixer and update path: audio-record
02-20 16:45:36.441  1051  2959 D audio_route: Apply path: audio-record
02-20 16:45:36.442  1051  2959 E send_data_to_xlog: send_misound_data_to_xlog: Invalid sound device 0
02-20 16:45:36.442  1051  2959 D ultrasound_extn: ultrasound_select_devices_post: enter: engine_suspended: 0
02-20 16:45:36.442  1051  2959 D ultrasound_extn: dump_usecase_list: start ======================================
02-20 16:45:36.442  1051  2959 D ultrasound_extn: dump_usecase_list: enter state: 0[init] suspended: 0 stop_reprot: 0 cnt: 0 pre_cnt 0
02-20 16:45:36.442  1051  2959 D ultrasound_extn: dump_usecase_list: select_devices_post usecase[#0]:(0, deep-buffer-playback) in_dev:(0, ) out_dv:(2, speaker)
02-20 16:45:36.442  1051  2959 D ultrasound_extn: dump_usecase_list: select_devices_post usecase[#1]:(53, spkr-vi-record) in_dev:(234, vi-feedback) out_dv:(0, )
02-20 16:45:36.442  1051  2959 D ultrasound_extn: dump_usecase_list: select_devices_post usecase[#2]:(23, audio-record) in_dev:(210, voice-rec-mic) out_dv:(0, )
02-20 16:45:36.442  1051  2959 D ultrasound_extn: dump_usecase_list: RX_CDC_DMA_RX_0 SampleRate		 KHZ_48
02-20 16:45:36.442  1051  2959 D ultrasound_extn: dump_usecase_list: RX_CDC_DMA_RX_0 Format		 S16_LE
02-20 16:45:36.443  1051  2959 D ultrasound_extn: dump_usecase_list: RX_CDC_DMA_RX_0 Channels		 One
02-20 16:45:36.443  1051  2959 D ultrasound_extn: dump_usecase_list: RX_CDC_DMA_RX_1 SampleRate		 KHZ_96
02-20 16:45:36.443  1051  2959 D ultrasound_extn: dump_usecase_list: RX_CDC_DMA_RX_1 Format		 S16_LE
02-20 16:45:36.443  1051  2959 D ultrasound_extn: dump_usecase_list: RX_CDC_DMA_RX_1 Channels		 One
02-20 16:45:36.443  1051  2959 D ultrasound_extn: dump_usecase_list: end ======================================
02-20 16:45:36.443  1051  2959 D audio_hw_primary: select_devices: done
02-20 16:45:36.448  1707  2175 D ActivityManager: freezing 32685 com.google.android.gms.unstable
02-20 16:45:36.461     0     0 I adm_open: port 0xb037 path:2 rate:48000 mode:2 perf_mode:0,topo_id 0x10000009 bit_width 16 app_type 69938 acdb_id 4
02-20 16:45:36.470  1051  2959 D audio_hw_primary: check_and_set_karaok_parameters: is karaok rx device 0, is karaok tx device 0
02-20 16:45:36.470  1051  2959 D audio_hw_primary: check_and_set_karaok_parameters: is karaok rx device 0, is karaok tx device 0
02-20 16:45:36.470  1051  2959 D audio_hw_primary: start_input_stream: exit
02-20 16:45:36.514  1136  4249 D NativePermissionController: checkPermission: missing 13 for 10226
02-20 16:45:36.515  1136  4249 D NativePermissionController: checkPermission: missing 13 for 10226
02-20 16:45:36.517  1136  4249 D NativePermissionController: checkPermission: missing 13 for 10226
02-20 16:45:36.517  1136  2150 D NativePermissionController: checkPermission: missing 13 for 10296
02-20 16:45:36.517  1136  4249 D NativePermissionController: checkPermission: missing 13 for 10226
02-20 16:45:36.518  1136  2150 D NativePermissionController: checkPermission: missing 13 for 10296
02-20 16:45:36.519  1136  2150 D NativePermissionController: checkPermission: missing 13 for 10296
02-20 16:45:36.520  1136  2150 D NativePermissionController: checkPermission: missing 13 for 10296
02-20 16:45:36.802 14748 14779 E msys    : E[N WCIHTTPImplNetworkSession]WCIHTTPTaskImplCreateRegular(556)=>[I] http/task/regular/create/start
02-20 16:45:36.802 14748 14779 E msys    : E[N WCIHTTPImplNetworkSession]WCIHTTPTaskImplCreateRegular(591)=>[I] http/task/regular/create/execute
02-20 16:45:36.809 14748 14779 E msys    : E[N WCIHTTPImplNetworkSession]WCIHTTPTaskImplCreateRegular(614)=>[I] http/task/regular/create/success
02-20 16:45:36.812  1074 30687 E WifiHAL : wifi_get_cached_scan_results: Wifi Cached Scan Result not supported by driver
02-20 16:45:36.812  1707  2215 E WifiStaIfaceAidlImpl: getCachedScanData failed with service-specific exception: android.os.ServiceSpecificException:  (code 4)
02-20 16:45:36.817 31609 31783 I PlayCommon: [115] Connecting to server: https://play.googleapis.com/play/log?format=raw&proto_v2=true
02-20 16:45:36.963 31609 31783 I PlayCommon: [115] Successfully uploaded logs.
02-20 16:45:36.995  1707  2965 W JobInfo : Job 'com.whatsapp/.infra.push.RegistrationIntentService#4' has a deadline with no functional constraints. The deadline won't improve job execution latency. Consider removing the deadline.
02-20 16:45:37.001  1707  1831 W libprocessgroup: SetCgroup::ExecuteForProcess: failed to open /dev/stune/background/cgroup.procs: No such file or directory
02-20 16:45:37.267  1707  1822 W NotificationHistory: Attempted to remove conversation for locked/gone/disabled user 0
02-20 16:45:37.270  1707  5582 E ShortcutService: Invalid icon type in shortcut 41742887858218@lid. Bitmaps are not allowed in long-lived shortcuts. Use Resource icons, or Uri-based icons instead.
02-20 16:45:37.386  1136  2123 I AudioFlinger: prepareTracks_l BUFFER TIMEOUT: remove track(117) from active list due to underrun on thread 29
02-20 16:45:37.389  1136  1516 W AudioFlinger: moveEffectChain_ll: effect chain for session 0 not on source thread 0xb4000071787dbdf0
02-20 16:45:37.502 28057 28057 D BoundBrokerSvc: onUnbind: Intent { act=com.google.android.gms.inappreach.service.START dat=chimera-action:/... xflg=0x4 cmp=com.google.android.gms/.chimera.GmsApiService }
02-20 16:45:39.416  1051  6228 D audio_hw_primary: out_standby: enter: stream (0xf33d9000) usecase(0: deep-buffer-playback)
02-20 16:45:39.570  1051  6228 D audio_hw_primary: disable_audio_route: reset and update mixer path: deep-buffer-playback speaker
02-20 16:45:39.572  1051  6228 E soundtrigger: audio_extn_sound_trigger_update_stream_status: invalid input device 0x0, for event 2
02-20 16:45:39.572  1051  6228 D soundtrigger: audio_extn_sound_trigger_update_stream_status: uc_info->id 0 of type 0 for Event 2, with Raise=1
02-20 16:45:39.572  1051  6228 D msm8974_platform: platform_split_snd_device: snd_device(2) num devices(0) new_snd_devices(0)
02-20 16:45:39.572  1051  6228 I msm8974_platform: platform_get_custom_mtmx_params: no matching param with id 0 ip_ch 2 op_ch 2 uc_id 0 snd_dev 2
02-20 16:45:39.572  1051  6228 D hardware_info: hw_info_append_hw_type : device_name = speaker
02-20 16:45:39.572  1051  6228 D audio_hw_primary: disable_snd_device: snd_device(2: speaker)
02-20 16:45:39.572  1051  6228 D ultrasound_extn: ultrasound_extn_get_mode_for_usecase: adsp device mode 2
02-20 16:45:39.572  1051  6228 D ultrasound_extn: ultrasound_extn_set_mode: enter: mode 0
02-20 16:45:39.572  1051  6228 I ultrasound_extn: ultrasound_set_mode_mius: Set Ultrasound Value 0
02-20 16:45:39.573  1051  6228 D msm8974_platform: platform_split_snd_device: snd_device(2) num devices(0) new_snd_devices(0)
02-20 16:45:39.573  1051  6228 W audio_hw_awinic_feedback: is_supported_feedback_on_device [Awinic] 2
02-20 16:45:39.573  1051  6228 W audio_hw_awinic_feedback: is_supported_feedback_on_device [Awinic] 2 ret:1 
02-20 16:45:39.573     0     0 E mius_system_configuration_param_get: reg: 0 shift: 34
02-20 16:45:39.585  1051  6228 D hardware_info: hw_info_append_hw_type : device_name = vi-feedback
02-20 16:45:39.585  1051  6228 D audio_hw_primary: disable_snd_device: snd_device(234: vi-feedback)
02-20 16:45:39.585  1051  6228 E msm8974_platform: platform_get_snd_device_backend_tag: Invalid backend for device = 234
02-20 16:45:39.585  1051  6228 D msm8974_platform: platform_split_snd_device: snd_device(234) num devices(0) new_snd_devices(0)
02-20 16:45:39.585  1051  6228 W audio_hw_awinic_feedback: is_supported_feedback_on_device [Awinic] 234
02-20 16:45:39.585  1051  6228 W audio_hw_awinic_feedback: is_supported_feedback_on_device [Awinic] 234 ret:0 
02-20 16:45:39.586  1051  6228 I soundtrigger: audio_extn_sound_trigger_update_device_status: device 0xea of type 1 for Event 0, with Raise=0
02-20 16:45:39.586  1051  6228 D audio_hw_primary: disable_audio_route: reset and update mixer path: spkr-vi-record
02-20 16:45:39.587  1051  6228 D soundtrigger: audio_extn_sound_trigger_update_stream_status: uc_info->id 53 of type 1 for Event 2, with Raise=0
02-20 16:45:39.590  1051  6228 I soundtrigger: audio_extn_sound_trigger_update_device_status: device 0x2 of type 0 for Event 0, with Raise=0
02-20 16:45:39.590  1051  6228 D ultrasound_extn: ultrasound_extn_set_mode_post: enter: suspend 0
02-20 16:45:39.590  1051  6228 D audio_hw_primary: out_standby: exit
02-20 16:45:39.827  1074 30687 E WifiHAL : wifi_get_cached_scan_results: Wifi Cached Scan Result not supported by driver
02-20 16:45:39.827  1707  2215 E WifiStaIfaceAidlImpl: getCachedScanData failed with service-specific exception: android.os.ServiceSpecificException:  (code 4)
02-20 16:45:39.830  1051  6228 D audio_hw_primary: in_standby: enter: stream (0xf272f800) usecase(23: audio-record)
02-20 16:45:39.833     0     0 I event_handler: reclaimed all bufs
02-20 16:45:39.850  1051  6228 D audio_hw_primary: disable_audio_route: reset and update mixer path: audio-record
02-20 16:45:39.851  1051  6228 D soundtrigger: audio HAL using same device 210 as ST
02-20 16:45:39.851  1051  6228 D soundtrigger: audio_extn_sound_trigger_update_stream_status: uc_info->id 23 of type 1 for Event 2, with Raise=1
02-20 16:45:39.851  1051  6228 D soundtrigger: audio_extn_sound_trigger_update_stream_status: send event 12: usecase id 23, type 1
02-20 16:45:39.851  1051  6228 D hardware_info: hw_info_append_hw_type : device_name = voice-rec-mic
02-20 16:45:39.851  1051  6228 D audio_hw_primary: disable_snd_device: snd_device(210: voice-rec-mic)
02-20 16:45:39.851  1051  6228 E msm8974_platform: platform_get_snd_device_backend_tag: Invalid backend for device = 210
02-20 16:45:39.851  1051  6228 D msm8974_platform: platform_split_snd_device: snd_device(210) num devices(0) new_snd_devices(0)
02-20 16:45:39.851  1051  6228 W audio_hw_awinic_feedback: is_supported_feedback_on_device [Awinic] 210
02-20 16:45:39.851  1051  6228 W audio_hw_awinic_feedback: is_supported_feedback_on_device [Awinic] 210 ret:0 
02-20 16:45:39.863  1051  6228 D soundtrigger: audio HAL using same device 210 as ST
02-20 16:45:39.864  1051  6228 I soundtrigger: audio_extn_sound_trigger_update_device_status: device 0xd2 of type 1 for Event 0, with Raise=0
02-20 16:45:39.867  1051  1075 D audio_hw_primary: adev_release_audio_patch: Remove patch with handle 55
02-20 16:45:39.867  1051  1075 D audio_hw_primary: route_input_stream: exit: status(0)
02-20 16:45:39.869  1136  2150 D NativePermissionController: checkPermission: missing 13 for 10296
02-20 16:45:39.870  1136  4167 D NativePermissionController: checkPermission: missing 13 for 10226
02-20 16:45:39.872  1136 16641 D NativePermissionController: checkPermission: missing 13 for 10296
02-20 16:45:39.875  1051  1075 D audio_hw_primary: adev_close_input_stream: enter:stream_handle(0xf272f800)
02-20 16:45:39.875  1051  1075 D audio_hw_primary: io_streams_map_remove: Removed stream with handle 446
02-20 16:45:39.875  1051  1075 D soundtrigger: audio_extn_sound_trigger_check_ec_ref_enable: EC Reference is disabled
02-20 16:45:39.875  1051  1075 D soundtrigger: audio_extn_sound_trigger_update_ec_ref_status: update audio echo ref status false
02-20 16:45:39.875  1051  1075 D audio_hw_primary: in_standby: enter: stream (0xf272f800) usecase(23: audio-record)
02-20 16:45:39.876  1136  2150 D NativePermissionController: checkPermission: missing 13 for 10226
02-20 16:45:39.876  1136  1136 D NativePermissionController: checkPermission: missing 13 for 10296
02-20 16:45:39.877  1136  4167 D NativePermissionController: checkPermission: missing 13 for 10296
02-20 16:45:39.878  1136 16641 D NativePermissionController: checkPermission: missing 13 for 10226
02-20 16:45:39.879  1136 16641 D NativePermissionController: checkPermission: missing 13 for 10226
02-20 16:45:39.879  1136  2150 D NativePermissionController: checkPermission: missing 13 for 10296
02-20 16:45:39.880  1136  2150 D NativePermissionController: checkPermission: missing 13 for 10296
02-20 16:45:39.882  1136  4249 D NativePermissionController: checkPermission: missing 13 for 10296
02-20 16:45:39.882  1136  2240 D NativePermissionController: checkPermission: missing 13 for 10226
02-20 16:45:39.882  1136  4249 D NativePermissionController: checkPermission: missing 13 for 10296
02-20 16:45:39.883  1136  2240 D NativePermissionController: checkPermission: missing 13 for 10226
02-20 16:45:39.884  1136  2240 D NativePermissionController: checkPermission: missing 13 for 10226
02-20 16:45:39.884  1136  2240 D NativePermissionController: checkPermission: missing 13 for 10226
02-20 16:45:39.887  1136  2240 D NativePermissionController: checkPermission: missing 13 for 10226
02-20 16:45:39.887  1136  2240 D NativePermissionController: checkPermission: missing 13 for 10226
02-20 16:45:39.980  1136  2150 D NativePermissionController: checkPermission: missing 13 for 10296
02-20 16:45:39.980  1136  2150 D NativePermissionController: checkPermission: missing 13 for 10296
02-20 16:45:39.982  1136  4167 D NativePermissionController: checkPermission: missing 13 for 10296
02-20 16:45:39.983  1136  2150 D NativePermissionController: checkPermission: missing 13 for 10296
02-20 16:45:39.983  1261  1261 I SpeechTranslation: VAD merged segments=[(0,53248)]
02-20 16:45:39.983  1261  1261 I SpeechTranslation: VAD final segment count=1
02-20 16:45:39.984  1261  1261 I SpeechTranslation: Whisper load start
02-20 16:45:40.042  9293  9300 W hbox:interactor: Reducing the number of considered missed Gc histogram windows from 166 to 100
02-20 16:45:40.228  1261  1261 I SpeechTranslation: Whisper infer start
02-20 16:45:40.286     0     0 E         : [GTP-ERR][goodix_power_supply_work:2164] unsupport charger state 4
02-20 16:45:40.286     0     0 I QG-K    : qg_status_change_work: charge_status=4 charge_done=1
02-20 16:45:40.286     0     0 I         : fv calibrate = 0, fv = 4450000
02-20 16:45:40.286     0     0 I pm6150_charger: smblib_set_charge_param: float voltage = 4450000 (0x55)
02-20 16:45:40.287     0     0 I pm6150_charger: smblib_process_thermal_readings: Current temperatures: 	DIE_TEMP: 393,	CONN_TEMP: -400,	SMB_TEMP: -61,	SKIN_TEMP: -61
02-20 16:45:40.287     0     0 I THERMAL_STATUS: 5
02-20 16:45:40.291     0     0 I QG-K    : qg_charge_full_update: msoc=100 health=1 charge_full=1 charge_done=1 charge_status=4
02-20 16:45:40.293     0     0 E QCOM-STEPCHG: handle_jeita: BATT_TEMP = 332 FCC = 6000000uA FV = 4470000uV
02-20 16:45:40.307  2619  2619 D QtiCarrierConfigHelper: WARNING, no carrier configs on phone Id: 0
02-20 16:45:40.307  2619  2619 D QtiCarrierConfigHelper: WARNING, no carrier configs on phone Id: 1
02-20 16:45:41.453  1960  1963 I android.hardware.thermal-service.qti: sensor: cpu-1-0-usr temperature: 95.2 old: 0 new: 3
02-20 16:45:41.475  1960  1963 I android.hardware.thermal-service.qti: sensor: cpu-1-0-usr temperature: 89.6 old: 3 new: 0
02-20 16:45:41.820  1960  1963 I android.hardware.thermal-service.qti: sensor: cpu-1-0-usr temperature: 95.2 old: 0 new: 3
02-20 16:45:41.956  1960  1963 I android.hardware.thermal-service.qti: sensor: cpu-1-0-usr temperature: 89.9 old: 3 new: 0
02-20 16:45:41.991  1261  1261 I SpeechTranslation: Whisper infer done text=[BLANK_AUDIO]
02-20 16:45:42.015  1261  1261 I SpeechTranslation: Whisper context freed
02-20 16:45:42.164  1707  2175 D ActivityManager: freezing 31444 com.google.android.apps.photos
02-20 16:45:42.166  1707  2222 D InetDiagMessage: Destroyed 0 sockets, proto=IPPROTO_TCP, family=AF_INET, states=14
02-20 16:45:42.167  1707  2222 D InetDiagMessage: Destroyed 0 sockets, proto=IPPROTO_TCP, family=AF_INET6, states=14
02-20 16:45:42.167  1707  2222 D InetDiagMessage: Destroyed live tcp sockets for uids={10302} in 1ms
02-20 16:45:42.172  1261  1261 I SpeechTranslation: NLLB tokens_in=10 tokens_out=5 max_new_tokens=15 time=0.16s
02-20 16:45:42.173  1261  1261 W AudioTrack: restartIfDisabled(186): releaseBuffer() track 0xb40000750a09f400 disabled due to previous underrun, restarting
02-20 16:45:42.174  1136  4167 W AudioFlinger: moveEffectChain_ll: effect chain for session 0 not on source thread 0xb40000718495ae70
02-20 16:45:42.176  1136  4167 W AppOpsSession: Redundant beginDeliveryRequest ignored
02-20 16:45:42.176  1136  4167 W AppOpsSession: Redundant beginDeliveryRequest ignored
02-20 16:45:42.177  1136  4167 D NativePermissionController: checkPermission: missing 13 for 10326
02-20 16:45:42.177  1051 24774 D audio_hw_primary: start_output_stream: enter: stream(0xf33d9000)usecase(0: deep-buffer-playback) devices(0x2) is_haptic_usecase(0)
02-20 16:45:42.177  1136  4167 D NativePermissionController: checkPermission: missing 13 for 10326
02-20 16:45:42.177  1051 24774 D audio_hw_primary: select_devices for use case (deep-buffer-playback)
02-20 16:45:42.177  1051 24774 D msm8974_platform: platform_get_output_snd_device: enter: output devices(0x2), enable_voicerx 0
02-20 16:45:42.177  1051 24774 D audio_hw_primary: select_devices: out_snd_device(2: speaker) in_snd_device(0: )
02-20 16:45:42.177  1051 24774 D ultrasound_extn: ultrasound_select_devices_pre ultrasound_enabled:0 usecase(deep-buffer-playback), devices:2 in_snd_device(0, ), out_snd_device(2, speaker)
02-20 16:45:42.177  1051 24774 D ultrasound_extn: dump_usecase_list: start ======================================
02-20 16:45:42.177  1051 24774 D ultrasound_extn: dump_usecase_list: enter state: 0[init] suspended: 0 stop_reprot: 0 cnt: 0 pre_cnt 0
02-20 16:45:42.177  1051 24774 D ultrasound_extn: dump_usecase_list: select_devices_pre usecase[#0]:(0, deep-buffer-playback) in_dev:(0, ) out_dv:(0, )
02-20 16:45:42.177  1051 24774 D ultrasound_extn: dump_usecase_list: end ======================================
02-20 16:45:42.177  1051 24774 I msm8974_platform: platform_check_and_set_codec_backend_cfg:becf: afe: bitwidth 16, samplerate 48000 channels 2, backend_idx 4 usecase = 0 device (speaker)
02-20 16:45:42.177  1051 24774 D msm8974_platform: platform_split_snd_device: snd_device(2) num devices(1) new_snd_devices(0)
02-20 16:45:42.177  1051 24774 I msm8974_platform: platform_check_and_set_codec_backend_cfg: new_snd_devices[0] is 2
02-20 16:45:42.177  1051 24774 I msm8974_platform: platform_check_codec_backend_cfg:becf: afe: bitwidth 16, samplerate 48000 channels 2, backend_idx 4 usecase = 0 device (speaker)
02-20 16:45:42.179  1051 24774 D audio_hw_extn: audio_extn_enable_hifi_filter: mixer_value set 0
02-20 16:45:42.179  1051 24774 D msm8974_platform: platform_check_codec_backend_cfg:becf: updated afe: bitwidth 16, samplerate 48000 channels 2,backend_idx 4 usecase = 0 device (speaker)
02-20 16:45:42.179  1051 24774 D msm8974_platform: platform_check_codec_backend_cfg:becf: afe: restrict playback on handset and speaker to Sample Rate(96k)
