02-20 16:45:52.110  1051 24774 D ultrasound_extn: dump_usecase_list: start ======================================
02-20 16:45:52.110  1051 24774 D ultrasound_extn: dump_usecase_list: enter state: 0[init] suspended: 0 stop_reprot: 0 cnt: 0 pre_cnt 0
02-20 16:45:52.110  1051 24774 D ultrasound_extn: dump_usecase_list: select_devices_pre usecase[#0]:(0, deep-buffer-playback) in_dev:(0, ) out_dv:(0, )
02-20 16:45:52.110  1051 24774 D ultrasound_extn: dump_usecase_list: end ======================================
02-20 16:45:52.110  1051 24774 I msm8974_platform: platform_check_and_set_codec_backend_cfg:becf: afe: bitwidth 16, samplerate 48000 channels 2, backend_idx 4 usecase = 0 device (speaker)
02-20 16:45:52.110  1051 24774 D msm8974_platform: platform_split_snd_device: snd_device(2) num devices(1) new_snd_devices(0)
02-20 16:45:52.110  1051 24774 I msm8974_platform: platform_check_and_set_codec_backend_cfg: new_snd_devices[0] is 2
02-20 16:45:52.110  1051 24774 I msm8974_platform: platform_check_codec_backend_cfg:becf: afe: bitwidth 16, samplerate 48000 channels 2, backend_idx 4 usecase = 0 device (speaker)
02-20 16:45:52.111  1051 24774 D audio_hw_extn: audio_extn_enable_hifi_filter: mixer_value set 0
02-20 16:45:52.111  1051 24774 D msm8974_platform: platform_check_codec_backend_cfg:becf: updated afe: bitwidth 16, samplerate 48000 channels 2,backend_idx 4 usecase = 0 device (speaker)
02-20 16:45:52.111  1051 24774 D msm8974_platform: platform_check_codec_backend_cfg:becf: afe: restrict playback on handset and speaker to Sample Rate(96k)
02-20 16:45:52.111  1051 24774 D ultrasound_extn: ultrasound_check_and_set_codec_backend_cfg check use case (deep-buffer-playback), snd_device(2, speaker)
02-20 16:45:52.111  1051 24774 D ultrasound_extn: ultrasound_check_and_set_codec_backend_cfg  do not change BE setting for speaker
02-20 16:45:52.111  1051 24774 I msm8974_platform: platform_check_codec_backend_cfg:becf: afe: Codec selected backend: 4 updated bit width: 24 and sample rate: 96000
02-20 16:45:52.111  1051 24774 D audio_hw_primary: check_usecases_codec_backend:becf: force routing 0
02-20 16:45:52.111  1051 24774 E msm8974_platform: platform_check_backends_match: Invalid snd_device = 
02-20 16:45:52.111  1051 24774 D audio_hw_primary: check_usecases_codec_backend:becf: (100) check_usecases curr device: speaker, usecase device: backends match 0
02-20 16:45:52.111  1051 24774 D audio_hw_primary: @@: usecase[0xf21b4780]=deep-buffer-playback, devices=0x2, uc_info[0xf21b4780]=deep-buffer-playback
02-20 16:45:52.111  1051 24774 D audio_hw_primary: check_usecases_codec_backend:becf: check_usecases num.of Usecases to switch 0
02-20 16:45:52.111  1051 24774 D hardware_info: hw_info_append_hw_type : device_name = speaker
02-20 16:45:52.111  1051 24774 D ultrasound_extn: ultrasound_extn_get_mode_for_usecase: adsp device mode 2
02-20 16:45:52.111  1051 24774 D ultrasound_extn: ultrasound_extn_set_mode: enter: mode 2
02-20 16:45:52.111  1051 24774 I ultrasound_extn: ultrasound_set_mode_mius: Set Ultrasound Value 2
02-20 16:45:52.112  1051 24774 D msm8974_platform: platform_split_snd_device: snd_device(2) num devices(0) new_snd_devices(0)
02-20 16:45:52.112     0     0 E mius_system_configuration_param_get: reg: 0 shift: 34
02-20 16:45:52.112  1051 24774 D audio_hw_primary: enable_snd_device: snd_device(2: speaker)
02-20 16:45:52.112  1051 24774 D msm8974_platform: platform_get_island_cfg_on_device:island cfg status on snd_device = (speaker 0)
02-20 16:45:52.112  1051 24774 I soundtrigger: audio_extn_sound_trigger_update_device_status: device 0x2 of type 0 for Event 1, with Raise=0
02-20 16:45:52.112  1136 16641 D NativePermissionController: checkPermission: missing 13 for 10326
02-20 16:45:52.112  1051 24774 D audio_route: Apply path: speaker
02-20 16:45:52.113  1136 16641 D NativePermissionController: checkPermission: missing 13 for 10326
02-20 16:45:52.114  1051 24774 E audio_hw_awinic_feedback: audio_extn_aw882xx_start_feedback: [Ainic] Entry
02-20 16:45:52.114  1051 24774 W audio_hw_awinic_feedback: is_supported_feedback_on_device [Awinic] 2
02-20 16:45:52.114  1051 24774 W audio_hw_awinic_feedback: is_supported_feedback_on_device [Awinic] 2 ret:1 
02-20 16:45:52.114  1051 24774 D hardware_info: hw_info_append_hw_type : device_name = vi-feedback
02-20 16:45:52.114  1051 24774 E msm8974_platform: platform_get_snd_device_backend_tag: Invalid backend for device = 234
02-20 16:45:52.114  1051 24774 D msm8974_platform: platform_split_snd_device: snd_device(234) num devices(0) new_snd_devices(0)
02-20 16:45:52.114  1051 24774 D audio_hw_primary: enable_snd_device: snd_device(234: vi-feedback)
02-20 16:45:52.114  1051 24774 D msm8974_platform: platform_get_island_cfg_on_device:island cfg status on snd_device = (vi-feedback 0)
02-20 16:45:52.114  1051 24774 I soundtrigger: audio_extn_sound_trigger_update_device_status: device 0xea of type 1 for Event 1, with Raise=0
02-20 16:45:52.114  1051 24774 D audio_route: Apply path: vi-feedback
02-20 16:45:52.114  1051 24774 E audio_hw_awinic_feedback: audio_extn_aw882xx_start_feedback: [Ainic] Entry
02-20 16:45:52.114  1051 24774 W audio_hw_awinic_feedback: is_supported_feedback_on_device [Awinic] 234
02-20 16:45:52.114  1051 24774 W audio_hw_awinic_feedback: is_supported_feedback_on_device [Awinic] 234 ret:0 
02-20 16:45:52.114  1051 24774 D soundtrigger: audio_extn_sound_trigger_update_stream_status: uc_info->id 53 of type 1 for Event 3, with Raise=0
02-20 16:45:52.114  1051 24774 D audio_hw_utils: audio_extn_utils_send_app_type_cfg: usecase->in_snd_device vi-feedback
02-20 16:45:52.114  1051 24774 E voice   : voice_is_in_call_rec_stream: input stream is NULL
02-20 16:45:52.114  1051 24774 D msm8974_platform: platform_split_snd_device: snd_device(234) num devices(0) new_snd_devices(0)
02-20 16:45:52.114  1051 24774 E audio_hw_utils: send_app_type_cfg_for_device: Could not get ctl for mixer cmd - Audio Stream Capture 38 App Type Cfg
02-20 16:45:52.114  1051 24774 D msm8974_platform: platform_split_snd_device: snd_device(234) num devices(1) new_snd_devices(0)
02-20 16:45:52.115  1051 24774 D ACDB-LOADER: ACDB -> send_audio_cal, acdb_id = 102, path = 1, app id = 0x11132, sample rate = 48000, afe_sample_rate = 48000
02-20 16:45:52.115  1051 24774 D ACDB-LOADER: ACDB -> send_asm_topology
02-20 16:45:52.115  1051 24774 D ACDB-LOADER: ACDB -> ACDB_CMD_GET_AUDPROC_STREAM_TOPOLOGY_ID
02-20 16:45:52.115  1051 24774 D ACDB-LOADER: ACDB -> send_adm_topology
02-20 16:45:52.115  1051 24774 D ACDB-LOADER: ACDB -> ACDB_CMD_GET_AUDPROC_COMMON_TOPOLOGY_ID
02-20 16:45:52.115  1051 24774 D ACDB-LOADER: ACDB -> send_audtable
02-20 16:45:52.115  1051 24774 D ACDB-LOADER: ACDB -> ACDB_CMD_GET_AUDPROC_INSTANCE_COMMON_TABLE_SIZE
02-20 16:45:52.115  1051 24774 D ACDB-LOADER: ACDB -> ACDB_CMD_GET_AUDPROC_INSTANCE_COMMON_TABLE
02-20 16:45:52.115  1051 24774 D ACDB-LOADER: ACDB -> AUDIO_SET_AUDPROC_CAL cal_type[11] acdb_id[102] app_type[69938]
02-20 16:45:52.115  1051 24774 D ACDB-LOADER: ACDB -> ACDB_CMD_GET_AUDPROC_INSTANCE_STREAM_TABLE_SIZE
02-20 16:45:52.115  1051 24774 D ACDB-LOADER: ACDB -> send_audstrmtable
02-20 16:45:52.115  1051 24774 D ACDB-LOADER: ACDB -> ACDB_CMD_GET_AUDPROC_INSTANCE_STREAM_TABLE
02-20 16:45:52.115  1051 24774 D ACDB-LOADER: ACDB -> audstrm_cal->cal_type.cal_data.cal_size = 20
02-20 16:45:52.115  1051 24774 D ACDB-LOADER: ACDB -> send_afe_topology
02-20 16:45:52.115  1051 24774 D ACDB-LOADER: ACDB -> ACDB_CMD_GET_AFE_TOPOLOGY_ID
02-20 16:45:52.115  1051 24774 D ACDB-LOADER: ACDB -> GET_AFE_TOPOLOGY_ID for adcd_id 102, Topology Id 1000ff01
02-20 16:45:52.115  1051 24774 D ACDB-LOADER: ACDB -> send_afe_cal
02-20 16:45:52.115  1051 24774 D ACDB-LOADER: ACDB -> ACDB_CMD_GET_AFE_INSTANCE_COMMON_TABLE_SIZE
02-20 16:45:52.115  1051 24774 D ACDB-LOADER: ACDB -> ACDB_CMD_GET_AFE_INSTANCE_COMMON_TABLE
02-20 16:45:52.115  1051 24774 D ACDB-LOADER: ACDB -> AUDIO_SET_AFE_CAL cal_type[17] acdb_id[102]
02-20 16:45:52.115  1051 24774 D ACDB-LOADER: ACDB -> send_hw_delay : acdb_id = 102 path = 1
02-20 16:45:52.115  1051 24774 D ACDB-LOADER: ACDB -> ACDB_AVSYNC_INFO: ACDB_CMD_GET_DEVICE_PROPERTY
02-20 16:45:52.115  1051 24774 D audio_hw_primary: enable_audio_route: apply mixer and update path: spkr-vi-record
02-20 16:45:52.115  1051 24774 D audio_route: Apply path: spkr-vi-record
02-20 16:45:52.116  1051 24774 D audio_hw_awinic_feedback: audio_extn_aw882xx_start_feedback:[Awinic] the pcm id uc_info->id = 53, tx_pcm_id = 38
02-20 16:45:52.121     0     0 E afe_get_cal_hw_delay: Unable to find delay for sample rate 96000
02-20 16:45:52.134  1051 24774 D ultrasound_extn: ultrasound_extn_set_mode_post: enter: suspend 0
02-20 16:45:52.134  1051 24774 I audio_hw_utils: audio_extn_utils_update_stream_output_app_type_cfg Allowing 24 and above bits playback on speaker ONLY at default sampling rate
02-20 16:45:52.134  1051 24774 D audio_hw_primary: audio_is_true_native_stream_active:napb: (0) (deep-buffer-playback)id (0) sr 48000 bw (16) device speaker
02-20 16:45:52.134  1051 24774 E soundtrigger: audio_extn_sound_trigger_update_stream_status: invalid input device 0x0, for event 3
02-20 16:45:52.134  1051 24774 D soundtrigger: audio_extn_sound_trigger_update_stream_status: uc_info->id 0 of type 0 for Event 3, with Raise=1
02-20 16:45:52.134  1051 24774 D audio_hw_utils: audio_extn_utils_send_app_type_cfg: usecase->out_snd_device speaker
02-20 16:45:52.134  1051 24774 D msm8974_platform: platform_split_snd_device: snd_device(2) num devices(0) new_snd_devices(0)
02-20 16:45:52.134  1051 24774 D audio_hw_utils: audio_extn_btsco_get_sample_rate:Not a BT SCO device, need not update sampling rate
02-20 16:45:52.134  1051 24774 I audio_hw_utils: send_app_type_cfg_for_device: change app type from 69936 to 69940
02-20 16:45:52.134  1051 24774 I audio_hw_utils: send_app_type_cfg_for_device PLAYBACK app_type 69940, acdb_dev_id 10011, sample_rate 48000, snd_device_be_idx 43
02-20 16:45:52.135  1051 24774 D msm8974_platform: platform_split_snd_device: snd_device(2) num devices(1) new_snd_devices(0)
02-20 16:45:52.135  1051 24774 D audio_hw_utils: audio_extn_btsco_get_sample_rate:Not a BT SCO device, need not update sampling rate
02-20 16:45:52.135  1051 24774 D ACDB-LOADER: ACDB -> send_audio_cal, acdb_id = 10011, path = 0, app id = 0x11134, sample rate = 48000, afe_sample_rate = 96000
02-20 16:45:52.135  1051 24774 D ACDB-LOADER: ACDB -> send_asm_topology
02-20 16:45:52.135  1051 24774 D ACDB-LOADER: ACDB -> ACDB_CMD_GET_AUDPROC_STREAM_TOPOLOGY_ID
02-20 16:45:52.135  1051 24774 D ACDB-LOADER: ACDB -> send_adm_topology
02-20 16:45:52.135  1051 24774 D ACDB-LOADER: ACDB -> ACDB_CMD_GET_AUDPROC_COMMON_TOPOLOGY_ID
02-20 16:45:52.135  1051 24774 D ACDB-LOADER: ACDB -> send_audtable
02-20 16:45:52.135  1051 24774 D ACDB-LOADER: ACDB -> ACDB_CMD_GET_AUDPROC_INSTANCE_COMMON_TABLE_SIZE
02-20 16:45:52.135  1051 24774 D ACDB-LOADER: ACDB -> ACDB_CMD_GET_AUDPROC_INSTANCE_COMMON_TABLE
02-20 16:45:52.135  1051 24774 D ACDB-LOADER: ACDB -> AUDIO_SET_AUDPROC_CAL cal_type[11] acdb_id[10011] app_type[69940]
02-20 16:45:52.135  1051 24774 D ACDB-LOADER: ACDB -> send_audvoltable
02-20 16:45:52.135  1051 24774 D ACDB-LOADER: ACDB -> ACDB_CMD_GET_AUDPROC_INSTANCE_GAIN_DEP_STEP_TABLE_SIZE
02-20 16:45:52.135  1051 24774 D android.hardware.audio.service: Failed to fetch the lookup information of the device 0000271B 
02-20 16:45:52.135  1051 24774 D ACDB-LOADER: Error: ACDB_CMD_GET_AUDPROC_INSTANCE_GAIN_DEP_STEP_TABLE_SIZE Returned = -19
02-20 16:45:52.135  1051 24774 D ACDB-LOADER: ACDB -> ACDB_CMD_GET_AUDPROC_INSTANCE_GAIN_DEP_STEP_TABLE, vol index 0
02-20 16:45:52.135  1051 24774 D android.hardware.audio.service: Failed to fetch the lookup information of the device 0000271B 
02-20 16:45:52.135  1051 24774 D ACDB-LOADER: Error: ACDB AudProc vol returned = -19
02-20 16:45:52.135  1051 24774 D ACDB-LOADER: ACDB -> AUDIO_SET_VOL_CAL cal type = 12
02-20 16:45:52.135  1051 24774 D ACDB-LOADER: ACDB -> ACDB_CMD_GET_AUDPROC_INSTANCE_STREAM_TABLE_SIZE
02-20 16:45:52.135  1051 24774 D ACDB-LOADER: ACDB -> send_audstrmtable
02-20 16:45:52.135  1051 24774 D ACDB-LOADER: ACDB -> ACDB_CMD_GET_AUDPROC_INSTANCE_STREAM_TABLE
02-20 16:45:52.135  1051 24774 D ACDB-LOADER: ACDB -> audstrm_cal->cal_type.cal_data.cal_size = 20
02-20 16:45:52.135  1051 24774 D ACDB-LOADER: ACDB -> send_afe_topology
02-20 16:45:52.135  1051 24774 D ACDB-LOADER: ACDB -> ACDB_CMD_GET_AFE_TOPOLOGY_ID
02-20 16:45:52.135  1051 24774 D ACDB-LOADER: ACDB -> GET_AFE_TOPOLOGY_ID for adcd_id 10011, Topology Id 1000ff00
02-20 16:45:52.135  1051 24774 D ACDB-LOADER: ACDB -> send_afe_cal
02-20 16:45:52.135  1051 24774 D ACDB-LOADER: ACDB -> ACDB_CMD_GET_AFE_INSTANCE_COMMON_TABLE_SIZE
02-20 16:45:52.135  1051 24774 D ACDB-LOADER: ACDB -> ACDB_CMD_GET_AFE_INSTANCE_COMMON_TABLE
02-20 16:45:52.135  1051 24774 D ACDB-LOADER: ACDB -> AUDIO_SET_AFE_CAL cal_type[16] acdb_id[10011]
02-20 16:45:52.135  1051 24774 D ACDB-LOADER: ACDB -> send_hw_delay : acdb_id = 10011 path = 0
02-20 16:45:52.135  1051 24774 D ACDB-LOADER: ACDB -> ACDB_AVSYNC_INFO: ACDB_CMD_GET_DEVICE_PROPERTY
02-20 16:45:52.135  1051 24774 D msm8974_platform: platform_split_snd_device: snd_device(2) num devices(0) new_snd_devices(0)
02-20 16:45:52.135  1051 24774 I msm8974_platform: platform_get_custom_mtmx_params: no matching param with id 0 ip_ch 2 op_ch 2 uc_id 0 snd_dev 2
02-20 16:45:52.135  1051 24774 D audio_hw_primary: enable_audio_route: apply mixer and update path: deep-buffer-playback speaker
02-20 16:45:52.135  1051 24774 D audio_route: Apply path: deep-buffer-playback speaker
02-20 16:45:52.136  1051 24774 D send_data_to_xlog: send_misound_data_to_xlog: enter: usecase(0)
02-20 16:45:52.136  1051 24774 D ultrasound_extn: ultrasound_select_devices_post: enter: engine_suspended: 0
02-20 16:45:52.136  1051 24774 D ultrasound_extn: dump_usecase_list: start ======================================
02-20 16:45:52.136  1051 24774 D ultrasound_extn: dump_usecase_list: enter state: 0[init] suspended: 0 stop_reprot: 0 cnt: 0 pre_cnt 0
02-20 16:45:52.136  1051 24774 D ultrasound_extn: dump_usecase_list: select_devices_post usecase[#0]:(0, deep-buffer-playback) in_dev:(0, ) out_dv:(2, speaker)
02-20 16:45:52.136  1051 24774 D ultrasound_extn: dump_usecase_list: select_devices_post usecase[#1]:(53, spkr-vi-record) in_dev:(234, vi-feedback) out_dv:(0, )
02-20 16:45:52.136  1051 24774 D ultrasound_extn: dump_usecase_list: RX_CDC_DMA_RX_0 SampleRate		 KHZ_48
02-20 16:45:52.136  1051 24774 D ultrasound_extn: dump_usecase_list: RX_CDC_DMA_RX_0 Format		 S16_LE
02-20 16:45:52.135     0     0 E msm_pcm_routing_reg_stream_app_type_cfg: fedai_id 0, session_type 0, be_id 43, app_type 69940, acdb_dev_id 10011, sample_rate 48000
02-20 16:45:52.137  1051 24774 D ultrasound_extn: dump_usecase_list: RX_CDC_DMA_RX_0 Channels		 One
02-20 16:45:52.137  1051 24774 D ultrasound_extn: dump_usecase_list: RX_CDC_DMA_RX_1 SampleRate		 KHZ_96
02-20 16:45:52.137  1051 24774 D ultrasound_extn: dump_usecase_list: RX_CDC_DMA_RX_1 Format		 S16_LE
02-20 16:45:52.137  1051 24774 D ultrasound_extn: dump_usecase_list: RX_CDC_DMA_RX_1 Channels		 One
02-20 16:45:52.137  1051 24774 D ultrasound_extn: dump_usecase_list: end ======================================
02-20 16:45:52.137  1051 24774 D audio_hw_primary: select_devices: done
02-20 16:45:52.169     0     0 I adm_open: port 0x1000 path:1 rate:48000 mode:2 perf_mode:0,topo_id 0x1000a100 bit_width 24 app_type 69940 acdb_id 10011
02-20 16:45:52.224  1051 24774 D msm8974_platform: platform_set_channel_map mixer_ctl_name:Playback Channel Map0
02-20 16:45:52.224  1051 24774 D msm8974_platform: platform_set_channel_map: set mapping(1 2 0 0 0 0 0 0) for channel:2
02-20 16:45:52.225  1051 24774 D audio_hw_primary: check_and_set_karaok_parameters: is karaok rx device 0, is karaok tx device 0
02-20 16:45:52.225  1051 24774 D audio_hw_primary: start_output_stream: exit
02-20 16:45:52.225  1051 24774 D adsp_utils: set_channel_reverse mode: 0
02-20 16:45:52.225  1051 24774 D msm8974_platform: platform_get_output_snd_device: enter: output devices(0x2), enable_voicerx 0
02-20 16:45:52.225  1051 24774 D msm8974_platform: Setting audio calibration for snd_device(2) acdb_id(10011)
02-20 16:45:52.225  1051 24774 E ACDB-LOADER: [acdb_loader_adsp_set_audio_cal] active device/stream not found (result=-100) for topology 0x1000a106 and apptype 0x11134
02-20 16:45:52.225  1051 24774 E ACDB-LOADER: [acdb_loader_adsp_set_audio_cal] set parameters failed with status -100
02-20 16:45:52.225  1051 24774 D audio_hw_hfp: hfp_set_parameters: enter
02-20 16:45:52.225  1051 24774 D msm8974_platform: platform_get_output_snd_device: enter: output devices(0x2), enable_voicerx 0
02-20 16:45:52.225  1051 24774 D msm8974_platform: Setting audio calibration for snd_device(2) acdb_id(10011)
02-20 16:45:52.226  1051 24774 D audio_hw_hfp: hfp_set_parameters: enter
02-20 16:45:52.226  1051 24774 D msm8974_platform: platform_get_output_snd_device: enter: output devices(0x2), enable_voicerx 0
02-20 16:45:52.226  1051 24774 D msm8974_platform: Setting audio calibration for snd_device(2) acdb_id(10011)
02-20 16:45:52.226  1051 24774 E ACDB-LOADER: [acdb_loader_adsp_set_audio_cal] active device/stream not found (result=-100) for topology 0x1000a106 and apptype 0x11131
02-20 16:45:52.226  1051 24774 E ACDB-LOADER: [acdb_loader_adsp_set_audio_cal] set parameters failed with status -100
02-20 16:45:52.226  1051 24774 D audio_hw_hfp: hfp_set_parameters: enter
02-20 16:45:52.226  1051 24774 D msm8974_platform: platform_get_output_snd_device: enter: output devices(0x2), enable_voicerx 0
02-20 16:45:52.226  1051 24774 D msm8974_platform: Setting audio calibration for snd_device(2) acdb_id(10011)
02-20 16:45:52.226  1051 24774 E ACDB-LOADER: [acdb_loader_adsp_set_audio_cal] active device/stream not found (result=-100) for topology 0x1000a100 and apptype 0x11131
02-20 16:45:52.226  1051 24774 E ACDB-LOADER: [acdb_loader_adsp_set_audio_cal] set parameters failed with status -100
02-20 16:45:52.226  1051 24774 D audio_hw_hfp: hfp_set_parameters: enter
02-20 16:45:52.226  1051 24774 D msm8974_platform: platform_get_output_snd_device: enter: output devices(0x2), enable_voicerx 0
02-20 16:45:52.226  1051 24774 D msm8974_platform: Setting audio calibration for snd_device(2) acdb_id(10011)
02-20 16:45:52.226  1051 24774 E ACDB-LOADER: [acdb_loader_adsp_set_audio_cal] active device/stream not found (result=-100) for topology 0x10010314 and apptype 0x11131
02-20 16:45:52.226  1051 24774 E ACDB-LOADER: [acdb_loader_adsp_set_audio_cal] set parameters failed with status -100
02-20 16:45:52.226  1051 24774 D audio_hw_hfp: hfp_set_parameters: enter
02-20 16:45:52.226  1051 24774 D msm8974_platform: platform_get_output_snd_device: enter: output devices(0x2), enable_voicerx 0
02-20 16:45:52.226  1051 24774 D msm8974_platform: Setting audio calibration for snd_device(2) acdb_id(10011)
02-20 16:45:52.226  1051 24774 E ACDB-LOADER: [acdb_loader_adsp_set_audio_cal] active device/stream not found (result=-100) for topology 0x10010314 and apptype 0x11134
02-20 16:45:52.226  1051 24774 E ACDB-LOADER: [acdb_loader_adsp_set_audio_cal] set parameters failed with status -100
02-20 16:45:52.226  1051 24774 D audio_hw_hfp: hfp_set_parameters: enter
02-20 16:45:52.226  1051 24774 D msm8974_platform: platform_get_output_snd_device: enter: output devices(0x2), enable_voicerx 0
02-20 16:45:52.226  1051 24774 D msm8974_platform: Setting audio calibration for snd_device(2) acdb_id(10011)
02-20 16:45:52.227  1051 24774 D audio_hw_hfp: hfp_set_parameters: enter
02-20 16:45:52.227  1051 24774 D audio_hw_primary: check_and_set_karaok_parameters: is karaok rx device 0, is karaok tx device 0
02-20 16:45:52.227  1051 24774 D msm8974_platform: platform_split_snd_device: snd_device(2) num devices(0) new_snd_devices(0)
02-20 16:45:52.227  1051 24774 I msm8974_platform: platform_get_custom_mtmx_params: no matching param with id 0 ip_ch 2 op_ch 2 uc_id 0 snd_dev 2
02-20 16:45:52.324  1136  2123 D AudioFlinger: mixer(0xb400007178797580) throttle end: throttle time(46)
02-20 16:45:53.497  1136  2123 I AudioFlinger: prepareTracks_l BUFFER TIMEOUT: remove track(117) from active list due to underrun on thread 29
02-20 16:45:53.501  1136  1516 W AudioFlinger: moveEffectChain_ll: effect chain for session 0 not on source thread 0xb4000071787dbdf0
02-20 16:45:54.925  1074 30687 E WifiHAL : wifi_get_cached_scan_results: Wifi Cached Scan Result not supported by driver
02-20 16:45:54.926  1707  2215 E WifiStaIfaceAidlImpl: getCachedScanData failed with service-specific exception: android.os.ServiceSpecificException:  (code 4)
02-20 16:45:55.507  1051  6228 D audio_hw_primary: out_standby: enter: stream (0xf33d9000) usecase(0: deep-buffer-playback)
02-20 16:45:55.806  3033  3033 W dumpsys : Thread Pool max thread count is 0. Cannot cache binder as linkToDeath cannot be implemented. serviceName: meminfo
02-20 16:45:55.807  1707  5582 D ActivityManager: freezer override set to true
02-20 16:45:55.808  1707  5582 D ActivityManager: sync unfroze 22834 com.google.android.partnersetup for 19
02-20 16:45:55.808  1707  5582 D ActivityManager: sync unfroze 30276 com.google.android.tts for 19
02-20 16:45:55.808  1707  5582 D ActivityManager: sync unfroze 11670 com.android.keychain for 19
02-20 16:45:55.809  1707  5582 D ActivityManager: sync unfroze 31566 com.android.keychain for 19
02-20 16:45:55.809  1707  5582 D ActivityManager: sync unfroze 31609 com.android.vending:background for 19
02-20 16:45:55.810  1707  5582 D ActivityManager: sync unfroze 17151 com.android.permissioncontroller for 19
02-20 16:45:55.810  1707  5582 D ActivityManager: sync unfroze 31565 com.android.permissioncontroller for 19
02-20 16:45:55.810  1707  5582 D ActivityManager: sync unfroze 31338 com.android.intentresolver for 19
02-20 16:45:55.811  1707  5582 D ActivityManager: sync unfroze 31814 in.swiggy.android for 19
02-20 16:45:55.811  1707  5582 D ActivityManager: sync unfroze 28662 com.google.android.googlequicksearchbox:search for 19
02-20 16:45:55.812  1707  5582 D ActivityManager: sync unfroze 32629 com.google.android.apps.messaging for 19
02-20 16:45:55.812  1707  5582 D ActivityManager: sync unfroze 31300 com.android.systemui:screenshot for 19
02-20 16:45:55.812  1707  5582 D ActivityManager: sync unfroze 31408 android.process.acore for 19
02-20 16:45:55.813  1707  5582 D ActivityManager: sync unfroze 31858 com.google.android.youtube for 19
02-20 16:45:55.814  1707  5582 D ActivityManager: sync unfroze 690 com.google.android.apps.tachyon for 19
02-20 16:45:55.814  1707  5582 D ActivityManager: sync unfroze 28057 com.google.android.gms for 19
02-20 16:45:55.815  1707  5582 D ActivityManager: sync unfroze 10176 com.ril.shein for 19
02-20 16:45:55.815  1707  5582 D ActivityManager: sync unfroze 24797 com.android.settings for 19
02-20 16:45:55.816  1707  5582 D ActivityManager: sync unfroze 14748 com.whatsapp for 19
02-20 16:45:55.820  1136 16641 D NativePermissionController: checkPermission: missing 13 for 10296
02-20 16:45:55.825  1051  6228 D audio_hw_primary: disable_audio_route: reset and update mixer path: deep-buffer-playback speaker
02-20 16:45:55.826  1051  6228 E soundtrigger: audio_extn_sound_trigger_update_stream_status: invalid input device 0x0, for event 2
02-20 16:45:55.826  1051  6228 D soundtrigger: audio_extn_sound_trigger_update_stream_status: uc_info->id 0 of type 0 for Event 2, with Raise=1
02-20 16:45:55.826  1051  6228 D msm8974_platform: platform_split_snd_device: snd_device(2) num devices(0) new_snd_devices(0)
02-20 16:45:55.826  1051  6228 I msm8974_platform: platform_get_custom_mtmx_params: no matching param with id 0 ip_ch 2 op_ch 2 uc_id 0 snd_dev 2
02-20 16:45:55.826  1051  6228 D hardware_info: hw_info_append_hw_type : device_name = speaker
02-20 16:45:55.826  1051  6228 D audio_hw_primary: disable_snd_device: snd_device(2: speaker)
02-20 16:45:55.826  1051  6228 D ultrasound_extn: ultrasound_extn_get_mode_for_usecase: adsp device mode 2
02-20 16:45:55.826  1051  6228 D ultrasound_extn: ultrasound_extn_set_mode: enter: mode 0
02-20 16:45:55.826  1051  6228 I ultrasound_extn: ultrasound_set_mode_mius: Set Ultrasound Value 0
02-20 16:45:55.827  1051  6228 D msm8974_platform: platform_split_snd_device: snd_device(2) num devices(0) new_snd_devices(0)
02-20 16:45:55.827  1051  6228 W audio_hw_awinic_feedback: is_supported_feedback_on_device [Awinic] 2
02-20 16:45:55.827  1051  6228 W audio_hw_awinic_feedback: is_supported_feedback_on_device [Awinic] 2 ret:1 
02-20 16:45:55.827     0     0 E mius_system_configuration_param_get: reg: 0 shift: 34
02-20 16:45:55.831  1136 16641 D NativePermissionController: checkPermission: missing 13 for 10296
02-20 16:45:55.833  1136 16641 D NativePermissionController: checkPermission: missing 13 for 10296
02-20 16:45:55.834  1136 16641 D NativePermissionController: checkPermission: missing 13 for 10296
02-20 16:45:55.836  1051  6228 D hardware_info: hw_info_append_hw_type : device_name = vi-feedback
02-20 16:45:55.836  1051  6228 D audio_hw_primary: disable_snd_device: snd_device(234: vi-feedback)
02-20 16:45:55.836  1051  6228 E msm8974_platform: platform_get_snd_device_backend_tag: Invalid backend for device = 234
02-20 16:45:55.836  1051  6228 D msm8974_platform: platform_split_snd_device: snd_device(234) num devices(0) new_snd_devices(0)
02-20 16:45:55.836  1051  6228 W audio_hw_awinic_feedback: is_supported_feedback_on_device [Awinic] 234
02-20 16:45:55.836  1051  6228 W audio_hw_awinic_feedback: is_supported_feedback_on_device [Awinic] 234 ret:0 
02-20 16:45:55.836  1051  6228 I soundtrigger: audio_extn_sound_trigger_update_device_status: device 0xea of type 1 for Event 0, with Raise=0
02-20 16:45:55.836  1051  6228 D audio_hw_primary: disable_audio_route: reset and update mixer path: spkr-vi-record
02-20 16:45:55.836  1136 16641 D NativePermissionController: checkPermission: missing 13 for 10296
02-20 16:45:55.837  1136 16641 D NativePermissionController: checkPermission: missing 13 for 10296
02-20 16:45:55.838  1051  6228 D soundtrigger: audio_extn_sound_trigger_update_stream_status: uc_info->id 53 of type 1 for Event 2, with Raise=0
02-20 16:45:55.839  1136 16641 D NativePermissionController: checkPermission: missing 13 for 10296
02-20 16:45:55.839  1136 16641 D NativePermissionController: checkPermission: missing 13 for 10296
02-20 16:45:55.841  1051  6228 I soundtrigger: audio_extn_sound_trigger_update_device_status: device 0x2 of type 0 for Event 0, with Raise=0
02-20 16:45:55.841  1051  6228 D ultrasound_extn: ultrasound_extn_set_mode_post: enter: suspend 0
02-20 16:45:55.841  1051  6228 D audio_hw_primary: out_standby: exit
02-20 16:45:55.847 14748 14808 E msys    : E[N mns]_OnDiskCacheGetData(632)=>Start post callback cache refresh DNS resolution
02-20 16:45:55.848 14748 14808 E msys    : E[ADNSUCTIMH WAJMNSDNSResolver]_MNSDNSResolutionSuccess(35)=>[LogLevel:I] DNS Resolution Successful with 1 IPs, Persistent Cache Hit: 1, secondary resolver used: 0
02-20 16:45:55.848 14748 14808 E msys    : E[ADNSUCTIMH WAJMNSDNSResolver]_MNSDNSResolutionSuccess(55)=>[LogLevel:I] Resolved IP Address: 57.144.177.33
02-20 16:45:55.895 14748 14808 E msys    : E[N mns]_OnSystemDNSSuccessCallback(340)=>Cache refresh succeeded with system DNS resolver. IP count: 1
02-20 16:45:55.911  1261  1304 I inal.translator: Explicit concurrent mark compact GC freed 1672KB AllocSpace bytes, 5(556KB) LOS objects, 81% free, 5442KB/29MB, paused 128us,2.319ms total 30.914ms
02-20 16:45:55.936  1707  5582 D ActivityManager: freezer override set to false
02-20 16:45:55.938 31609 31609 I Finsky:background: [2] Memory trim requested to level 40
02-20 16:45:55.941 32629 32648 I ForwardSyncCache: reclaimMemory: Clearing caches
02-20 16:45:55.941 32629 32648 W Bugle   : TextClassifierLibManagerImpl: Reclaiming memory at level: 40
02-20 16:45:55.959     0     0 I QG-K    : qg_battery_soc_smooth_tracking: soc:100, last_soc:100, raw_soc:100, soc_changed:1, update_now:0, charge_status:4, batt_ma:148
02-20 16:45:55.959     0     0 E QG-K    : soc_monitor_work: soc:100, raw_soc:100, c:148, s:4
02-20 16:45:56.112  1707  2175 D ActivityManager: freezing 32685 com.google.android.gms.unstable
02-20 16:45:56.126  1707  2175 D ActivityManager: freezing 31444 com.google.android.apps.photos
02-20 16:45:56.127  1707  2175 D ActivityManager: freezing 28108 com.android.vending
02-20 16:45:56.128  1707  2175 D ActivityManager: freezing 16286 com.android.chrome
02-20 16:45:56.167  1707  2222 D InetDiagMessage: Destroyed 0 sockets, proto=IPPROTO_TCP, family=AF_INET, states=14
02-20 16:45:56.167  1707  2222 D InetDiagMessage: Destroyed 0 sockets, proto=IPPROTO_TCP, family=AF_INET6, states=14
02-20 16:45:56.167  1707  2222 D InetDiagMessage: Destroyed live tcp sockets for uids={10302} in 1ms
02-20 16:45:56.167  1707  2222 D InetDiagMessage: Destroyed 0 sockets, proto=IPPROTO_TCP, family=AF_INET, states=14
02-20 16:45:56.168  1707  2222 D InetDiagMessage: Destroyed 0 sockets, proto=IPPROTO_TCP, family=AF_INET6, states=14
02-20 16:45:56.168  1707  2222 D InetDiagMessage: Destroyed live tcp sockets for uids={10226} in 1ms
02-20 16:45:56.227  1136 16641 D NativePermissionController: checkPermission: missing 8 for 10326
02-20 16:45:56.228  1051  6228 D audio_hw_primary: adev_open_input_stream is_karaoke_fastcapture=0
02-20 16:45:56.228  1051  6228 D audio_hw_primary: adev_open_input_stream: enter: sample_rate(16000) channel_mask(0x10) devices(0x80000004)        stream_handle(0xf272da00) io_handle(462) source(6) format 1
02-20 16:45:56.228  1051  6228 D audio_hw_primary: io_streams_map_insert: Added stream in io_streams_map with handle 462
02-20 16:45:56.228  1051  6228 E device_utils: update_device_list: Invalid device: 0
02-20 16:45:56.231  1136  3060 I AudioFlinger: AudioFlinger's thread 0xb40000716506e848 tid=3060 ready to run
02-20 16:45:56.232  1051  1075 D audio_hw_primary: in_standby: enter: stream (0xf272da00) usecase(23: audio-record)
02-20 16:45:56.233  1051  1075 D audio_hw_primary: in_standby: enter: stream (0xf272da00) usecase(23: audio-record)
02-20 16:45:56.236  1136  4249 D NativePermissionController: checkPermission: missing 13 for 10296
02-20 16:45:56.237  1136  6231 D NativePermissionController: checkPermission: missing 13 for 10296
02-20 16:45:56.240  1136  6231 D NativePermissionController: checkPermission: missing 13 for 10296
02-20 16:45:56.244  1051  1075 D audio_hw_primary: adev_create_audio_patch: enter: num sources 1, num_sinks 1, handle 0
02-20 16:45:56.244  1051  1075 D audio_hw_primary: adev_create_audio_patch: Capture patch from device 80000004 to mix 462
02-20 16:45:56.244  1051  1075 D audio_hw_primary: update_patch: enter
02-20 16:45:56.244  1051  1075 D audio_hw_primary: route_input_stream: exit: status(0)
02-20 16:45:56.244  1051  1075 D audio_hw_primary: adev_create_audio_patch: Added a new patch with handle 57
02-20 16:45:56.244  1051  1075 E device_utils: update_device_list: Invalid device: 0
02-20 16:45:56.246  1136  6231 D NativePermissionController: checkPermission: missing 13 for 10296
02-20 16:45:56.247  1136  6231 D NativePermissionController: checkPermission: missing 13 for 10296
02-20 16:45:56.247  1136  2150 D NativePermissionController: checkPermission: missing 13 for 10296
02-20 16:45:56.248  1136  2240 D NativePermissionController: checkPermission: missing 13 for 10296
02-20 16:45:56.249  1136  2150 D NativePermissionController: checkPermission: missing 13 for 10296
02-20 16:45:56.250  1051  3070 D audio_hw_primary: start_input_stream: enter: stream(0xf272da00)usecase(23: audio-record)
02-20 16:45:56.250  1051  3070 D audio_hw_primary: select_devices for use case (audio-record)
02-20 16:45:56.250  1051  3070 D audio_hw_primary: select_devices: out_snd_device(0: ) in_snd_device(210: voice-rec-mic)
02-20 16:45:56.250  1051  3070 D ultrasound_extn: ultrasound_select_devices_pre ultrasound_enabled:0 usecase(audio-record), devices:-2147483644 in_snd_device(210, voice-rec-mic), out_snd_device(0, )
02-20 16:45:56.250  1051  3070 D ultrasound_extn: dump_usecase_list: start ======================================
02-20 16:45:56.250  1051  3070 D ultrasound_extn: dump_usecase_list: enter state: 0[init] suspended: 0 stop_reprot: 0 cnt: 0 pre_cnt 0
02-20 16:45:56.250  1051  3070 D ultrasound_extn: dump_usecase_list: select_devices_pre usecase[#0]:(23, audio-record) in_dev:(0, ) out_dv:(0, )
02-20 16:45:56.250  1051  3070 D ultrasound_extn: dump_usecase_list: end ======================================
02-20 16:45:56.250  1051  3070 I msm8974_platform: platform_check_and_set_capture_codec_backend_cfg:txbecf: afe: bitwidth 16, samplerate 16000, channel 1 format 1, backend_idx 9 usecase = 23 device (voice-rec-mic)
02-20 16:45:56.250  1051  3070 I msm8974_platform: platform_check_capture_codec_backend_cfg:txbecf: afe: Codec selected backend: 9 current bit width: 16 and sample rate: 16000, channels 1 format 1
02-20 16:45:56.250  1051  3070 W msm8974_platform: platform_get_backend_index:napb: Invalid device - 0 
02-20 16:45:56.250  1051  3070 I msm8974_platform: platform_check_capture_codec_backend_cfg:txbecf: afe: current backend bit_width 16 sample_rate 48000 channels 1, format 0
02-20 16:45:56.250  1051  3070 I msm8974_platform: platform_check_capture_codec_backend_cfg:txbecf: afe: Codec backend needs to be updated. new bit width: 16 new sample rate: 16000 new channel: 1 new format: 1
02-20 16:45:56.250  1051  3070 I msm8974_platform: platform_set_codec_backend_cfg:becf: afe: bitwidth 16, samplerate 16000 channels 1 format 1, backend_idx 9 device (voice-rec-mic)
02-20 16:45:56.251  1051  3070 D msm8974_platform: platform_set_codec_backend_cfg:becf: afe: TX_CDC_DMA_TX_3 SampleRate set to KHZ_48
02-20 16:45:56.251  1051  3070 D msm8974_platform: platform_get_mixer_control: mixer ctl not obtained
02-20 16:45:56.252  1136  2240 D NativePermissionController: checkPermission: missing 13 for 10296
02-20 16:45:56.252  1136  2240 D NativePermissionController: checkPermission: missing 13 for 10296
02-20 16:45:56.253  1051  3070 D msm8974_platform: platform_get_mixer_control: mixer ctl not obtained
02-20 16:45:56.253  1051  3070 D msm8974_platform: platform_get_mixer_control: mixer ctl not obtained
02-20 16:45:56.254  1051  3070 D msm8974_platform: platform_get_mixer_control: mixer ctl not obtained
02-20 16:45:56.254  1051  3070 D msm8974_platform: platform_get_mixer_control: mixer ctl not obtained
02-20 16:45:56.254  1051  3070 D audio_hw_primary: check_usecases_capture_codec_backend:becf: force routing 1
02-20 16:45:56.254  1051  3070 D hardware_info: hw_info_append_hw_type : device_name = voice-rec-mic
02-20 16:45:56.254  1051  3070 E msm8974_platform: platform_get_snd_device_backend_tag: Invalid backend for device = 210
02-20 16:45:56.254  1051  3070 D msm8974_platform: platform_split_snd_device: snd_device(210) num devices(0) new_snd_devices(0)
02-20 16:45:56.254  1051  3070 D audio_hw_primary: enable_snd_device: snd_device(210: voice-rec-mic)
02-20 16:45:56.254  1051  3070 D msm8974_platform: platform_get_island_cfg_on_device:island cfg status on snd_device = (voice-rec-mic 0)
02-20 16:45:56.254  1051  3070 D soundtrigger: audio HAL using same device 210 as ST
02-20 16:45:56.254  1051  3070 I soundtrigger: audio_extn_sound_trigger_update_device_status: device 0xd2 of type 1 for Event 1, with Raise=0
02-20 16:45:56.254  1051  3070 D audio_route: Apply path: voice-rec-mic
02-20 16:45:56.278  1051  3070 E audio_hw_awinic_feedback: audio_extn_aw882xx_start_feedback: [Ainic] Entry
02-20 16:45:56.278  1051  3070 W audio_hw_awinic_feedback: is_supported_feedback_on_device [Awinic] 210
02-20 16:45:56.278  1051  3070 W audio_hw_awinic_feedback: is_supported_feedback_on_device [Awinic] 210 ret:0 
02-20 16:45:56.278  1051  3070 D soundtrigger: audio HAL using same device 210 as ST
02-20 16:45:56.278  1051  3070 D soundtrigger: audio_extn_sound_trigger_update_stream_status: uc_info->id 23 of type 1 for Event 3, with Raise=1
02-20 16:45:56.278  1051  3070 D soundtrigger: audio_extn_sound_trigger_update_stream_status: send event 13: usecase id 23, type 1
02-20 16:45:56.278  1051  3070 D audio_hw_utils: audio_extn_utils_send_app_type_cfg: usecase->in_snd_device voice-rec-mic
02-20 16:45:56.278  1051  3070 D msm8974_platform: platform_split_snd_device: snd_device(210) num devices(0) new_snd_devices(0)
02-20 16:45:56.278  1051  3070 D audio_hw_utils: audio_extn_btsco_get_sample_rate:Not a BT SCO device, need not update sampling rate
02-20 16:45:56.278  1051  3070 I audio_hw_utils: send_app_type_cfg_for_device CAPTURE app_type 69938, acdb_dev_id 4, sample_rate 48000, snd_device_be_idx 177
02-20 16:45:56.278  1051  3070 D msm8974_platform: platform_split_snd_device: snd_device(210) num devices(1) new_snd_devices(0)
02-20 16:45:56.278  1051  3070 D audio_hw_utils: audio_extn_btsco_get_sample_rate:Not a BT SCO device, need not update sampling rate
02-20 16:45:56.278  1051  3070 D ACDB-LOADER: ACDB -> send_audio_cal, acdb_id = 4, path = 1, app id = 0x11132, sample rate = 48000, afe_sample_rate = 48000
02-20 16:45:56.278  1051  3070 D ACDB-LOADER: ACDB -> send_asm_topology
02-20 16:45:56.278  1051  3070 D ACDB-LOADER: ACDB -> ACDB_CMD_GET_AUDPROC_STREAM_TOPOLOGY_ID
02-20 16:45:56.278  1051  3070 D ACDB-LOADER: ACDB -> send_adm_topology
02-20 16:45:56.278  1051  3070 D ACDB-LOADER: ACDB -> ACDB_CMD_GET_AUDPROC_COMMON_TOPOLOGY_ID
02-20 16:45:56.278  1051  3070 D ACDB-LOADER: ACDB -> send_audtable
02-20 16:45:56.278  1051  3070 D ACDB-LOADER: ACDB -> ACDB_CMD_GET_AUDPROC_INSTANCE_COMMON_TABLE_SIZE
02-20 16:45:56.278  1051  3070 D ACDB-LOADER: ACDB -> ACDB_CMD_GET_AUDPROC_INSTANCE_COMMON_TABLE
02-20 16:45:56.278  1051  3070 D ACDB-LOADER: ACDB -> AUDIO_SET_AUDPROC_CAL cal_type[11] acdb_id[4] app_type[69938]
02-20 16:45:56.278  1051  3070 D ACDB-LOADER: ACDB -> ACDB_CMD_GET_AUDPROC_INSTANCE_STREAM_TABLE_SIZE
02-20 16:45:56.278  1051  3070 D ACDB-LOADER: ACDB -> send_audstrmtable
02-20 16:45:56.278  1051  3070 D ACDB-LOADER: ACDB -> ACDB_CMD_GET_AUDPROC_INSTANCE_STREAM_TABLE
02-20 16:45:56.278  1051  3070 D ACDB-LOADER: ACDB -> audstrm_cal->cal_type.cal_data.cal_size = 20
02-20 16:45:56.278  1051  3070 D ACDB-LOADER: ACDB -> send_afe_topology
02-20 16:45:56.278  1051  3070 D ACDB-LOADER: ACDB -> ACDB_CMD_GET_AFE_TOPOLOGY_ID
02-20 16:45:56.278  1051  3070 D ACDB-LOADER: ACDB -> GET_AFE_TOPOLOGY_ID for adcd_id 4, Topology Id 112fb
02-20 16:45:56.278  1051  3070 D ACDB-LOADER: ACDB -> send_afe_cal
02-20 16:45:56.278  1051  3070 D ACDB-LOADER: ACDB -> ACDB_CMD_GET_AFE_INSTANCE_COMMON_TABLE_SIZE
02-20 16:45:56.278  1051  3070 D android.hardware.audio.service: Failed to fetch the lookup information of the device 00000004 
02-20 16:45:56.278  1051  3070 D ACDB-LOADER: Error: ACDB_CMD_GET_AFE_INSTANCE_COMMON_TABLE_SIZE Returned = -19
02-20 16:45:56.278  1051  3070 D ACDB-LOADER: ACDB -> ACDB_CMD_GET_AFE_INSTANCE_COMMON_TABLE
02-20 16:45:56.278  1051  3070 D android.hardware.audio.service: Failed to fetch the lookup information of the device 00000004 
02-20 16:45:56.278  1051  3070 D ACDB-LOADER: Error: ACDB AFE returned = -19
02-20 16:45:56.278  1051  3070 D ACDB-LOADER: ACDB -> AUDIO_SET_AFE_CAL cal_type[17] acdb_id[4]
02-20 16:45:56.278  1051  3070 D ACDB-LOADER: ACDB -> send_hw_delay : acdb_id = 4 path = 1
02-20 16:45:56.278  1051  3070 D ACDB-LOADER: ACDB -> ACDB_AVSYNC_INFO: ACDB_CMD_GET_DEVICE_PROPERTY
02-20 16:45:56.278  1051  3070 D audio_hw_primary: enable_audio_route: apply mixer and update path: audio-record
02-20 16:45:56.278  1051  3070 D audio_route: Apply path: audio-record
02-20 16:45:56.279  1051  3070 E send_data_to_xlog: send_misound_data_to_xlog: Invalid sound device 0
02-20 16:45:56.279  1051  3070 D ultrasound_extn: ultrasound_select_devices_post: enter: engine_suspended: 0
02-20 16:45:56.279  1051  3070 D ultrasound_extn: dump_usecase_list: start ======================================
02-20 16:45:56.279  1051  3070 D ultrasound_extn: dump_usecase_list: enter state: 0[init] suspended: 0 stop_reprot: 0 cnt: 0 pre_cnt 0
02-20 16:45:56.279  1051  3070 D ultrasound_extn: dump_usecase_list: select_devices_post usecase[#0]:(23, audio-record) in_dev:(210, voice-rec-mic) out_dv:(0, )
02-20 16:45:56.279  1051  3070 D ultrasound_extn: dump_usecase_list: RX_CDC_DMA_RX_0 SampleRate		 KHZ_48
02-20 16:45:56.280  1051  3070 D ultrasound_extn: dump_usecase_list: RX_CDC_DMA_RX_0 Format		 S16_LE
02-20 16:45:56.280  1051  3070 D ultrasound_extn: dump_usecase_list: RX_CDC_DMA_RX_0 Channels		 One
02-20 16:45:56.280  1051  3070 D ultrasound_extn: dump_usecase_list: RX_CDC_DMA_RX_1 SampleRate		 KHZ_96
02-20 16:45:56.278     0     0 E msm_pcm_routing_reg_stream_app_type_cfg: fedai_id 0, session_type 1, be_id 177, app_type 69938, acdb_dev_id 4, sample_rate 48000
02-20 16:45:56.281  1051  3070 D ultrasound_extn: dump_usecase_list: RX_CDC_DMA_RX_1 Format		 S16_LE
02-20 16:45:56.281  1051  3070 D ultrasound_extn: dump_usecase_list: RX_CDC_DMA_RX_1 Channels		 One
02-20 16:45:56.281  1051  3070 D ultrasound_extn: dump_usecase_list: end ======================================
02-20 16:45:56.281  1051  3070 D audio_hw_primary: select_devices: done
02-20 16:45:56.305     0     0 I adm_open: port 0xb037 path:2 rate:48000 mode:2 perf_mode:0,topo_id 0x10000009 bit_width 16 app_type 69938 acdb_id 4
02-20 16:45:56.315  1051  3070 D audio_hw_primary: check_and_set_karaok_parameters: is karaok rx device 0, is karaok tx device 0
02-20 16:45:56.315  1051  3070 D audio_hw_primary: check_and_set_karaok_parameters: is karaok rx device 0, is karaok tx device 0
02-20 16:45:56.315  1051  3070 D audio_hw_primary: start_input_stream: exit
02-20 16:45:56.331  8316  8316 W Choreographer: Frame time is 0.141902 ms in the future!  Check that graphics HAL is generating vsync timestamps using the correct timebase.
02-20 16:45:56.348  1136  2240 D NativePermissionController: checkPermission: missing 13 for 10296
02-20 16:45:56.349  1136  2240 D NativePermissionController: checkPermission: missing 13 for 10296
02-20 16:45:56.351  1136  2240 D NativePermissionController: checkPermission: missing 13 for 10296
02-20 16:45:56.351  1136  2240 D NativePermissionController: checkPermission: missing 13 for 10296
02-20 16:45:56.456  1707  3849 W JobInfo : Job 'com.whatsapp/.infra.push.RegistrationIntentService#4' has a deadline with no functional constraints. The deadline won't improve job execution latency. Consider removing the deadline.
02-20 16:45:56.464  1707  1831 W libprocessgroup: SetCgroup::ExecuteForProcess: failed to open /dev/stune/background/cgroup.procs: No such file or directory
02-20 16:45:56.705     0     0 E         : [GTP-ERR][goodix_power_supply_work:2164] unsupport charger state 4
02-20 16:45:56.705     0     0 I QG-K    : qg_status_change_work: charge_status=4 charge_done=1
02-20 16:45:56.705     0     0 I         : fv calibrate = 0, fv = 4450000
02-20 16:45:56.705     0     0 I pm6150_charger: smblib_set_charge_param: float voltage = 4450000 (0x55)
02-20 16:45:56.706     0     0 I pm6150_charger: smblib_process_thermal_readings: Current temperatures: 	DIE_TEMP: 401,	CONN_TEMP: -400,	SMB_TEMP: -61,	SKIN_TEMP: -61
02-20 16:45:56.706     0     0 I THERMAL_STATUS: 5
02-20 16:45:56.708     0     0 E QCOM-STEPCHG: handle_jeita: BATT_TEMP = 332 FCC = 6000000uA FV = 4470000uV
02-20 16:45:56.709     0     0 E         : ibat_ua =-6713
02-20 16:45:56.712     0     0 I QG-K    : qg_charge_full_update: msoc=100 health=1 charge_full=1 charge_done=1 charge_status=4
02-20 16:45:56.714     0     0 E         : ibat_ua =-6713
02-20 16:45:56.718     0     0 E         : ibat_ua =-6713
02-20 16:45:56.724  2619  2619 D QtiCarrierConfigHelper: WARNING, no carrier configs on phone Id: 0
02-20 16:45:56.724  2619  2619 D QtiCarrierConfigHelper: WARNING, no carrier configs on phone Id: 1
02-20 16:45:56.718     0     0 E         : ibat_ua =-6713
02-20 16:45:57.131  1707  2175 D ActivityManager: freezing 30724 org.omnirom.omnijaws
02-20 16:45:57.134  1707  2222 D InetDiagMessage: Destroyed 0 sockets, proto=IPPROTO_TCP, family=AF_INET, states=14
02-20 16:45:57.135  1707  2222 D InetDiagMessage: Destroyed 0 sockets, proto=IPPROTO_TCP, family=AF_INET6, states=14
02-20 16:45:57.135  1707  2222 D InetDiagMessage: Destroyed live tcp sockets for uids={10268} in 2ms
02-20 16:45:57.935  1074 30687 E WifiHAL : wifi_get_cached_scan_results: Wifi Cached Scan Result not supported by driver
02-20 16:45:57.935  1707  2215 E WifiStaIfaceAidlImpl: getCachedScanData failed with service-specific exception: android.os.ServiceSpecificException:  (code 4)
02-20 16:45:58.465  1707  1778 I system_server: Background concurrent mark compact GC freed 91MB AllocSpace bytes, 82(3688KB) LOS objects, 68% free, 43MB/139MB, paused 1.268ms,8.447ms total 255.961ms
02-20 16:45:58.508  1707  1780 W System  : A resource failed to call release. 
02-20 16:45:58.508  1707  1780 W System  : A resource failed to call release. 
02-20 16:45:58.508  1707  1780 W System  : A resource failed to call release. 
02-20 16:45:58.509  1707  1780 W System  : A resource failed to call release. 
02-20 16:45:58.510  1707  1780 W System  : A resource failed to call release. 
02-20 16:45:58.510  1707  1780 W System  : A resource failed to call release. 
02-20 16:45:58.510  1707  1780 W System  : A resource failed to call release. 
02-20 16:45:58.661  1066  1097 E android.hardware.sensors@1.0-service: ERROR: Fix ultrasound sensor so it does not return error from poll()
02-20 16:45:59.347  8337  8337 D BoundBrokerSvc: onUnbind: Intent { act=com.google.android.gms.clearcut.sampler.service.START dat=chimera-action:/... xflg=0x4 cmp=com.google.android.gms/.chimera.PersistentDirectBootAwareApiService }
02-20 16:45:56.721     0     0 E         : ibat_ua =-6713
02-20 16:45:59.509     0     0 E         : ibat_ua =-12817
02-20 16:45:59.513     0     0 E         : ibat_ua =-12817
02-20 16:45:59.513     0     0 E         : ibat_ua =-12817
02-20 16:45:59.521  2619  2619 D QtiCarrierConfigHelper: WARNING, no carrier configs on phone Id: 0
02-20 16:45:59.521  2619  2619 D QtiCarrierConfigHelper: WARNING, no carrier configs on phone Id: 1
02-20 16:45:59.574  1051  1075 D audio_hw_primary: in_standby: enter: stream (0xf272da00) usecase(23: audio-record)
02-20 16:45:59.517     0     0 E         : ibat_ua =-12817
02-20 16:45:59.577     0     0 I event_handler: reclaimed all bufs
02-20 16:45:59.592  1051  1075 D audio_hw_primary: disable_audio_route: reset and update mixer path: audio-record
02-20 16:45:59.595  1051  1075 D soundtrigger: audio HAL using same device 210 as ST
02-20 16:45:59.595  1051  1075 D soundtrigger: audio_extn_sound_trigger_update_stream_status: uc_info->id 23 of type 1 for Event 2, with Raise=1
02-20 16:45:59.595  1051  1075 D soundtrigger: audio_extn_sound_trigger_update_stream_status: send event 12: usecase id 23, type 1
02-20 16:45:59.595  1051  1075 D hardware_info: hw_info_append_hw_type : device_name = voice-rec-mic
02-20 16:45:59.595  1051  1075 D audio_hw_primary: disable_snd_device: snd_device(210: voice-rec-mic)
02-20 16:45:59.595  1051  1075 E msm8974_platform: platform_get_snd_device_backend_tag: Invalid backend for device = 210
02-20 16:45:59.595  1051  1075 D msm8974_platform: platform_split_snd_device: snd_device(210) num devices(0) new_snd_devices(0)
02-20 16:45:59.595  1051  1075 W audio_hw_awinic_feedback: is_supported_feedback_on_device [Awinic] 210
02-20 16:45:59.595  1051  1075 W audio_hw_awinic_feedback: is_supported_feedback_on_device [Awinic] 210 ret:0 
02-20 16:45:59.611  1051  1075 D soundtrigger: audio HAL using same device 210 as ST
02-20 16:45:59.611  1051  1075 I soundtrigger: audio_extn_sound_trigger_update_device_status: device 0xd2 of type 1 for Event 0, with Raise=0
02-20 16:45:59.614  1051  6228 D audio_hw_primary: adev_release_audio_patch: Remove patch with handle 57
02-20 16:45:59.614  1051  6228 D audio_hw_primary: route_input_stream: exit: status(0)
02-20 16:45:59.616  1136  6231 D NativePermissionController: checkPermission: missing 13 for 10296
02-20 16:45:59.620  1051  6228 D audio_hw_primary: adev_close_input_stream: enter:stream_handle(0xf272da00)
02-20 16:45:59.620  1051  6228 D audio_hw_primary: io_streams_map_remove: Removed stream with handle 462
02-20 16:45:59.620  1051  6228 D soundtrigger: audio_extn_sound_trigger_check_ec_ref_enable: EC Reference is disabled
02-20 16:45:59.620  1051  6228 D soundtrigger: audio_extn_sound_trigger_update_ec_ref_status: update audio echo ref status false
02-20 16:45:59.620  1051  6228 D audio_hw_primary: in_standby: enter: stream (0xf272da00) usecase(23: audio-record)
02-20 16:45:59.621  1136 16641 D NativePermissionController: checkPermission: missing 13 for 10296
02-20 16:45:59.623  1136  6231 D NativePermissionController: checkPermission: missing 13 for 10296
02-20 16:45:59.623  1136  2240 D NativePermissionController: checkPermission: missing 13 for 10296
02-20 16:45:59.625  1136  2150 D NativePermissionController: checkPermission: missing 13 for 10296
02-20 16:45:59.625  1136  2150 D NativePermissionController: checkPermission: missing 13 for 10296
02-20 16:45:59.626  1136  2150 D NativePermissionController: checkPermission: missing 13 for 10296
02-20 16:45:59.627  1136  2150 D NativePermissionController: checkPermission: missing 13 for 10296
02-20 16:45:59.630  1136  2150 D NativePermissionController: checkPermission: missing 13 for 10296
02-20 16:45:59.630  1136  2150 D NativePermissionController: checkPermission: missing 13 for 10296
02-20 16:45:59.710  1261  1261 I SpeechTranslation: VAD merged segments=[(0,51712)]
02-20 16:45:59.710  1261  1261 I SpeechTranslation: VAD final segment count=1
02-20 16:45:59.711  1261  1261 I SpeechTranslation: Whisper load start
02-20 16:45:59.949  1261  1261 I SpeechTranslation: Whisper infer start
